#-----------------------------------------------------------
# Vivado v2024.2 (64-bit)
# SW Build 5239630 on Fri Nov 08 22:35:27 MST 2024
# IP Build 5239520 on Sun Nov 10 16:12:51 MST 2024
# SharedData Build 5239561 on Fri Nov 08 14:39:27 MST 2024
# Start of session at: Mon May 11 23:59:41 2026
# Process ID         : 28340
# Current directory  : D:/workspace/zynq_pov
# Command line       : vivado.exe -mode batch -source D:\workspace\zynq_pov\tools\bd_4x_resynth.tcl -log bd_4x_resynth.log -journal bd_4x_resynth.jou
# Log file           : D:/workspace/zynq_pov/bd_4x_resynth.log
# Journal file       : D:/workspace/zynq_pov\bd_4x_resynth.jou
# Running On         : DESKTOP-O1VQ95V
# Platform           : Windows Server 2016 or Windows 10
# Operating System   : 26200
# Processor Detail   : Intel(R) Core(TM) Ultra 7 255HX
# CPU Frequency      : 2880 MHz
# CPU Physical cores : 20
# CPU Logical cores  : 20
# Host memory        : 33960 MB
# Swap memory        : 13810 MB
# Total Virtual      : 47771 MB
# Available Virtual  : 9626 MB
#-----------------------------------------------------------
source {D:\workspace\zynq_pov\tools\bd_4x_resynth.tcl}
