Copyright 1986-2022 Xilinx, Inc. All Rights Reserved. Copyright 2022-2024 Advanced Micro Devices, Inc. All Rights Reserved.
----------------------------------------------------------------------------------------------------------------------------------------------
| Tool Version : Vivado v.2024.2 (win64) Build 5239630 Fri Nov 08 22:35:27 MST 2024
| Date         : Tue Sep  1 20:17:34 2026
| Host         : PC-W003SS3G0143 running 64-bit major release  (build 9200)
| Command      : report_timing_summary -file D:/claude_workspace/pov3d/zynq_pov/icnd2260/build_dbg_ph0/icnd2260_lvds_dbg_div32_ph0.timing.rpt
| Design       : icnd2260_lxb_lvds_top
| Device       : 7z020-clg484
| Speed File   : -1  PRODUCTION 1.12 2019-11-22
| Design State : Routed
----------------------------------------------------------------------------------------------------------------------------------------------

Timing Summary Report

------------------------------------------------------------------------------------------------
| Timer Settings
| --------------
------------------------------------------------------------------------------------------------

  Enable Multi Corner Analysis               :  Yes
  Enable Pessimism Removal                   :  Yes
  Pessimism Removal Resolution               :  Nearest Common Node
  Enable Input Delay Default Clock           :  No
  Enable Preset / Clear Arcs                 :  No
  Disable Flight Delays                      :  No
  Ignore I/O Paths                           :  No
  Timing Early Launch at Borrowing Latches   :  No
  Borrow Time for Max Delay Exceptions       :  Yes
  Merge Timing Exceptions                    :  Yes
  Inter-SLR Compensation                     :  Conservative

  Corner  Analyze    Analyze    
  Name    Max Paths  Min Paths  
  ------  ---------  ---------  
  Slow    Yes        Yes        
  Fast    Yes        Yes        


------------------------------------------------------------------------------------------------
| Report Methodology
| ------------------
------------------------------------------------------------------------------------------------

No report available as report_methodology has not been run prior. Run report_methodology on the current design for the summary of methodology violations.



check_timing report

Table of Contents
-----------------
1. checking no_clock (0)
2. checking constant_clock (0)
3. checking pulse_width_clock (0)
4. checking unconstrained_internal_endpoints (0)
5. checking no_input_delay (1)
6. checking no_output_delay (7)
7. checking multiple_clock (0)
8. checking generated_clocks (0)
9. checking loops (0)
10. checking partial_input_delay (0)
11. checking partial_output_delay (0)
12. checking latch_loops (0)

1. checking no_clock (0)
------------------------
 There are 0 register/latch pins with no clock.


2. checking constant_clock (0)
------------------------------
 There are 0 register/latch pins with constant_clock.


3. checking pulse_width_clock (0)
---------------------------------
 There are 0 register/latch pins which need pulse_width check


4. checking unconstrained_internal_endpoints (0)
------------------------------------------------
 There are 0 pins that are not constrained for maximum delay.

 There are 0 pins that are not constrained for maximum delay due to constant clock.


5. checking no_input_delay (1)
------------------------------
 There are 0 input ports with no input delay specified.

 There is 1 input port with no input delay but user has a false path constraint. (MEDIUM)


6. checking no_output_delay (7)
-------------------------------
 There are 0 ports with no output delay specified.

 There are 6 ports with no output delay but user has a false path constraint (MEDIUM)

 There is 1 port with no output delay but with a timing clock defined on it or propagating through it (LOW)


7. checking multiple_clock (0)
------------------------------
 There are 0 register/latch pins with multiple clocks.


8. checking generated_clocks (0)
--------------------------------
 There are 0 generated clocks that are not connected to a clock source.


9. checking loops (0)
---------------------
 There are 0 combinational loops in the design.


10. checking partial_input_delay (0)
------------------------------------
 There are 0 input ports with partial input delay specified.


11. checking partial_output_delay (0)
-------------------------------------
 There are 0 ports with partial output delay specified.


12. checking latch_loops (0)
----------------------------
 There are 0 combinational latch loops in the design through latch input



------------------------------------------------------------------------------------------------
| Design Timing Summary
| ---------------------
------------------------------------------------------------------------------------------------

    WNS(ns)      TNS(ns)  TNS Failing Endpoints  TNS Total Endpoints      WHS(ns)      THS(ns)  THS Failing Endpoints  THS Total Endpoints     WPWS(ns)     TPWS(ns)  TPWS Failing Endpoints  TPWS Total Endpoints  
    -------      -------  ---------------------  -------------------      -------      -------  ---------------------  -------------------     --------     --------  ----------------------  --------------------  
     16.208        0.000                      0                 6061      -15.808      -47.395                      3                 6045        7.000        0.000                       0                  2960  


Timing constraints are not met.


------------------------------------------------------------------------------------------------
| Clock Summary
| -------------
------------------------------------------------------------------------------------------------

Clock                                                                                       Waveform(ns)       Period(ns)      Frequency(MHz)
-----                                                                                       ------------       ----------      --------------
clk50                                                                                       {0.000 10.000}     20.000          50.000          
  clkbit90_raw                                                                              {0.000 16.000}     32.000          31.250          
    lvds_ck                                                                                 {0.000 16.000}     32.000          31.250          
  clkbit_raw                                                                                {0.000 16.000}     32.000          31.250          
  clkfb                                                                                     {0.000 10.000}     20.000          50.000          
dbg_hub/inst/BSCANID.u_xsdbm_id/SWITCH_N_EXT_BSCAN.bscan_inst/SERIES7_BSCAN.bscan_inst/TCK  {0.000 16.500}     33.000          30.303          


------------------------------------------------------------------------------------------------
| Intra Clock Table
| -----------------
------------------------------------------------------------------------------------------------

Clock                                                                                           WNS(ns)      TNS(ns)  TNS Failing Endpoints  TNS Total Endpoints      WHS(ns)      THS(ns)  THS Failing Endpoints  THS Total Endpoints     WPWS(ns)     TPWS(ns)  TPWS Failing Endpoints  TPWS Total Endpoints  
-----                                                                                           -------      -------  ---------------------  -------------------      -------      -------  ---------------------  -------------------     --------     --------  ----------------------  --------------------  
clk50                                                                                                                                                                                                                                         7.000        0.000                       0                     1  
  clkbit90_raw                                                                                                                                                                                                                               29.845        0.000                       0                     3  
  clkbit_raw                                                                                     20.337        0.000                      0                 4906        0.068        0.000                      0                 4906       14.750        0.000                       0                  2470  
  clkfb                                                                                                                                                                                                                                      17.845        0.000                       0                     3  
dbg_hub/inst/BSCANID.u_xsdbm_id/SWITCH_N_EXT_BSCAN.bscan_inst/SERIES7_BSCAN.bscan_inst/TCK       26.296        0.000                      0                  928        0.097        0.000                      0                  928       15.250        0.000                       0                   483  


------------------------------------------------------------------------------------------------
| Inter Clock Table
| -----------------
------------------------------------------------------------------------------------------------

From Clock                                                                                  To Clock                                                                                        WNS(ns)      TNS(ns)  TNS Failing Endpoints  TNS Total Endpoints      WHS(ns)      THS(ns)  THS Failing Endpoints  THS Total Endpoints  
----------                                                                                  --------                                                                                        -------      -------  ---------------------  -------------------      -------      -------  ---------------------  -------------------  
clkbit_raw                                                                                  clkbit90_raw                                                                                     26.450        0.000                      0                    3        0.422        0.000                      0                    3  
clkbit_raw                                                                                  lvds_ck                                                                                          16.208        0.000                      0                    3      -15.808      -47.395                      3                    3  
dbg_hub/inst/BSCANID.u_xsdbm_id/SWITCH_N_EXT_BSCAN.bscan_inst/SERIES7_BSCAN.bscan_inst/TCK  clkbit_raw                                                                                       31.432        0.000                      0                    8                                                                        
clkbit_raw                                                                                  dbg_hub/inst/BSCANID.u_xsdbm_id/SWITCH_N_EXT_BSCAN.bscan_inst/SERIES7_BSCAN.bscan_inst/TCK       30.422        0.000                      0                    8                                                                        


------------------------------------------------------------------------------------------------
| Other Path Groups Table
| -----------------------
------------------------------------------------------------------------------------------------

Path Group                                                                                  From Clock                                                                                  To Clock                                                                                        WNS(ns)      TNS(ns)  TNS Failing Endpoints  TNS Total Endpoints      WHS(ns)      THS(ns)  THS Failing Endpoints  THS Total Endpoints  
----------                                                                                  ----------                                                                                  --------                                                                                        -------      -------  ---------------------  -------------------      -------      -------  ---------------------  -------------------  
**async_default**                                                                           clkbit_raw                                                                                  clkbit_raw                                                                                       28.627        0.000                      0                  105        0.216        0.000                      0                  105  
**async_default**                                                                           dbg_hub/inst/BSCANID.u_xsdbm_id/SWITCH_N_EXT_BSCAN.bscan_inst/SERIES7_BSCAN.bscan_inst/TCK  dbg_hub/inst/BSCANID.u_xsdbm_id/SWITCH_N_EXT_BSCAN.bscan_inst/SERIES7_BSCAN.bscan_inst/TCK       28.610        0.000                      0                  100        0.176        0.000                      0                  100  


------------------------------------------------------------------------------------------------
| Timing Details
| --------------
------------------------------------------------------------------------------------------------


---------------------------------------------------------------------------------------------------
From Clock:  clk50
  To Clock:  clk50

Setup :           NA  Failing Endpoints,  Worst Slack           NA  ,  Total Violation           NA
Hold  :           NA  Failing Endpoints,  Worst Slack           NA  ,  Total Violation           NA
PW    :            0  Failing Endpoints,  Worst Slack        7.000ns,  Total Violation        0.000ns
---------------------------------------------------------------------------------------------------


Pulse Width Checks
--------------------------------------------------------------------------------------
Clock Name:         clk50
Waveform(ns):       { 0.000 10.000 }
Period(ns):         20.000
Sources:            { clk50 }

Check Type        Corner  Lib Pin            Reference Pin  Required(ns)  Actual(ns)  Slack(ns)  Location         Pin
Min Period        n/a     MMCME2_ADV/CLKIN1  n/a            1.249         20.000      18.751     MMCME2_ADV_X1Y1  u_mmcm/CLKIN1
Max Period        n/a     MMCME2_ADV/CLKIN1  n/a            100.000       20.000      80.000     MMCME2_ADV_X1Y1  u_mmcm/CLKIN1
Low Pulse Width   Slow    MMCME2_ADV/CLKIN1  n/a            3.000         10.000      7.000      MMCME2_ADV_X1Y1  u_mmcm/CLKIN1
High Pulse Width  Slow    MMCME2_ADV/CLKIN1  n/a            3.000         10.000      7.000      MMCME2_ADV_X1Y1  u_mmcm/CLKIN1



---------------------------------------------------------------------------------------------------
From Clock:  clkbit90_raw
  To Clock:  clkbit90_raw

Setup :           NA  Failing Endpoints,  Worst Slack           NA  ,  Total Violation           NA
Hold  :           NA  Failing Endpoints,  Worst Slack           NA  ,  Total Violation           NA
PW    :            0  Failing Endpoints,  Worst Slack       29.845ns,  Total Violation        0.000ns
---------------------------------------------------------------------------------------------------


Pulse Width Checks
--------------------------------------------------------------------------------------
Clock Name:         clkbit90_raw
Waveform(ns):       { 0.000 16.000 }
Period(ns):         32.000
Sources:            { u_mmcm/CLKOUT1 }

Check Type  Corner  Lib Pin             Reference Pin  Required(ns)  Actual(ns)  Slack(ns)  Location         Pin
Min Period  n/a     BUFG/I              n/a            2.155         32.000      29.845     BUFGCTRL_X0Y17   u_bufg_90/I
Max Period  n/a     MMCME2_ADV/CLKOUT1  n/a            213.360       32.000      181.360    MMCME2_ADV_X1Y1  u_mmcm/CLKOUT1



---------------------------------------------------------------------------------------------------
From Clock:  clkbit_raw
  To Clock:  clkbit_raw

Setup :            0  Failing Endpoints,  Worst Slack       20.337ns,  Total Violation        0.000ns
Hold  :            0  Failing Endpoints,  Worst Slack        0.068ns,  Total Violation        0.000ns
PW    :            0  Failing Endpoints,  Worst Slack       14.750ns,  Total Violation        0.000ns
---------------------------------------------------------------------------------------------------


Max Delay Paths
--------------------------------------------------------------------------------------
Slack (MET) :             20.337ns  (required time - arrival time)
  Source:                 u_seq/src_reg[1]/C
                            (rising edge-triggered cell FDSE clocked by clkbit_raw  {rise@0.000ns fall@16.000ns period=32.000ns})
  Destination:            fb_rom_q_reg_2/ADDRARDADDR[12]
                            (rising edge-triggered cell RAMB36E1 clocked by clkbit_raw  {rise@0.000ns fall@16.000ns period=32.000ns})
  Path Group:             clkbit_raw
  Path Type:              Setup (Max at Slow Process Corner)
  Requirement:            32.000ns  (clkbit_raw rise@32.000ns - clkbit_raw rise@0.000ns)
  Data Path Delay:        10.870ns  (logic 2.263ns (20.819%)  route 8.607ns (79.181%))
  Logic Levels:           8  (CARRY4=3 LUT2=1 LUT5=2 LUT6=2)
  Clock Path Skew:        0.056ns (DCD - SCD + CPR)
    Destination Clock Delay (DCD):    -1.491ns = ( 30.509 - 32.000 ) 
    Source Clock Delay      (SCD):    -0.972ns
    Clock Pessimism Removal (CPR):    0.576ns
  Clock Uncertainty:      0.101ns  ((TSJ^2 + DJ^2)^1/2) / 2 + PE
    Total System Jitter     (TSJ):    0.071ns
    Discrete Jitter          (DJ):    0.190ns
    Phase Error              (PE):    0.000ns

    Location             Delay type                Incr(ns)  Path(ns)    Netlist Resource(s)
  -------------------------------------------------------------------    -------------------
                         (clock clkbit_raw rise edge)
                                                      0.000     0.000 r  
    M19                                               0.000     0.000 r  clk50 (IN)
                         net (fo=0)                   0.000     0.000    clk50
    M19                  IBUF (Prop_ibuf_I_O)         1.436     1.436 r  clk50_IBUF_inst/O
                         net (fo=1, routed)           1.285     2.721    clk50_IBUF
    MMCME2_ADV_X1Y1      MMCME2_ADV (Prop_mmcme2_adv_CLKIN1_CLKOUT0)
                                                     -7.406    -4.685 r  u_mmcm/CLKOUT0
                         net (fo=1, routed)           1.889    -2.796    clkbit_raw
    BUFGCTRL_X0Y16       BUFG (Prop_bufg_I_O)         0.101    -2.695 r  u_bufg_0/O
                         net (fo=2468, routed)        1.723    -0.972    u_seq/clk
    SLICE_X74Y31         FDSE                                         r  u_seq/src_reg[1]/C
  -------------------------------------------------------------------    -------------------
    SLICE_X74Y31         FDSE (Prop_fdse_C_Q)         0.456    -0.516 f  u_seq/src_reg[1]/Q
                         net (fo=52, routed)          1.899     1.383    u_seq/src_reg_n_0_[1]
    SLICE_X61Y8          LUT5 (Prop_lut5_I3_O)        0.124     1.507 f  u_seq/pl_last_INST_0_i_4/O
                         net (fo=1, routed)           0.616     2.124    u_seq/pl_last_INST_0_i_4_n_0
    SLICE_X62Y4          LUT6 (Prop_lut6_I5_O)        0.124     2.248 f  u_seq/pl_last_INST_0_i_1/O
                         net (fo=1, routed)           1.314     3.562    u_seq/pl_last_INST_0_i_1_n_0
    SLICE_X68Y32         LUT6 (Prop_lut6_I0_O)        0.124     3.686 f  u_seq/pl_last_INST_0/O
                         net (fo=2, routed)           0.959     4.645    u_tx/pl_last
    SLICE_X81Y35         LUT5 (Prop_lut5_I3_O)        0.150     4.795 r  u_tx/pl_next_INST_0/O
                         net (fo=15, routed)          2.017     6.812    u_seq/pl_next
    SLICE_X60Y4          LUT2 (Prop_lut2_I1_O)        0.326     7.138 r  u_seq/fb_addr[0]_INST_0_i_1/O
                         net (fo=1, routed)           0.000     7.138    u_seq/fb_addr[0]_INST_0_i_1_n_0
    SLICE_X60Y4          CARRY4 (Prop_carry4_S[0]_CO[3])
                                                      0.532     7.670 r  u_seq/fb_addr[0]_INST_0/CO[3]
                         net (fo=1, routed)           0.000     7.670    u_seq/fb_addr[0]_INST_0_n_0
    SLICE_X60Y5          CARRY4 (Prop_carry4_CI_CO[3])
                                                      0.114     7.784 r  u_seq/fb_addr[4]_INST_0/CO[3]
                         net (fo=1, routed)           0.000     7.784    u_seq/fb_addr[4]_INST_0_n_0
    SLICE_X60Y6          CARRY4 (Prop_carry4_CI_O[3])
                                                      0.313     8.097 r  u_seq/fb_addr[8]_INST_0/O[3]
                         net (fo=4, routed)           1.801     9.898    fb_addr[11]
    RAMB36_X4Y0          RAMB36E1                                     r  fb_rom_q_reg_2/ADDRARDADDR[12]
  -------------------------------------------------------------------    -------------------

                         (clock clkbit_raw rise edge)
                                                     32.000    32.000 r  
    M19                                               0.000    32.000 r  clk50 (IN)
                         net (fo=0)                   0.000    32.000    clk50
    M19                  IBUF (Prop_ibuf_I_O)         1.366    33.366 r  clk50_IBUF_inst/O
                         net (fo=1, routed)           1.162    34.528    clk50_IBUF
    MMCME2_ADV_X1Y1      MMCME2_ADV (Prop_mmcme2_adv_CLKIN1_CLKOUT0)
                                                     -7.500    27.028 r  u_mmcm/CLKOUT0
                         net (fo=1, routed)           1.725    28.753    clkbit_raw
    BUFGCTRL_X0Y16       BUFG (Prop_bufg_I_O)         0.091    28.844 r  u_bufg_0/O
                         net (fo=2468, routed)        1.665    30.509    clkbit
    RAMB36_X4Y0          RAMB36E1                                     r  fb_rom_q_reg_2/CLKARDCLK
                         clock pessimism              0.576    31.085    
                         clock uncertainty           -0.101    30.983    
    RAMB36_X4Y0          RAMB36E1 (Setup_ramb36e1_CLKARDCLK_ADDRARDADDR[12])
                                                     -0.748    30.235    fb_rom_q_reg_2
  -------------------------------------------------------------------
                         required time                         30.235    
                         arrival time                          -9.898    
  -------------------------------------------------------------------
                         slack                                 20.337    





Min Delay Paths
--------------------------------------------------------------------------------------
Slack (MET) :             0.068ns  (arrival time - required time)
  Source:                 <hidden>
                            (rising edge-triggered cell FDRE clocked by clkbit_raw  {rise@0.000ns fall@16.000ns period=32.000ns})
  Destination:            u_seq/reg_rom_reg_128_191_3_5/RAMA/WADR4
                            (rising edge-triggered cell RAMD64E clocked by clkbit_raw  {rise@0.000ns fall@16.000ns period=32.000ns})
  Path Group:             clkbit_raw
  Path Type:              Hold (Min at Fast Process Corner)
  Requirement:            0.000ns  (clkbit_raw rise@0.000ns - clkbit_raw rise@0.000ns)
  Data Path Delay:        0.298ns  (logic 0.141ns (47.237%)  route 0.157ns (52.763%))
  Logic Levels:           0  
  Clock Path Skew:        0.030ns (DCD - SCD - CPR)
    Destination Clock Delay (DCD):    -0.909ns
    Source Clock Delay      (SCD):    -0.662ns
    Clock Pessimism Removal (CPR):    -0.277ns

    Location             Delay type                Incr(ns)  Path(ns)    Netlist Resource(s)
  -------------------------------------------------------------------    -------------------
                         (clock clkbit_raw rise edge)
                                                      0.000     0.000 r  
    M19                                               0.000     0.000 r  clk50 (IN)
                         net (fo=0)                   0.000     0.000    clk50
    M19                  IBUF (Prop_ibuf_I_O)         0.205     0.205 r  clk50_IBUF_inst/O
                         net (fo=1, routed)           0.440     0.645    clk50_IBUF
    MMCME2_ADV_X1Y1      MMCME2_ADV (Prop_mmcme2_adv_CLKIN1_CLKOUT0)
                                                     -2.444    -1.799 r  u_mmcm/CLKOUT0
                         net (fo=1, routed)           0.529    -1.270    clkbit_raw
    BUFGCTRL_X0Y16       BUFG (Prop_bufg_I_O)         0.026    -1.244 r  u_bufg_0/O
                         net (fo=2468, routed)        0.582    -0.662    <hidden>
    SLICE_X68Y33         FDRE                                         r  <hidden>
  -------------------------------------------------------------------    -------------------
    SLICE_X68Y33         FDRE (Prop_fdre_C_Q)         0.141    -0.521 r  <hidden>
                         net (fo=112, routed)         0.157    -0.364    u_seq/reg_rom_reg_128_191_3_5/ADDRD4
    SLICE_X66Y32         RAMD64E                                      r  u_seq/reg_rom_reg_128_191_3_5/RAMA/WADR4
  -------------------------------------------------------------------    -------------------

                         (clock clkbit_raw rise edge)
                                                      0.000     0.000 r  
    M19                                               0.000     0.000 r  clk50 (IN)
                         net (fo=0)                   0.000     0.000    clk50
    M19                  IBUF (Prop_ibuf_I_O)         0.392     0.392 r  clk50_IBUF_inst/O
                         net (fo=1, routed)           0.480     0.872    clk50_IBUF
    MMCME2_ADV_X1Y1      MMCME2_ADV (Prop_mmcme2_adv_CLKIN1_CLKOUT0)
                                                     -3.231    -2.359 r  u_mmcm/CLKOUT0
                         net (fo=1, routed)           0.576    -1.783    clkbit_raw
    BUFGCTRL_X0Y16       BUFG (Prop_bufg_I_O)         0.029    -1.754 r  u_bufg_0/O
                         net (fo=2468, routed)        0.845    -0.909    u_seq/reg_rom_reg_128_191_3_5/WCLK
    SLICE_X66Y32         RAMD64E                                      r  u_seq/reg_rom_reg_128_191_3_5/RAMA/CLK
                         clock pessimism              0.277    -0.632    
    SLICE_X66Y32         RAMD64E (Hold_ramd64e_CLK_WADR4)
                                                      0.200    -0.432    u_seq/reg_rom_reg_128_191_3_5/RAMA
  -------------------------------------------------------------------
                         required time                          0.432    
                         arrival time                          -0.364    
  -------------------------------------------------------------------
                         slack                                  0.068    





Pulse Width Checks
--------------------------------------------------------------------------------------
Clock Name:         clkbit_raw
Waveform(ns):       { 0.000 16.000 }
Period(ns):         32.000
Sources:            { u_mmcm/CLKOUT0 }

Check Type        Corner  Lib Pin             Reference Pin  Required(ns)  Actual(ns)  Slack(ns)  Location         Pin
Min Period        n/a     RAMB36E1/CLKARDCLK  n/a            2.576         32.000      29.424     RAMB36_X3Y0      fb_rom_q_reg_0/CLKARDCLK
Max Period        n/a     MMCME2_ADV/CLKOUT0  n/a            213.360       32.000      181.360    MMCME2_ADV_X1Y1  u_mmcm/CLKOUT0
Low Pulse Width   Slow    RAMD32/CLK          n/a            1.250         16.000      14.750     SLICE_X58Y34     dbg_hub/inst/BSCANID.u_xsdbm_id/CORE_XSDB.UUT_MASTER/U_ICON_INTERFACE/U_CMD6_RD/U_RD_FIFO/SUBCORE_FIFO.xsdbm_v3_0_3_rdfifo_inst/inst_fifo_gen/gconvfifo.rf/grf.rf/gntv_or_sync_fifo.mem/gdm.dm_gen.dm/RAM_reg_0_15_0_5/RAMA/CLK
High Pulse Width  Slow    RAMD32/CLK          n/a            1.250         16.000      14.750     SLICE_X58Y34     dbg_hub/inst/BSCANID.u_xsdbm_id/CORE_XSDB.UUT_MASTER/U_ICON_INTERFACE/U_CMD6_RD/U_RD_FIFO/SUBCORE_FIFO.xsdbm_v3_0_3_rdfifo_inst/inst_fifo_gen/gconvfifo.rf/grf.rf/gntv_or_sync_fifo.mem/gdm.dm_gen.dm/RAM_reg_0_15_0_5/RAMA/CLK



---------------------------------------------------------------------------------------------------
From Clock:  clkfb
  To Clock:  clkfb

Setup :           NA  Failing Endpoints,  Worst Slack           NA  ,  Total Violation           NA
Hold  :           NA  Failing Endpoints,  Worst Slack           NA  ,  Total Violation           NA
PW    :            0  Failing Endpoints,  Worst Slack       17.845ns,  Total Violation        0.000ns
---------------------------------------------------------------------------------------------------


Pulse Width Checks
--------------------------------------------------------------------------------------
Clock Name:         clkfb
Waveform(ns):       { 0.000 10.000 }
Period(ns):         20.000
Sources:            { u_mmcm/CLKFBOUT }

Check Type  Corner  Lib Pin             Reference Pin  Required(ns)  Actual(ns)  Slack(ns)  Location         Pin
Min Period  n/a     BUFG/I              n/a            2.155         20.000      17.845     BUFGCTRL_X0Y18   u_bufg_fb/I
Max Period  n/a     MMCME2_ADV/CLKFBIN  n/a            100.000       20.000      80.000     MMCME2_ADV_X1Y1  u_mmcm/CLKFBIN



---------------------------------------------------------------------------------------------------
From Clock:  dbg_hub/inst/BSCANID.u_xsdbm_id/SWITCH_N_EXT_BSCAN.bscan_inst/SERIES7_BSCAN.bscan_inst/TCK
  To Clock:  dbg_hub/inst/BSCANID.u_xsdbm_id/SWITCH_N_EXT_BSCAN.bscan_inst/SERIES7_BSCAN.bscan_inst/TCK

Setup :            0  Failing Endpoints,  Worst Slack       26.296ns,  Total Violation        0.000ns
Hold  :            0  Failing Endpoints,  Worst Slack        0.097ns,  Total Violation        0.000ns
PW    :            0  Failing Endpoints,  Worst Slack       15.250ns,  Total Violation        0.000ns
---------------------------------------------------------------------------------------------------


Max Delay Paths
--------------------------------------------------------------------------------------
Slack (MET) :             26.296ns  (required time - arrival time)
  Source:                 dbg_hub/inst/BSCANID.u_xsdbm_id/SWITCH_N_EXT_BSCAN.bscan_switch/state_reg[0]/C
                            (rising edge-triggered cell FDRE clocked by dbg_hub/inst/BSCANID.u_xsdbm_id/SWITCH_N_EXT_BSCAN.bscan_inst/SERIES7_BSCAN.bscan_inst/TCK  {rise@0.000ns fall@16.500ns period=33.000ns})
  Destination:            dbg_hub/inst/BSCANID.u_xsdbm_id/SWITCH_N_EXT_BSCAN.bscan_switch/portno_temp_reg[1]/D
                            (rising edge-triggered cell FDRE clocked by dbg_hub/inst/BSCANID.u_xsdbm_id/SWITCH_N_EXT_BSCAN.bscan_inst/SERIES7_BSCAN.bscan_inst/TCK  {rise@0.000ns fall@16.500ns period=33.000ns})
  Path Group:             dbg_hub/inst/BSCANID.u_xsdbm_id/SWITCH_N_EXT_BSCAN.bscan_inst/SERIES7_BSCAN.bscan_inst/TCK
  Path Type:              Setup (Max at Slow Process Corner)
  Requirement:            33.000ns  (dbg_hub/inst/BSCANID.u_xsdbm_id/SWITCH_N_EXT_BSCAN.bscan_inst/SERIES7_BSCAN.bscan_inst/TCK rise@33.000ns - dbg_hub/inst/BSCANID.u_xsdbm_id/SWITCH_N_EXT_BSCAN.bscan_inst/SERIES7_BSCAN.bscan_inst/TCK rise@0.000ns)
  Data Path Delay:        6.675ns  (logic 2.206ns (33.047%)  route 4.469ns (66.953%))
  Logic Levels:           6  (CARRY4=2 LUT3=1 LUT4=1 LUT5=1 LUT6=1)
  Clock Path Skew:        -0.022ns (DCD - SCD + CPR)
    Destination Clock Delay (DCD):    3.639ns = ( 36.639 - 33.000 ) 
    Source Clock Delay      (SCD):    4.136ns
    Clock Pessimism Removal (CPR):    0.475ns
  Clock Uncertainty:      0.035ns  ((TSJ^2 + TIJ^2)^1/2 + DJ) / 2 + PE
    Total System Jitter     (TSJ):    0.071ns
    Total Input Jitter      (TIJ):    0.000ns
    Discrete Jitter          (DJ):    0.000ns
    Phase Error              (PE):    0.000ns

    Location             Delay type                Incr(ns)  Path(ns)    Netlist Resource(s)
  -------------------------------------------------------------------    -------------------
                         (clock dbg_hub/inst/BSCANID.u_xsdbm_id/SWITCH_N_EXT_BSCAN.bscan_inst/SERIES7_BSCAN.bscan_inst/TCK rise edge)
                                                      0.000     0.000 r  
    BSCAN_X0Y0           BSCANE2                      0.000     0.000 r  dbg_hub/inst/BSCANID.u_xsdbm_id/SWITCH_N_EXT_BSCAN.bscan_inst/SERIES7_BSCAN.bscan_inst/TCK
                         net (fo=1, routed)           2.306     2.306    dbg_hub/inst/BSCANID.u_xsdbm_id/tck_bs
    BUFGCTRL_X0Y0        BUFG (Prop_bufg_I_O)         0.101     2.407 r  dbg_hub/inst/BSCANID.u_xsdbm_id/SWITCH_N_EXT_BSCAN.u_bufg_icon_tck/O
                         net (fo=482, routed)         1.729     4.136    dbg_hub/inst/BSCANID.u_xsdbm_id/SWITCH_N_EXT_BSCAN.bscan_switch/s_bscan_tck
    SLICE_X65Y45         FDRE                                         r  dbg_hub/inst/BSCANID.u_xsdbm_id/SWITCH_N_EXT_BSCAN.bscan_switch/state_reg[0]/C
  -------------------------------------------------------------------    -------------------
    SLICE_X65Y45         FDRE (Prop_fdre_C_Q)         0.419     4.555 r  dbg_hub/inst/BSCANID.u_xsdbm_id/SWITCH_N_EXT_BSCAN.bscan_switch/state_reg[0]/Q
                         net (fo=50, routed)          1.888     6.443    dbg_hub/inst/BSCANID.u_xsdbm_id/SWITCH_N_EXT_BSCAN.bscan_switch/state[0]
    SLICE_X60Y45         LUT4 (Prop_lut4_I1_O)        0.327     6.770 r  dbg_hub/inst/BSCANID.u_xsdbm_id/SWITCH_N_EXT_BSCAN.bscan_switch/curid_inferred_i_21/O
                         net (fo=2, routed)           0.758     7.528    dbg_hub/inst/BSCANID.u_xsdbm_id/SWITCH_N_EXT_BSCAN.bscan_switch/curid[11]
    SLICE_X58Y44         LUT6 (Prop_lut6_I3_O)        0.326     7.854 r  dbg_hub/inst/BSCANID.u_xsdbm_id/SWITCH_N_EXT_BSCAN.bscan_switch/state_temp[0]_i_11/O
                         net (fo=1, routed)           0.000     7.854    dbg_hub/inst/BSCANID.u_xsdbm_id/SWITCH_N_EXT_BSCAN.bscan_switch/state_temp[0]_i_11_n_0
    SLICE_X58Y44         CARRY4 (Prop_carry4_S[1]_CO[3])
                                                      0.533     8.387 r  dbg_hub/inst/BSCANID.u_xsdbm_id/SWITCH_N_EXT_BSCAN.bscan_switch/state_temp_reg[0]_i_4/CO[3]
                         net (fo=1, routed)           0.000     8.387    dbg_hub/inst/BSCANID.u_xsdbm_id/SWITCH_N_EXT_BSCAN.bscan_switch/state_temp_reg[0]_i_4_n_0
    SLICE_X58Y45         CARRY4 (Prop_carry4_CI_CO[3])
                                                      0.117     8.504 f  dbg_hub/inst/BSCANID.u_xsdbm_id/SWITCH_N_EXT_BSCAN.bscan_switch/state_temp_reg[0]_i_3/CO[3]
                         net (fo=4, routed)           1.273     9.777    dbg_hub/inst/BSCANID.u_xsdbm_id/SWITCH_N_EXT_BSCAN.bscan_switch/state_temp_reg[0]_i_3_n_0
    SLICE_X65Y46         LUT5 (Prop_lut5_I1_O)        0.152     9.929 r  dbg_hub/inst/BSCANID.u_xsdbm_id/SWITCH_N_EXT_BSCAN.bscan_switch/portno_temp[5]_i_2/O
                         net (fo=7, routed)           0.550    10.479    dbg_hub/inst/BSCANID.u_xsdbm_id/SWITCH_N_EXT_BSCAN.bscan_switch/portno_temp[5]_i_2_n_0
    SLICE_X64Y45         LUT3 (Prop_lut3_I1_O)        0.332    10.811 r  dbg_hub/inst/BSCANID.u_xsdbm_id/SWITCH_N_EXT_BSCAN.bscan_switch/portno_temp[1]_i_1/O
                         net (fo=1, routed)           0.000    10.811    dbg_hub/inst/BSCANID.u_xsdbm_id/SWITCH_N_EXT_BSCAN.bscan_switch/portno_temp[1]_i_1_n_0
    SLICE_X64Y45         FDRE                                         r  dbg_hub/inst/BSCANID.u_xsdbm_id/SWITCH_N_EXT_BSCAN.bscan_switch/portno_temp_reg[1]/D
  -------------------------------------------------------------------    -------------------

                         (clock dbg_hub/inst/BSCANID.u_xsdbm_id/SWITCH_N_EXT_BSCAN.bscan_inst/SERIES7_BSCAN.bscan_inst/TCK rise edge)
                                                     33.000    33.000 r  
    BSCAN_X0Y0           BSCANE2                      0.000    33.000 r  dbg_hub/inst/BSCANID.u_xsdbm_id/SWITCH_N_EXT_BSCAN.bscan_inst/SERIES7_BSCAN.bscan_inst/TCK
                         net (fo=1, routed)           1.994    34.994    dbg_hub/inst/BSCANID.u_xsdbm_id/tck_bs
    BUFGCTRL_X0Y0        BUFG (Prop_bufg_I_O)         0.091    35.085 r  dbg_hub/inst/BSCANID.u_xsdbm_id/SWITCH_N_EXT_BSCAN.u_bufg_icon_tck/O
                         net (fo=482, routed)         1.554    36.639    dbg_hub/inst/BSCANID.u_xsdbm_id/SWITCH_N_EXT_BSCAN.bscan_switch/s_bscan_tck
    SLICE_X64Y45         FDRE                                         r  dbg_hub/inst/BSCANID.u_xsdbm_id/SWITCH_N_EXT_BSCAN.bscan_switch/portno_temp_reg[1]/C
                         clock pessimism              0.475    37.114    
                         clock uncertainty           -0.035    37.079    
    SLICE_X64Y45         FDRE (Setup_fdre_C_D)        0.029    37.108    dbg_hub/inst/BSCANID.u_xsdbm_id/SWITCH_N_EXT_BSCAN.bscan_switch/portno_temp_reg[1]
  -------------------------------------------------------------------
                         required time                         37.108    
                         arrival time                         -10.811    
  -------------------------------------------------------------------
                         slack                                 26.296    





Min Delay Paths
--------------------------------------------------------------------------------------
Slack (MET) :             0.097ns  (arrival time - required time)
  Source:                 dbg_hub/inst/BSCANID.u_xsdbm_id/CORE_XSDB.UUT_MASTER/U_ICON_INTERFACE/U_CMD6_WR/shift_reg_in_reg[15]/C
                            (rising edge-triggered cell FDCE clocked by dbg_hub/inst/BSCANID.u_xsdbm_id/SWITCH_N_EXT_BSCAN.bscan_inst/SERIES7_BSCAN.bscan_inst/TCK  {rise@0.000ns fall@16.500ns period=33.000ns})
  Destination:            dbg_hub/inst/BSCANID.u_xsdbm_id/CORE_XSDB.UUT_MASTER/U_ICON_INTERFACE/U_CMD6_WR/U_WR_FIFO/SUBCORE_FIFO.xsdbm_v3_0_3_wrfifo_inst/inst_fifo_gen/gconvfifo.rf/grf.rf/gntv_or_sync_fifo.mem/gdm.dm_gen.dm/RAM_reg_0_15_12_15/RAMB/I
                            (rising edge-triggered cell RAMD32 clocked by dbg_hub/inst/BSCANID.u_xsdbm_id/SWITCH_N_EXT_BSCAN.bscan_inst/SERIES7_BSCAN.bscan_inst/TCK  {rise@0.000ns fall@16.500ns period=33.000ns})
  Path Group:             dbg_hub/inst/BSCANID.u_xsdbm_id/SWITCH_N_EXT_BSCAN.bscan_inst/SERIES7_BSCAN.bscan_inst/TCK
  Path Type:              Hold (Min at Fast Process Corner)
  Requirement:            0.000ns  (dbg_hub/inst/BSCANID.u_xsdbm_id/SWITCH_N_EXT_BSCAN.bscan_inst/SERIES7_BSCAN.bscan_inst/TCK rise@0.000ns - dbg_hub/inst/BSCANID.u_xsdbm_id/SWITCH_N_EXT_BSCAN.bscan_inst/SERIES7_BSCAN.bscan_inst/TCK rise@0.000ns)
  Data Path Delay:        0.260ns  (logic 0.141ns (54.257%)  route 0.119ns (45.743%))
  Logic Levels:           0  
  Clock Path Skew:        0.017ns (DCD - SCD - CPR)
    Destination Clock Delay (DCD):    2.037ns
    Source Clock Delay      (SCD):    1.631ns
    Clock Pessimism Removal (CPR):    0.388ns

    Location             Delay type                Incr(ns)  Path(ns)    Netlist Resource(s)
  -------------------------------------------------------------------    -------------------
                         (clock dbg_hub/inst/BSCANID.u_xsdbm_id/SWITCH_N_EXT_BSCAN.bscan_inst/SERIES7_BSCAN.bscan_inst/TCK rise edge)
                                                      0.000     0.000 r  
    BSCAN_X0Y0           BSCANE2                      0.000     0.000 r  dbg_hub/inst/BSCANID.u_xsdbm_id/SWITCH_N_EXT_BSCAN.bscan_inst/SERIES7_BSCAN.bscan_inst/TCK
                         net (fo=1, routed)           1.028     1.028    dbg_hub/inst/BSCANID.u_xsdbm_id/tck_bs
    BUFGCTRL_X0Y0        BUFG (Prop_bufg_I_O)         0.026     1.054 r  dbg_hub/inst/BSCANID.u_xsdbm_id/SWITCH_N_EXT_BSCAN.u_bufg_icon_tck/O
                         net (fo=482, routed)         0.578     1.631    dbg_hub/inst/BSCANID.u_xsdbm_id/CORE_XSDB.UUT_MASTER/U_ICON_INTERFACE/U_CMD6_WR/m_bscan_tck[0]
    SLICE_X59Y37         FDCE                                         r  dbg_hub/inst/BSCANID.u_xsdbm_id/CORE_XSDB.UUT_MASTER/U_ICON_INTERFACE/U_CMD6_WR/shift_reg_in_reg[15]/C
  -------------------------------------------------------------------    -------------------
    SLICE_X59Y37         FDCE (Prop_fdce_C_Q)         0.141     1.772 r  dbg_hub/inst/BSCANID.u_xsdbm_id/CORE_XSDB.UUT_MASTER/U_ICON_INTERFACE/U_CMD6_WR/shift_reg_in_reg[15]/Q
                         net (fo=2, routed)           0.119     1.891    dbg_hub/inst/BSCANID.u_xsdbm_id/CORE_XSDB.UUT_MASTER/U_ICON_INTERFACE/U_CMD6_WR/U_WR_FIFO/SUBCORE_FIFO.xsdbm_v3_0_3_wrfifo_inst/inst_fifo_gen/gconvfifo.rf/grf.rf/gntv_or_sync_fifo.mem/gdm.dm_gen.dm/RAM_reg_0_15_12_15/DIB0
    SLICE_X58Y38         RAMD32                                       r  dbg_hub/inst/BSCANID.u_xsdbm_id/CORE_XSDB.UUT_MASTER/U_ICON_INTERFACE/U_CMD6_WR/U_WR_FIFO/SUBCORE_FIFO.xsdbm_v3_0_3_wrfifo_inst/inst_fifo_gen/gconvfifo.rf/grf.rf/gntv_or_sync_fifo.mem/gdm.dm_gen.dm/RAM_reg_0_15_12_15/RAMB/I
  -------------------------------------------------------------------    -------------------

                         (clock dbg_hub/inst/BSCANID.u_xsdbm_id/SWITCH_N_EXT_BSCAN.bscan_inst/SERIES7_BSCAN.bscan_inst/TCK rise edge)
                                                      0.000     0.000 r  
    BSCAN_X0Y0           BSCANE2                      0.000     0.000 r  dbg_hub/inst/BSCANID.u_xsdbm_id/SWITCH_N_EXT_BSCAN.bscan_inst/SERIES7_BSCAN.bscan_inst/TCK
                         net (fo=1, routed)           1.160     1.160    dbg_hub/inst/BSCANID.u_xsdbm_id/tck_bs
    BUFGCTRL_X0Y0        BUFG (Prop_bufg_I_O)         0.029     1.189 r  dbg_hub/inst/BSCANID.u_xsdbm_id/SWITCH_N_EXT_BSCAN.u_bufg_icon_tck/O
                         net (fo=482, routed)         0.848     2.037    dbg_hub/inst/BSCANID.u_xsdbm_id/CORE_XSDB.UUT_MASTER/U_ICON_INTERFACE/U_CMD6_WR/U_WR_FIFO/SUBCORE_FIFO.xsdbm_v3_0_3_wrfifo_inst/inst_fifo_gen/gconvfifo.rf/grf.rf/gntv_or_sync_fifo.mem/gdm.dm_gen.dm/RAM_reg_0_15_12_15/WCLK
    SLICE_X58Y38         RAMD32                                       r  dbg_hub/inst/BSCANID.u_xsdbm_id/CORE_XSDB.UUT_MASTER/U_ICON_INTERFACE/U_CMD6_WR/U_WR_FIFO/SUBCORE_FIFO.xsdbm_v3_0_3_wrfifo_inst/inst_fifo_gen/gconvfifo.rf/grf.rf/gntv_or_sync_fifo.mem/gdm.dm_gen.dm/RAM_reg_0_15_12_15/RAMB/CLK
                         clock pessimism             -0.388     1.648    
    SLICE_X58Y38         RAMD32 (Hold_ramd32_CLK_I)
                                                      0.146     1.794    dbg_hub/inst/BSCANID.u_xsdbm_id/CORE_XSDB.UUT_MASTER/U_ICON_INTERFACE/U_CMD6_WR/U_WR_FIFO/SUBCORE_FIFO.xsdbm_v3_0_3_wrfifo_inst/inst_fifo_gen/gconvfifo.rf/grf.rf/gntv_or_sync_fifo.mem/gdm.dm_gen.dm/RAM_reg_0_15_12_15/RAMB
  -------------------------------------------------------------------
                         required time                         -1.794    
                         arrival time                           1.891    
  -------------------------------------------------------------------
                         slack                                  0.097    





Pulse Width Checks
--------------------------------------------------------------------------------------
Clock Name:         dbg_hub/inst/BSCANID.u_xsdbm_id/SWITCH_N_EXT_BSCAN.bscan_inst/SERIES7_BSCAN.bscan_inst/TCK
Waveform(ns):       { 0.000 16.500 }
Period(ns):         33.000
Sources:            { dbg_hub/inst/BSCANID.u_xsdbm_id/SWITCH_N_EXT_BSCAN.bscan_inst/SERIES7_BSCAN.bscan_inst/TCK }

Check Type        Corner  Lib Pin     Reference Pin  Required(ns)  Actual(ns)  Slack(ns)  Location       Pin
Min Period        n/a     BUFG/I      n/a            2.155         33.000      30.845     BUFGCTRL_X0Y0  dbg_hub/inst/BSCANID.u_xsdbm_id/SWITCH_N_EXT_BSCAN.u_bufg_icon_tck/I
Low Pulse Width   Slow    RAMD32/CLK  n/a            1.250         16.500      15.250     SLICE_X58Y36   dbg_hub/inst/BSCANID.u_xsdbm_id/CORE_XSDB.UUT_MASTER/U_ICON_INTERFACE/U_CMD6_WR/U_WR_FIFO/SUBCORE_FIFO.xsdbm_v3_0_3_wrfifo_inst/inst_fifo_gen/gconvfifo.rf/grf.rf/gntv_or_sync_fifo.mem/gdm.dm_gen.dm/RAM_reg_0_15_0_5/RAMA/CLK
High Pulse Width  Slow    RAMD32/CLK  n/a            1.250         16.500      15.250     SLICE_X58Y36   dbg_hub/inst/BSCANID.u_xsdbm_id/CORE_XSDB.UUT_MASTER/U_ICON_INTERFACE/U_CMD6_WR/U_WR_FIFO/SUBCORE_FIFO.xsdbm_v3_0_3_wrfifo_inst/inst_fifo_gen/gconvfifo.rf/grf.rf/gntv_or_sync_fifo.mem/gdm.dm_gen.dm/RAM_reg_0_15_0_5/RAMA/CLK



---------------------------------------------------------------------------------------------------
From Clock:  clkbit_raw
  To Clock:  clkbit90_raw

Setup :            0  Failing Endpoints,  Worst Slack       26.450ns,  Total Violation        0.000ns
Hold  :            0  Failing Endpoints,  Worst Slack        0.422ns,  Total Violation        0.000ns
---------------------------------------------------------------------------------------------------


Max Delay Paths
--------------------------------------------------------------------------------------
Slack (MET) :             26.450ns  (required time - arrival time)
  Source:                 u_seq/en_2v8_reg/C
                            (rising edge-triggered cell FDRE clocked by clkbit_raw  {rise@0.000ns fall@16.000ns period=32.000ns})
  Destination:            u_oddr_ck/R
                            (rising edge-triggered cell ODDR clocked by clkbit90_raw  {rise@0.000ns fall@16.000ns period=32.000ns})
  Path Group:             clkbit90_raw
  Path Type:              Setup (Max at Slow Process Corner)
  Requirement:            32.000ns  (clkbit90_raw rise@32.000ns - clkbit_raw rise@0.000ns)
  Data Path Delay:        4.309ns  (logic 0.718ns (16.662%)  route 3.591ns (83.338%))
  Logic Levels:           1  (LUT4=1)
  Clock Path Skew:        -0.221ns (DCD - SCD + CPR)
    Destination Clock Delay (DCD):    -1.481ns = ( 30.519 - 32.000 ) 
    Source Clock Delay      (SCD):    -0.973ns
    Clock Pessimism Removal (CPR):    0.287ns
  Clock Uncertainty:      0.221ns  ((TSJ^2 + DJ^2)^1/2) / 2 + PE
    Total System Jitter     (TSJ):    0.071ns
    Discrete Jitter          (DJ):    0.190ns
    Phase Error              (PE):    0.120ns

    Location             Delay type                Incr(ns)  Path(ns)    Netlist Resource(s)
  -------------------------------------------------------------------    -------------------
                         (clock clkbit_raw rise edge)
                                                      0.000     0.000 r  
    M19                                               0.000     0.000 r  clk50 (IN)
                         net (fo=0)                   0.000     0.000    clk50
    M19                  IBUF (Prop_ibuf_I_O)         1.436     1.436 r  clk50_IBUF_inst/O
                         net (fo=1, routed)           1.285     2.721    clk50_IBUF
    MMCME2_ADV_X1Y1      MMCME2_ADV (Prop_mmcme2_adv_CLKIN1_CLKOUT0)
                                                     -7.406    -4.685 r  u_mmcm/CLKOUT0
                         net (fo=1, routed)           1.889    -2.796    clkbit_raw
    BUFGCTRL_X0Y16       BUFG (Prop_bufg_I_O)         0.101    -2.695 r  u_bufg_0/O
                         net (fo=2468, routed)        1.722    -0.973    u_seq/clk
    SLICE_X76Y29         FDRE                                         r  u_seq/en_2v8_reg/C
  -------------------------------------------------------------------    -------------------
    SLICE_X76Y29         FDRE (Prop_fdre_C_Q)         0.419    -0.554 f  u_seq/en_2v8_reg/Q
                         net (fo=5, routed)           1.158     0.605    g_dbg.status[11]
    SLICE_X77Y29         LUT4 (Prop_lut4_I1_O)        0.299     0.904 r  u_oddr_ck_i_2/O
                         net (fo=1, routed)           2.433     3.336    R0
    OLOGIC_X1Y34         ODDR                                         r  u_oddr_ck/R
  -------------------------------------------------------------------    -------------------

                         (clock clkbit90_raw rise edge)
                                                     32.000    32.000 r  
    M19                                               0.000    32.000 r  clk50 (IN)
                         net (fo=0)                   0.000    32.000    clk50
    M19                  IBUF (Prop_ibuf_I_O)         1.366    33.366 r  clk50_IBUF_inst/O
                         net (fo=1, routed)           1.162    34.528    clk50_IBUF
    MMCME2_ADV_X1Y1      MMCME2_ADV (Prop_mmcme2_adv_CLKIN1_CLKOUT1)
                                                     -7.500    27.028 r  u_mmcm/CLKOUT1
                         net (fo=1, routed)           1.725    28.753    clkbit90_raw
    BUFGCTRL_X0Y17       BUFG (Prop_bufg_I_O)         0.091    28.844 r  u_bufg_90/O
                         net (fo=1, routed)           1.675    30.519    clkbit90
    OLOGIC_X1Y34         ODDR                                         r  u_oddr_ck/C
                         clock pessimism              0.287    30.806    
                         clock uncertainty           -0.221    30.585    
    OLOGIC_X1Y34         ODDR (Setup_oddr_C_R)       -0.798    29.787    u_oddr_ck
  -------------------------------------------------------------------
                         required time                         29.787    
                         arrival time                          -3.336    
  -------------------------------------------------------------------
                         slack                                 26.450    





Min Delay Paths
--------------------------------------------------------------------------------------
Slack (MET) :             0.422ns  (arrival time - required time)
  Source:                 <hidden>
                            (rising edge-triggered cell FDRE clocked by clkbit_raw  {rise@0.000ns fall@16.000ns period=32.000ns})
  Destination:            u_oddr_ck/D2
                            (rising edge-triggered cell ODDR clocked by clkbit90_raw  {rise@0.000ns fall@16.000ns period=32.000ns})
  Path Group:             clkbit90_raw
  Path Type:              Hold (Min at Fast Process Corner)
  Requirement:            0.000ns  (clkbit90_raw rise@0.000ns - clkbit_raw rise@0.000ns)
  Data Path Delay:        0.920ns  (logic 0.141ns (15.320%)  route 0.779ns (84.680%))
  Logic Levels:           0  
  Clock Path Skew:        0.369ns (DCD - SCD - CPR)
    Destination Clock Delay (DCD):    -0.851ns
    Source Clock Delay      (SCD):    -0.660ns
    Clock Pessimism Removal (CPR):    -0.560ns
  Clock Uncertainty:      0.221ns  ((TSJ^2 + DJ^2)^1/2) / 2 + PE
    Total System Jitter     (TSJ):    0.071ns
    Discrete Jitter          (DJ):    0.190ns
    Phase Error              (PE):    0.120ns

    Location             Delay type                Incr(ns)  Path(ns)    Netlist Resource(s)
  -------------------------------------------------------------------    -------------------
                         (clock clkbit_raw rise edge)
                                                      0.000     0.000 r  
    M19                                               0.000     0.000 r  clk50 (IN)
                         net (fo=0)                   0.000     0.000    clk50
    M19                  IBUF (Prop_ibuf_I_O)         0.205     0.205 r  clk50_IBUF_inst/O
                         net (fo=1, routed)           0.440     0.645    clk50_IBUF
    MMCME2_ADV_X1Y1      MMCME2_ADV (Prop_mmcme2_adv_CLKIN1_CLKOUT0)
                                                     -2.444    -1.799 r  u_mmcm/CLKOUT0
                         net (fo=1, routed)           0.529    -1.270    clkbit_raw
    BUFGCTRL_X0Y16       BUFG (Prop_bufg_I_O)         0.026    -1.244 r  u_bufg_0/O
                         net (fo=2468, routed)        0.584    -0.660    <hidden>
    SLICE_X74Y35         FDRE                                         r  <hidden>
  -------------------------------------------------------------------    -------------------
    SLICE_X74Y35         FDRE (Prop_fdre_C_Q)         0.141    -0.519 r  <hidden>
                         net (fo=2, routed)           0.779     0.260    dbg_pn_inv[3]
    OLOGIC_X1Y34         ODDR                                         r  u_oddr_ck/D2
  -------------------------------------------------------------------    -------------------

                         (clock clkbit90_raw rise edge)
                                                      0.000     0.000 r  
    M19                                               0.000     0.000 r  clk50 (IN)
                         net (fo=0)                   0.000     0.000    clk50
    M19                  IBUF (Prop_ibuf_I_O)         0.392     0.392 r  clk50_IBUF_inst/O
                         net (fo=1, routed)           0.480     0.872    clk50_IBUF
    MMCME2_ADV_X1Y1      MMCME2_ADV (Prop_mmcme2_adv_CLKIN1_CLKOUT1)
                                                     -3.231    -2.359 r  u_mmcm/CLKOUT1
                         net (fo=1, routed)           0.576    -1.783    clkbit90_raw
    BUFGCTRL_X0Y17       BUFG (Prop_bufg_I_O)         0.029    -1.754 r  u_bufg_90/O
                         net (fo=1, routed)           0.903    -0.851    clkbit90
    OLOGIC_X1Y34         ODDR                                         r  u_oddr_ck/C
                         clock pessimism              0.560    -0.291    
                         clock uncertainty            0.221    -0.069    
    OLOGIC_X1Y34         ODDR (Hold_oddr_C_D2)       -0.093    -0.162    u_oddr_ck
  -------------------------------------------------------------------
                         required time                          0.162    
                         arrival time                           0.260    
  -------------------------------------------------------------------
                         slack                                  0.422    





---------------------------------------------------------------------------------------------------
From Clock:  clkbit_raw
  To Clock:  lvds_ck

Setup :            0  Failing Endpoints,  Worst Slack       16.208ns,  Total Violation        0.000ns
Hold  :            3  Failing Endpoints,  Worst Slack      -15.808ns,  Total Violation      -47.395ns
---------------------------------------------------------------------------------------------------


Max Delay Paths
--------------------------------------------------------------------------------------
Slack (MET) :             16.208ns  (required time - arrival time)
  Source:                 g_lane[0].u_oddr/C
                            (falling edge-triggered cell ODDR clocked by clkbit_raw  {rise@0.000ns fall@16.000ns period=32.000ns})
  Destination:            b_p
                            (output port clocked by lvds_ck  {rise@0.000ns fall@16.000ns period=32.000ns})
  Path Group:             lvds_ck
  Path Type:              Max at Slow Process Corner
  Requirement:            16.000ns  (lvds_ck rise@32.000ns - clkbit_raw fall@16.000ns)
  Data Path Delay:        2.223ns  (logic 2.222ns (99.955%)  route 0.001ns (0.045%))
  Logic Levels:           1  (OBUFDS=1)
  Output Delay:           -1.000ns
  Clock Path Skew:        1.652ns (DCD - SCD + CPR)
    Destination Clock Delay (DCD):    0.569ns = ( 32.569 - 32.000 ) 
    Source Clock Delay      (SCD):    -0.796ns = ( 15.204 - 16.000 ) 
    Clock Pessimism Removal (CPR):    0.287ns
  Clock Uncertainty:      0.221ns  ((TSJ^2 + DJ^2)^1/2) / 2 + PE
    Total System Jitter     (TSJ):    0.071ns
    Discrete Jitter          (DJ):    0.190ns
    Phase Error              (PE):    0.120ns

    Location             Delay type                Incr(ns)  Path(ns)    Netlist Resource(s)
  -------------------------------------------------------------------    -------------------
                         (clock clkbit_raw fall edge)
                                                     16.000    16.000 f  
    M19                                               0.000    16.000 f  clk50 (IN)
                         net (fo=0)                   0.000    16.000    clk50
    M19                  IBUF (Prop_ibuf_I_O)         1.436    17.436 f  clk50_IBUF_inst/O
                         net (fo=1, routed)           1.285    18.721    clk50_IBUF
    MMCME2_ADV_X1Y1      MMCME2_ADV (Prop_mmcme2_adv_CLKIN1_CLKOUT0)
                                                     -7.406    11.315 f  u_mmcm/CLKOUT0
                         net (fo=1, routed)           1.889    13.204    clkbit_raw
    BUFGCTRL_X0Y16       BUFG (Prop_bufg_I_O)         0.101    13.305 f  u_bufg_0/O
                         net (fo=2468, routed)        1.898    15.204    clkbit
    OLOGIC_X1Y36         ODDR                                         f  g_lane[0].u_oddr/C
  -------------------------------------------------------------------    -------------------
    OLOGIC_X1Y36         ODDR (Prop_oddr_C_Q)         0.472    15.676 r  g_lane[0].u_oddr/Q
                         net (fo=1, routed)           0.001    15.677    lane_q_0
    AA22                 OBUFDS (Prop_obufds_I_O)     1.750    17.427 r  u_obuf_d0/O
                         net (fo=0)                   0.000    17.427    b_p
    AA22                                                              r  b_p (OUT)
  -------------------------------------------------------------------    -------------------

                         (clock lvds_ck rise edge)   32.000    32.000 f  
    M19                                               0.000    32.000 f  clk50 (IN)
                         net (fo=0)                   0.000    32.000    clk50
    M19                  IBUF (Prop_ibuf_I_O)         1.366    33.366 f  clk50_IBUF_inst/O
                         net (fo=1, routed)           1.162    34.528    clk50_IBUF
    MMCME2_ADV_X1Y1      MMCME2_ADV (Prop_mmcme2_adv_CLKIN1_CLKOUT1)
                                                     -7.500    27.028 f  u_mmcm/CLKOUT1
                         net (fo=1, routed)           1.725    28.753    clkbit90_raw
    BUFGCTRL_X0Y17       BUFG (Prop_bufg_I_O)         0.091    28.844 f  u_bufg_90/O
                         net (fo=1, routed)           1.675    30.519    clkbit90
    OLOGIC_X1Y34         ODDR (Prop_oddr_C_Q)         0.411    30.930 r  u_oddr_ck/Q
                         net (fo=1, routed)           0.001    30.931    clkfwd
    AA21                 OBUFDS (Prop_obufds_I_O)     1.638    32.569 r  u_obuf_ck/O
                         net (fo=0)                   0.000    32.569    clk_p
    AA21                                                              r  clk_p (OUT)
                         clock pessimism              0.287    32.856    
                         clock uncertainty           -0.221    32.634    
                         output delay                 1.000    33.634    
  -------------------------------------------------------------------
                         required time                         33.634    
                         arrival time                         -17.427    
  -------------------------------------------------------------------
                         slack                                 16.208    





Min Delay Paths
--------------------------------------------------------------------------------------
Slack (VIOLATED) :        -15.808ns  (arrival time - required time)
  Source:                 g_lane[1].u_oddr/C
                            (rising edge-triggered cell ODDR clocked by clkbit_raw  {rise@0.000ns fall@16.000ns period=32.000ns})
  Destination:            g_p
                            (output port clocked by lvds_ck  {rise@0.000ns fall@16.000ns period=32.000ns})
  Path Group:             lvds_ck
  Path Type:              Min at Slow Process Corner
  Requirement:            0.000ns  (lvds_ck rise@0.000ns - clkbit_raw rise@0.000ns)
  Data Path Delay:        2.034ns  (logic 2.033ns (99.951%)  route 0.001ns (0.049%))
  Logic Levels:           1  (OBUFDS=1)
  Output Delay:           -15.000ns
  Clock Path Skew:        2.620ns (DCD - SCD - CPR)
    Destination Clock Delay (DCD):    1.426ns
    Source Clock Delay      (SCD):    -1.482ns
    Clock Pessimism Removal (CPR):    0.287ns
  Clock Uncertainty:      0.221ns  ((TSJ^2 + DJ^2)^1/2) / 2 + PE
    Total System Jitter     (TSJ):    0.071ns
    Discrete Jitter          (DJ):    0.190ns
    Phase Error              (PE):    0.120ns

    Location             Delay type                Incr(ns)  Path(ns)    Netlist Resource(s)
  -------------------------------------------------------------------    -------------------
                         (clock clkbit_raw rise edge)
                                                      0.000     0.000 r  
    M19                                               0.000     0.000 r  clk50 (IN)
                         net (fo=0)                   0.000     0.000    clk50
    M19                  IBUF (Prop_ibuf_I_O)         1.366     1.366 r  clk50_IBUF_inst/O
                         net (fo=1, routed)           1.162     2.528    clk50_IBUF
    MMCME2_ADV_X1Y1      MMCME2_ADV (Prop_mmcme2_adv_CLKIN1_CLKOUT0)
                                                     -7.500    -4.972 r  u_mmcm/CLKOUT0
                         net (fo=1, routed)           1.725    -3.247    clkbit_raw
    BUFGCTRL_X0Y16       BUFG (Prop_bufg_I_O)         0.091    -3.156 r  u_bufg_0/O
                         net (fo=2468, routed)        1.674    -1.482    clkbit
    OLOGIC_X1Y32         ODDR                                         r  g_lane[1].u_oddr/C
  -------------------------------------------------------------------    -------------------
    OLOGIC_X1Y32         ODDR (Prop_oddr_C_Q)         0.411    -1.071 r  g_lane[1].u_oddr/Q
                         net (fo=1, routed)           0.001    -1.070    lane_q_1
    Y20                  OBUFDS (Prop_obufds_I_O)     1.622     0.552 r  u_obuf_d1/O
                         net (fo=0)                   0.000     0.552    g_p
    Y20                                                               r  g_p (OUT)
  -------------------------------------------------------------------    -------------------

                         (clock lvds_ck rise edge)    0.000     0.000 f  
    M19                                               0.000     0.000 f  clk50 (IN)
                         net (fo=0)                   0.000     0.000    clk50
    M19                  IBUF (Prop_ibuf_I_O)         1.436     1.436 f  clk50_IBUF_inst/O
                         net (fo=1, routed)           1.285     2.721    clk50_IBUF
    MMCME2_ADV_X1Y1      MMCME2_ADV (Prop_mmcme2_adv_CLKIN1_CLKOUT1)
                                                     -7.406    -4.685 f  u_mmcm/CLKOUT1
                         net (fo=1, routed)           1.889    -2.796    clkbit90_raw
    BUFGCTRL_X0Y17       BUFG (Prop_bufg_I_O)         0.101    -2.695 f  u_bufg_90/O
                         net (fo=1, routed)           1.897    -0.797    clkbit90
    OLOGIC_X1Y34         ODDR (Prop_oddr_C_Q)         0.472    -0.325 r  u_oddr_ck/Q
                         net (fo=1, routed)           0.001    -0.324    clkfwd
    AA21                 OBUFDS (Prop_obufds_I_O)     1.750     1.426 r  u_obuf_ck/O
                         net (fo=0)                   0.000     1.426    clk_p
    AA21                                                              r  clk_p (OUT)
                         clock pessimism             -0.287     1.139    
                         clock uncertainty            0.221     1.360    
                         output delay                15.000    16.360    
  -------------------------------------------------------------------
                         required time                        -16.360    
                         arrival time                           0.552    
  -------------------------------------------------------------------
                         slack                                -15.808    





---------------------------------------------------------------------------------------------------
From Clock:  dbg_hub/inst/BSCANID.u_xsdbm_id/SWITCH_N_EXT_BSCAN.bscan_inst/SERIES7_BSCAN.bscan_inst/TCK
  To Clock:  clkbit_raw

Setup :            0  Failing Endpoints,  Worst Slack       31.432ns,  Total Violation        0.000ns
Hold  :           NA  Failing Endpoints,  Worst Slack           NA  ,  Total Violation           NA
---------------------------------------------------------------------------------------------------


Max Delay Paths
--------------------------------------------------------------------------------------
Slack (MET) :             31.432ns  (required time - arrival time)
  Source:                 dbg_hub/inst/BSCANID.u_xsdbm_id/CORE_XSDB.UUT_MASTER/U_ICON_INTERFACE/U_CMD6_WR/U_WR_FIFO/SUBCORE_FIFO.xsdbm_v3_0_3_wrfifo_inst/inst_fifo_gen/gconvfifo.rf/grf.rf/gntv_or_sync_fifo.gcx.clkx/gnxpm_cdc.wr_pntr_gc_reg[1]/C
                            (rising edge-triggered cell FDCE clocked by dbg_hub/inst/BSCANID.u_xsdbm_id/SWITCH_N_EXT_BSCAN.bscan_inst/SERIES7_BSCAN.bscan_inst/TCK  {rise@0.000ns fall@16.500ns period=33.000ns})
  Destination:            dbg_hub/inst/BSCANID.u_xsdbm_id/CORE_XSDB.UUT_MASTER/U_ICON_INTERFACE/U_CMD6_WR/U_WR_FIFO/SUBCORE_FIFO.xsdbm_v3_0_3_wrfifo_inst/inst_fifo_gen/gconvfifo.rf/grf.rf/gntv_or_sync_fifo.gcx.clkx/gnxpm_cdc.gsync_stage[1].rd_stg_inst/Q_reg_reg[1]/D
                            (rising edge-triggered cell FDCE clocked by clkbit_raw  {rise@0.000ns fall@16.000ns period=32.000ns})
  Path Group:             clkbit_raw
  Path Type:              Setup (Max at Slow Process Corner)
  Requirement:            33.000ns  (MaxDelay Path 33.000ns)
  Data Path Delay:        1.353ns  (logic 0.478ns (35.329%)  route 0.875ns (64.671%))
  Logic Levels:           0  
  Timing Exception:       MaxDelay Path 33.000ns -datapath_only

    Location             Delay type                Incr(ns)  Path(ns)    Netlist Resource(s)
  -------------------------------------------------------------------    -------------------
    SLICE_X50Y36                                      0.000     0.000 r  dbg_hub/inst/BSCANID.u_xsdbm_id/CORE_XSDB.UUT_MASTER/U_ICON_INTERFACE/U_CMD6_WR/U_WR_FIFO/SUBCORE_FIFO.xsdbm_v3_0_3_wrfifo_inst/inst_fifo_gen/gconvfifo.rf/grf.rf/gntv_or_sync_fifo.gcx.clkx/gnxpm_cdc.wr_pntr_gc_reg[1]/C
    SLICE_X50Y36         FDCE (Prop_fdce_C_Q)         0.478     0.478 r  dbg_hub/inst/BSCANID.u_xsdbm_id/CORE_XSDB.UUT_MASTER/U_ICON_INTERFACE/U_CMD6_WR/U_WR_FIFO/SUBCORE_FIFO.xsdbm_v3_0_3_wrfifo_inst/inst_fifo_gen/gconvfifo.rf/grf.rf/gntv_or_sync_fifo.gcx.clkx/gnxpm_cdc.wr_pntr_gc_reg[1]/Q
                         net (fo=1, routed)           0.875     1.353    dbg_hub/inst/BSCANID.u_xsdbm_id/CORE_XSDB.UUT_MASTER/U_ICON_INTERFACE/U_CMD6_WR/U_WR_FIFO/SUBCORE_FIFO.xsdbm_v3_0_3_wrfifo_inst/inst_fifo_gen/gconvfifo.rf/grf.rf/gntv_or_sync_fifo.gcx.clkx/gnxpm_cdc.gsync_stage[1].rd_stg_inst/Q[1]
    SLICE_X50Y37         FDCE                                         r  dbg_hub/inst/BSCANID.u_xsdbm_id/CORE_XSDB.UUT_MASTER/U_ICON_INTERFACE/U_CMD6_WR/U_WR_FIFO/SUBCORE_FIFO.xsdbm_v3_0_3_wrfifo_inst/inst_fifo_gen/gconvfifo.rf/grf.rf/gntv_or_sync_fifo.gcx.clkx/gnxpm_cdc.gsync_stage[1].rd_stg_inst/Q_reg_reg[1]/D
  -------------------------------------------------------------------    -------------------

                         max delay                   33.000    33.000    
    SLICE_X50Y37         FDCE (Setup_fdce_C_D)       -0.215    32.785    dbg_hub/inst/BSCANID.u_xsdbm_id/CORE_XSDB.UUT_MASTER/U_ICON_INTERFACE/U_CMD6_WR/U_WR_FIFO/SUBCORE_FIFO.xsdbm_v3_0_3_wrfifo_inst/inst_fifo_gen/gconvfifo.rf/grf.rf/gntv_or_sync_fifo.gcx.clkx/gnxpm_cdc.gsync_stage[1].rd_stg_inst/Q_reg_reg[1]
  -------------------------------------------------------------------
                         required time                         32.785    
                         arrival time                          -1.353    
  -------------------------------------------------------------------
                         slack                                 31.432    





---------------------------------------------------------------------------------------------------
From Clock:  clkbit_raw
  To Clock:  dbg_hub/inst/BSCANID.u_xsdbm_id/SWITCH_N_EXT_BSCAN.bscan_inst/SERIES7_BSCAN.bscan_inst/TCK

Setup :            0  Failing Endpoints,  Worst Slack       30.422ns,  Total Violation        0.000ns
Hold  :           NA  Failing Endpoints,  Worst Slack           NA  ,  Total Violation           NA
---------------------------------------------------------------------------------------------------


Max Delay Paths
--------------------------------------------------------------------------------------
Slack (MET) :             30.422ns  (required time - arrival time)
  Source:                 dbg_hub/inst/BSCANID.u_xsdbm_id/CORE_XSDB.UUT_MASTER/U_ICON_INTERFACE/U_CMD6_WR/U_WR_FIFO/SUBCORE_FIFO.xsdbm_v3_0_3_wrfifo_inst/inst_fifo_gen/gconvfifo.rf/grf.rf/gntv_or_sync_fifo.gcx.clkx/gnxpm_cdc.rd_pntr_gc_reg[0]/C
                            (rising edge-triggered cell FDCE clocked by clkbit_raw  {rise@0.000ns fall@16.000ns period=32.000ns})
  Destination:            dbg_hub/inst/BSCANID.u_xsdbm_id/CORE_XSDB.UUT_MASTER/U_ICON_INTERFACE/U_CMD6_WR/U_WR_FIFO/SUBCORE_FIFO.xsdbm_v3_0_3_wrfifo_inst/inst_fifo_gen/gconvfifo.rf/grf.rf/gntv_or_sync_fifo.gcx.clkx/gnxpm_cdc.gsync_stage[1].wr_stg_inst/Q_reg_reg[0]/D
                            (rising edge-triggered cell FDCE clocked by dbg_hub/inst/BSCANID.u_xsdbm_id/SWITCH_N_EXT_BSCAN.bscan_inst/SERIES7_BSCAN.bscan_inst/TCK  {rise@0.000ns fall@16.500ns period=33.000ns})
  Path Group:             dbg_hub/inst/BSCANID.u_xsdbm_id/SWITCH_N_EXT_BSCAN.bscan_inst/SERIES7_BSCAN.bscan_inst/TCK
  Path Type:              Setup (Max at Slow Process Corner)
  Requirement:            32.000ns  (MaxDelay Path 32.000ns)
  Data Path Delay:        1.311ns  (logic 0.419ns (31.963%)  route 0.892ns (68.037%))
  Logic Levels:           0  
  Timing Exception:       MaxDelay Path 32.000ns -datapath_only

    Location             Delay type                Incr(ns)  Path(ns)    Netlist Resource(s)
  -------------------------------------------------------------------    -------------------
    SLICE_X51Y36                                      0.000     0.000 r  dbg_hub/inst/BSCANID.u_xsdbm_id/CORE_XSDB.UUT_MASTER/U_ICON_INTERFACE/U_CMD6_WR/U_WR_FIFO/SUBCORE_FIFO.xsdbm_v3_0_3_wrfifo_inst/inst_fifo_gen/gconvfifo.rf/grf.rf/gntv_or_sync_fifo.gcx.clkx/gnxpm_cdc.rd_pntr_gc_reg[0]/C
    SLICE_X51Y36         FDCE (Prop_fdce_C_Q)         0.419     0.419 r  dbg_hub/inst/BSCANID.u_xsdbm_id/CORE_XSDB.UUT_MASTER/U_ICON_INTERFACE/U_CMD6_WR/U_WR_FIFO/SUBCORE_FIFO.xsdbm_v3_0_3_wrfifo_inst/inst_fifo_gen/gconvfifo.rf/grf.rf/gntv_or_sync_fifo.gcx.clkx/gnxpm_cdc.rd_pntr_gc_reg[0]/Q
                         net (fo=1, routed)           0.892     1.311    dbg_hub/inst/BSCANID.u_xsdbm_id/CORE_XSDB.UUT_MASTER/U_ICON_INTERFACE/U_CMD6_WR/U_WR_FIFO/SUBCORE_FIFO.xsdbm_v3_0_3_wrfifo_inst/inst_fifo_gen/gconvfifo.rf/grf.rf/gntv_or_sync_fifo.gcx.clkx/gnxpm_cdc.gsync_stage[1].wr_stg_inst/Q[0]
    SLICE_X49Y36         FDCE                                         r  dbg_hub/inst/BSCANID.u_xsdbm_id/CORE_XSDB.UUT_MASTER/U_ICON_INTERFACE/U_CMD6_WR/U_WR_FIFO/SUBCORE_FIFO.xsdbm_v3_0_3_wrfifo_inst/inst_fifo_gen/gconvfifo.rf/grf.rf/gntv_or_sync_fifo.gcx.clkx/gnxpm_cdc.gsync_stage[1].wr_stg_inst/Q_reg_reg[0]/D
  -------------------------------------------------------------------    -------------------

                         max delay                   32.000    32.000    
    SLICE_X49Y36         FDCE (Setup_fdce_C_D)       -0.267    31.733    dbg_hub/inst/BSCANID.u_xsdbm_id/CORE_XSDB.UUT_MASTER/U_ICON_INTERFACE/U_CMD6_WR/U_WR_FIFO/SUBCORE_FIFO.xsdbm_v3_0_3_wrfifo_inst/inst_fifo_gen/gconvfifo.rf/grf.rf/gntv_or_sync_fifo.gcx.clkx/gnxpm_cdc.gsync_stage[1].wr_stg_inst/Q_reg_reg[0]
  -------------------------------------------------------------------
                         required time                         31.733    
                         arrival time                          -1.311    
  -------------------------------------------------------------------
                         slack                                 30.422    





---------------------------------------------------------------------------------------------------
Path Group:  **async_default**
From Clock:  clkbit_raw
  To Clock:  clkbit_raw

Setup :            0  Failing Endpoints,  Worst Slack       28.627ns,  Total Violation        0.000ns
Hold  :            0  Failing Endpoints,  Worst Slack        0.216ns,  Total Violation        0.000ns
---------------------------------------------------------------------------------------------------


Max Delay Paths
--------------------------------------------------------------------------------------
Slack (MET) :             28.627ns  (required time - arrival time)
  Source:                 dbg_hub/inst/BSCANID.u_xsdbm_id/CORE_XSDB.UUT_MASTER/U_ICON_INTERFACE/U_CMD1/ctl_reg_reg[0]/C
                            (rising edge-triggered cell FDRE clocked by clkbit_raw  {rise@0.000ns fall@16.000ns period=32.000ns})
  Destination:            dbg_hub/inst/BSCANID.u_xsdbm_id/CORE_XSDB.UUT_MASTER/U_XSDB_BUS_CONTROLLER/dec_wdc_r_reg/CLR
                            (recovery check against rising-edge clock clkbit_raw  {rise@0.000ns fall@16.000ns period=32.000ns})
  Path Group:             **async_default**
  Path Type:              Recovery (Max at Slow Process Corner)
  Requirement:            32.000ns  (clkbit_raw rise@32.000ns - clkbit_raw rise@0.000ns)
  Data Path Delay:        2.801ns  (logic 0.456ns (16.281%)  route 2.345ns (83.719%))
  Logic Levels:           0  
  Clock Path Skew:        -0.066ns (DCD - SCD + CPR)
    Destination Clock Delay (DCD):    -1.604ns = ( 30.396 - 32.000 ) 
    Source Clock Delay      (SCD):    -0.963ns
    Clock Pessimism Removal (CPR):    0.576ns
  Clock Uncertainty:      0.101ns  ((TSJ^2 + DJ^2)^1/2) / 2 + PE
    Total System Jitter     (TSJ):    0.071ns
    Discrete Jitter          (DJ):    0.190ns
    Phase Error              (PE):    0.000ns

    Location             Delay type                Incr(ns)  Path(ns)    Netlist Resource(s)
  -------------------------------------------------------------------    -------------------
                         (clock clkbit_raw rise edge)
                                                      0.000     0.000 r  
    M19                                               0.000     0.000 r  clk50 (IN)
                         net (fo=0)                   0.000     0.000    clk50
    M19                  IBUF (Prop_ibuf_I_O)         1.436     1.436 r  clk50_IBUF_inst/O
                         net (fo=1, routed)           1.285     2.721    clk50_IBUF
    MMCME2_ADV_X1Y1      MMCME2_ADV (Prop_mmcme2_adv_CLKIN1_CLKOUT0)
                                                     -7.406    -4.685 r  u_mmcm/CLKOUT0
                         net (fo=1, routed)           1.889    -2.796    clkbit_raw
    BUFGCTRL_X0Y16       BUFG (Prop_bufg_I_O)         0.101    -2.695 r  u_bufg_0/O
                         net (fo=2468, routed)        1.732    -0.963    dbg_hub/inst/BSCANID.u_xsdbm_id/CORE_XSDB.UUT_MASTER/U_ICON_INTERFACE/U_CMD1/clk
    SLICE_X68Y42         FDRE                                         r  dbg_hub/inst/BSCANID.u_xsdbm_id/CORE_XSDB.UUT_MASTER/U_ICON_INTERFACE/U_CMD1/ctl_reg_reg[0]/C
  -------------------------------------------------------------------    -------------------
    SLICE_X68Y42         FDRE (Prop_fdre_C_Q)         0.456    -0.507 f  dbg_hub/inst/BSCANID.u_xsdbm_id/CORE_XSDB.UUT_MASTER/U_ICON_INTERFACE/U_CMD1/ctl_reg_reg[0]/Q
                         net (fo=176, routed)         2.345     1.838    dbg_hub/inst/BSCANID.u_xsdbm_id/CORE_XSDB.UUT_MASTER/U_XSDB_BUS_CONTROLLER/out[0]
    SLICE_X56Y38         FDCE                                         f  dbg_hub/inst/BSCANID.u_xsdbm_id/CORE_XSDB.UUT_MASTER/U_XSDB_BUS_CONTROLLER/dec_wdc_r_reg/CLR
  -------------------------------------------------------------------    -------------------

                         (clock clkbit_raw rise edge)
                                                     32.000    32.000 r  
    M19                                               0.000    32.000 r  clk50 (IN)
                         net (fo=0)                   0.000    32.000    clk50
    M19                  IBUF (Prop_ibuf_I_O)         1.366    33.366 r  clk50_IBUF_inst/O
                         net (fo=1, routed)           1.162    34.528    clk50_IBUF
    MMCME2_ADV_X1Y1      MMCME2_ADV (Prop_mmcme2_adv_CLKIN1_CLKOUT0)
                                                     -7.500    27.028 r  u_mmcm/CLKOUT0
                         net (fo=1, routed)           1.725    28.753    clkbit_raw
    BUFGCTRL_X0Y16       BUFG (Prop_bufg_I_O)         0.091    28.844 r  u_bufg_0/O
                         net (fo=2468, routed)        1.551    30.396    dbg_hub/inst/BSCANID.u_xsdbm_id/CORE_XSDB.UUT_MASTER/U_XSDB_BUS_CONTROLLER/clk
    SLICE_X56Y38         FDCE                                         r  dbg_hub/inst/BSCANID.u_xsdbm_id/CORE_XSDB.UUT_MASTER/U_XSDB_BUS_CONTROLLER/dec_wdc_r_reg/C
                         clock pessimism              0.576    30.971    
                         clock uncertainty           -0.101    30.870    
    SLICE_X56Y38         FDCE (Recov_fdce_C_CLR)     -0.405    30.465    dbg_hub/inst/BSCANID.u_xsdbm_id/CORE_XSDB.UUT_MASTER/U_XSDB_BUS_CONTROLLER/dec_wdc_r_reg
  -------------------------------------------------------------------
                         required time                         30.465    
                         arrival time                          -1.838    
  -------------------------------------------------------------------
                         slack                                 28.627    





Min Delay Paths
--------------------------------------------------------------------------------------
Slack (MET) :             0.216ns  (arrival time - required time)
  Source:                 dbg_hub/inst/BSCANID.u_xsdbm_id/CORE_XSDB.UUT_MASTER/U_ICON_INTERFACE/U_CMD6_RD/U_RD_FIFO/SUBCORE_FIFO.xsdbm_v3_0_3_rdfifo_inst/inst_fifo_gen/gconvfifo.rf/grf.rf/rstblk/ngwrdrst.grst.g7serrst.rst_wr_reg2_reg/C
                            (rising edge-triggered cell FDPE clocked by clkbit_raw  {rise@0.000ns fall@16.000ns period=32.000ns})
  Destination:            dbg_hub/inst/BSCANID.u_xsdbm_id/CORE_XSDB.UUT_MASTER/U_ICON_INTERFACE/U_CMD6_RD/U_RD_FIFO/SUBCORE_FIFO.xsdbm_v3_0_3_rdfifo_inst/inst_fifo_gen/gconvfifo.rf/grf.rf/rstblk/ngwrdrst.grst.g7serrst.wr_rst_asreg_reg/PRE
                            (removal check against rising-edge clock clkbit_raw  {rise@0.000ns fall@16.000ns period=32.000ns})
  Path Group:             **async_default**
  Path Type:              Removal (Min at Fast Process Corner)
  Requirement:            0.000ns  (clkbit_raw rise@0.000ns - clkbit_raw rise@0.000ns)
  Data Path Delay:        0.333ns  (logic 0.148ns (44.508%)  route 0.185ns (55.492%))
  Logic Levels:           0  
  Clock Path Skew:        0.264ns (DCD - SCD - CPR)
    Destination Clock Delay (DCD):    -0.932ns
    Source Clock Delay      (SCD):    -0.691ns
    Clock Pessimism Removal (CPR):    -0.505ns

    Location             Delay type                Incr(ns)  Path(ns)    Netlist Resource(s)
  -------------------------------------------------------------------    -------------------
                         (clock clkbit_raw rise edge)
                                                      0.000     0.000 r  
    M19                                               0.000     0.000 r  clk50 (IN)
                         net (fo=0)                   0.000     0.000    clk50
    M19                  IBUF (Prop_ibuf_I_O)         0.205     0.205 r  clk50_IBUF_inst/O
                         net (fo=1, routed)           0.440     0.645    clk50_IBUF
    MMCME2_ADV_X1Y1      MMCME2_ADV (Prop_mmcme2_adv_CLKIN1_CLKOUT0)
                                                     -2.444    -1.799 r  u_mmcm/CLKOUT0
                         net (fo=1, routed)           0.529    -1.270    clkbit_raw
    BUFGCTRL_X0Y16       BUFG (Prop_bufg_I_O)         0.026    -1.244 r  u_bufg_0/O
                         net (fo=2468, routed)        0.553    -0.691    dbg_hub/inst/BSCANID.u_xsdbm_id/CORE_XSDB.UUT_MASTER/U_ICON_INTERFACE/U_CMD6_RD/U_RD_FIFO/SUBCORE_FIFO.xsdbm_v3_0_3_rdfifo_inst/inst_fifo_gen/gconvfifo.rf/grf.rf/rstblk/wr_clk
    SLICE_X50Y33         FDPE                                         r  dbg_hub/inst/BSCANID.u_xsdbm_id/CORE_XSDB.UUT_MASTER/U_ICON_INTERFACE/U_CMD6_RD/U_RD_FIFO/SUBCORE_FIFO.xsdbm_v3_0_3_rdfifo_inst/inst_fifo_gen/gconvfifo.rf/grf.rf/rstblk/ngwrdrst.grst.g7serrst.rst_wr_reg2_reg/C
  -------------------------------------------------------------------    -------------------
    SLICE_X50Y33         FDPE (Prop_fdpe_C_Q)         0.148    -0.543 f  dbg_hub/inst/BSCANID.u_xsdbm_id/CORE_XSDB.UUT_MASTER/U_ICON_INTERFACE/U_CMD6_RD/U_RD_FIFO/SUBCORE_FIFO.xsdbm_v3_0_3_rdfifo_inst/inst_fifo_gen/gconvfifo.rf/grf.rf/rstblk/ngwrdrst.grst.g7serrst.rst_wr_reg2_reg/Q
                         net (fo=1, routed)           0.185    -0.359    dbg_hub/inst/BSCANID.u_xsdbm_id/CORE_XSDB.UUT_MASTER/U_ICON_INTERFACE/U_CMD6_RD/U_RD_FIFO/SUBCORE_FIFO.xsdbm_v3_0_3_rdfifo_inst/inst_fifo_gen/gconvfifo.rf/grf.rf/rstblk/ngwrdrst.rst_wr_reg2
    SLICE_X47Y33         FDPE                                         f  dbg_hub/inst/BSCANID.u_xsdbm_id/CORE_XSDB.UUT_MASTER/U_ICON_INTERFACE/U_CMD6_RD/U_RD_FIFO/SUBCORE_FIFO.xsdbm_v3_0_3_rdfifo_inst/inst_fifo_gen/gconvfifo.rf/grf.rf/rstblk/ngwrdrst.grst.g7serrst.wr_rst_asreg_reg/PRE
  -------------------------------------------------------------------    -------------------

                         (clock clkbit_raw rise edge)
                                                      0.000     0.000 r  
    M19                                               0.000     0.000 r  clk50 (IN)
                         net (fo=0)                   0.000     0.000    clk50
    M19                  IBUF (Prop_ibuf_I_O)         0.392     0.392 r  clk50_IBUF_inst/O
                         net (fo=1, routed)           0.480     0.872    clk50_IBUF
    MMCME2_ADV_X1Y1      MMCME2_ADV (Prop_mmcme2_adv_CLKIN1_CLKOUT0)
                                                     -3.231    -2.359 r  u_mmcm/CLKOUT0
                         net (fo=1, routed)           0.576    -1.783    clkbit_raw
    BUFGCTRL_X0Y16       BUFG (Prop_bufg_I_O)         0.029    -1.754 r  u_bufg_0/O
                         net (fo=2468, routed)        0.822    -0.932    dbg_hub/inst/BSCANID.u_xsdbm_id/CORE_XSDB.UUT_MASTER/U_ICON_INTERFACE/U_CMD6_RD/U_RD_FIFO/SUBCORE_FIFO.xsdbm_v3_0_3_rdfifo_inst/inst_fifo_gen/gconvfifo.rf/grf.rf/rstblk/wr_clk
    SLICE_X47Y33         FDPE                                         r  dbg_hub/inst/BSCANID.u_xsdbm_id/CORE_XSDB.UUT_MASTER/U_ICON_INTERFACE/U_CMD6_RD/U_RD_FIFO/SUBCORE_FIFO.xsdbm_v3_0_3_rdfifo_inst/inst_fifo_gen/gconvfifo.rf/grf.rf/rstblk/ngwrdrst.grst.g7serrst.wr_rst_asreg_reg/C
                         clock pessimism              0.505    -0.427    
    SLICE_X47Y33         FDPE (Remov_fdpe_C_PRE)     -0.148    -0.575    dbg_hub/inst/BSCANID.u_xsdbm_id/CORE_XSDB.UUT_MASTER/U_ICON_INTERFACE/U_CMD6_RD/U_RD_FIFO/SUBCORE_FIFO.xsdbm_v3_0_3_rdfifo_inst/inst_fifo_gen/gconvfifo.rf/grf.rf/rstblk/ngwrdrst.grst.g7serrst.wr_rst_asreg_reg
  -------------------------------------------------------------------
                         required time                          0.575    
                         arrival time                          -0.359    
  -------------------------------------------------------------------
                         slack                                  0.216    





---------------------------------------------------------------------------------------------------
Path Group:  **async_default**
From Clock:  dbg_hub/inst/BSCANID.u_xsdbm_id/SWITCH_N_EXT_BSCAN.bscan_inst/SERIES7_BSCAN.bscan_inst/TCK
  To Clock:  dbg_hub/inst/BSCANID.u_xsdbm_id/SWITCH_N_EXT_BSCAN.bscan_inst/SERIES7_BSCAN.bscan_inst/TCK

Setup :            0  Failing Endpoints,  Worst Slack       28.610ns,  Total Violation        0.000ns
Hold  :            0  Failing Endpoints,  Worst Slack        0.176ns,  Total Violation        0.000ns
---------------------------------------------------------------------------------------------------


Max Delay Paths
--------------------------------------------------------------------------------------
Slack (MET) :             28.610ns  (required time - arrival time)
  Source:                 dbg_hub/inst/BSCANID.u_xsdbm_id/SWITCH_N_EXT_BSCAN.bscan_switch/state_reg[0]/C
                            (rising edge-triggered cell FDRE clocked by dbg_hub/inst/BSCANID.u_xsdbm_id/SWITCH_N_EXT_BSCAN.bscan_inst/SERIES7_BSCAN.bscan_inst/TCK  {rise@0.000ns fall@16.500ns period=33.000ns})
  Destination:            dbg_hub/inst/BSCANID.u_xsdbm_id/CORE_XSDB.U_ICON/U_CMD/iTARGET_reg[10]/CLR
                            (recovery check against rising-edge clock dbg_hub/inst/BSCANID.u_xsdbm_id/SWITCH_N_EXT_BSCAN.bscan_inst/SERIES7_BSCAN.bscan_inst/TCK  {rise@0.000ns fall@16.500ns period=33.000ns})
  Path Group:             **async_default**
  Path Type:              Recovery (Max at Slow Process Corner)
  Requirement:            33.000ns  (dbg_hub/inst/BSCANID.u_xsdbm_id/SWITCH_N_EXT_BSCAN.bscan_inst/SERIES7_BSCAN.bscan_inst/TCK rise@33.000ns - dbg_hub/inst/BSCANID.u_xsdbm_id/SWITCH_N_EXT_BSCAN.bscan_inst/SERIES7_BSCAN.bscan_inst/TCK rise@0.000ns)
  Data Path Delay:        3.924ns  (logic 1.045ns (26.633%)  route 2.879ns (73.367%))
  Logic Levels:           2  (LUT1=1 LUT4=1)
  Clock Path Skew:        -0.026ns (DCD - SCD + CPR)
    Destination Clock Delay (DCD):    3.638ns = ( 36.638 - 33.000 ) 
    Source Clock Delay      (SCD):    4.136ns
    Clock Pessimism Removal (CPR):    0.472ns
  Clock Uncertainty:      0.035ns  ((TSJ^2 + TIJ^2)^1/2 + DJ) / 2 + PE
    Total System Jitter     (TSJ):    0.071ns
    Total Input Jitter      (TIJ):    0.000ns
    Discrete Jitter          (DJ):    0.000ns
    Phase Error              (PE):    0.000ns

    Location             Delay type                Incr(ns)  Path(ns)    Netlist Resource(s)
  -------------------------------------------------------------------    -------------------
                         (clock dbg_hub/inst/BSCANID.u_xsdbm_id/SWITCH_N_EXT_BSCAN.bscan_inst/SERIES7_BSCAN.bscan_inst/TCK rise edge)
                                                      0.000     0.000 r  
    BSCAN_X0Y0           BSCANE2                      0.000     0.000 r  dbg_hub/inst/BSCANID.u_xsdbm_id/SWITCH_N_EXT_BSCAN.bscan_inst/SERIES7_BSCAN.bscan_inst/TCK
                         net (fo=1, routed)           2.306     2.306    dbg_hub/inst/BSCANID.u_xsdbm_id/tck_bs
    BUFGCTRL_X0Y0        BUFG (Prop_bufg_I_O)         0.101     2.407 r  dbg_hub/inst/BSCANID.u_xsdbm_id/SWITCH_N_EXT_BSCAN.u_bufg_icon_tck/O
                         net (fo=482, routed)         1.729     4.136    dbg_hub/inst/BSCANID.u_xsdbm_id/SWITCH_N_EXT_BSCAN.bscan_switch/s_bscan_tck
    SLICE_X65Y45         FDRE                                         r  dbg_hub/inst/BSCANID.u_xsdbm_id/SWITCH_N_EXT_BSCAN.bscan_switch/state_reg[0]/C
  -------------------------------------------------------------------    -------------------
    SLICE_X65Y45         FDRE (Prop_fdre_C_Q)         0.419     4.555 f  dbg_hub/inst/BSCANID.u_xsdbm_id/SWITCH_N_EXT_BSCAN.bscan_switch/state_reg[0]/Q
                         net (fo=50, routed)          1.863     6.418    dbg_hub/inst/BSCANID.u_xsdbm_id/SWITCH_N_EXT_BSCAN.bscan_switch/state[0]
    SLICE_X64Y44         LUT4 (Prop_lut4_I1_O)        0.294     6.712 r  dbg_hub/inst/BSCANID.u_xsdbm_id/SWITCH_N_EXT_BSCAN.bscan_switch/m_bscan_sel[0]_INST_0/O
                         net (fo=2, routed)           0.298     7.009    dbg_hub/inst/BSCANID.u_xsdbm_id/CORE_XSDB.U_ICON/U_CMD/iTARGET_reg[6]_0
    SLICE_X64Y44         LUT1 (Prop_lut1_I0_O)        0.332     7.341 f  dbg_hub/inst/BSCANID.u_xsdbm_id/CORE_XSDB.U_ICON/U_CMD/iTARGET[15]_i_2/O
                         net (fo=10, routed)          0.718     8.060    dbg_hub/inst/BSCANID.u_xsdbm_id/CORE_XSDB.U_ICON/U_CMD/iSEL_n
    SLICE_X64Y42         FDCE                                         f  dbg_hub/inst/BSCANID.u_xsdbm_id/CORE_XSDB.U_ICON/U_CMD/iTARGET_reg[10]/CLR
  -------------------------------------------------------------------    -------------------

                         (clock dbg_hub/inst/BSCANID.u_xsdbm_id/SWITCH_N_EXT_BSCAN.bscan_inst/SERIES7_BSCAN.bscan_inst/TCK rise edge)
                                                     33.000    33.000 r  
    BSCAN_X0Y0           BSCANE2                      0.000    33.000 r  dbg_hub/inst/BSCANID.u_xsdbm_id/SWITCH_N_EXT_BSCAN.bscan_inst/SERIES7_BSCAN.bscan_inst/TCK
                         net (fo=1, routed)           1.994    34.994    dbg_hub/inst/BSCANID.u_xsdbm_id/tck_bs
    BUFGCTRL_X0Y0        BUFG (Prop_bufg_I_O)         0.091    35.085 r  dbg_hub/inst/BSCANID.u_xsdbm_id/SWITCH_N_EXT_BSCAN.u_bufg_icon_tck/O
                         net (fo=482, routed)         1.553    36.638    dbg_hub/inst/BSCANID.u_xsdbm_id/CORE_XSDB.U_ICON/U_CMD/m_bscan_tck[0]
    SLICE_X64Y42         FDCE                                         r  dbg_hub/inst/BSCANID.u_xsdbm_id/CORE_XSDB.U_ICON/U_CMD/iTARGET_reg[10]/C
                         clock pessimism              0.472    37.110    
                         clock uncertainty           -0.035    37.075    
    SLICE_X64Y42         FDCE (Recov_fdce_C_CLR)     -0.405    36.670    dbg_hub/inst/BSCANID.u_xsdbm_id/CORE_XSDB.U_ICON/U_CMD/iTARGET_reg[10]
  -------------------------------------------------------------------
                         required time                         36.670    
                         arrival time                          -8.060    
  -------------------------------------------------------------------
                         slack                                 28.610    





Min Delay Paths
--------------------------------------------------------------------------------------
Slack (MET) :             0.176ns  (arrival time - required time)
  Source:                 dbg_hub/inst/BSCANID.u_xsdbm_id/CORE_XSDB.UUT_MASTER/U_ICON_INTERFACE/U_CMD6_WR/U_WR_FIFO/SUBCORE_FIFO.xsdbm_v3_0_3_wrfifo_inst/inst_fifo_gen/gconvfifo.rf/grf.rf/rstblk/ngwrdrst.grst.g7serrst.wr_rst_reg_reg[0]/C
                            (rising edge-triggered cell FDPE clocked by dbg_hub/inst/BSCANID.u_xsdbm_id/SWITCH_N_EXT_BSCAN.bscan_inst/SERIES7_BSCAN.bscan_inst/TCK  {rise@0.000ns fall@16.500ns period=33.000ns})
  Destination:            dbg_hub/inst/BSCANID.u_xsdbm_id/CORE_XSDB.UUT_MASTER/U_ICON_INTERFACE/U_CMD6_WR/U_WR_FIFO/SUBCORE_FIFO.xsdbm_v3_0_3_wrfifo_inst/inst_fifo_gen/gconvfifo.rf/grf.rf/gntv_or_sync_fifo.gcx.clkx/gnxpm_cdc.gsync_stage[1].wr_stg_inst/Q_reg_reg[2]/CLR
                            (removal check against rising-edge clock dbg_hub/inst/BSCANID.u_xsdbm_id/SWITCH_N_EXT_BSCAN.bscan_inst/SERIES7_BSCAN.bscan_inst/TCK  {rise@0.000ns fall@16.500ns period=33.000ns})
  Path Group:             **async_default**
  Path Type:              Removal (Min at Fast Process Corner)
  Requirement:            0.000ns  (dbg_hub/inst/BSCANID.u_xsdbm_id/SWITCH_N_EXT_BSCAN.bscan_inst/SERIES7_BSCAN.bscan_inst/TCK rise@0.000ns - dbg_hub/inst/BSCANID.u_xsdbm_id/SWITCH_N_EXT_BSCAN.bscan_inst/SERIES7_BSCAN.bscan_inst/TCK rise@0.000ns)
  Data Path Delay:        0.367ns  (logic 0.141ns (38.369%)  route 0.226ns (61.631%))
  Logic Levels:           0  
  Clock Path Skew:        0.258ns (DCD - SCD - CPR)
    Destination Clock Delay (DCD):    2.007ns
    Source Clock Delay      (SCD):    1.608ns
    Clock Pessimism Removal (CPR):    0.140ns

    Location             Delay type                Incr(ns)  Path(ns)    Netlist Resource(s)
  -------------------------------------------------------------------    -------------------
                         (clock dbg_hub/inst/BSCANID.u_xsdbm_id/SWITCH_N_EXT_BSCAN.bscan_inst/SERIES7_BSCAN.bscan_inst/TCK rise edge)
                                                      0.000     0.000 r  
    BSCAN_X0Y0           BSCANE2                      0.000     0.000 r  dbg_hub/inst/BSCANID.u_xsdbm_id/SWITCH_N_EXT_BSCAN.bscan_inst/SERIES7_BSCAN.bscan_inst/TCK
                         net (fo=1, routed)           1.028     1.028    dbg_hub/inst/BSCANID.u_xsdbm_id/tck_bs
    BUFGCTRL_X0Y0        BUFG (Prop_bufg_I_O)         0.026     1.054 r  dbg_hub/inst/BSCANID.u_xsdbm_id/SWITCH_N_EXT_BSCAN.u_bufg_icon_tck/O
                         net (fo=482, routed)         0.555     1.608    dbg_hub/inst/BSCANID.u_xsdbm_id/CORE_XSDB.UUT_MASTER/U_ICON_INTERFACE/U_CMD6_WR/U_WR_FIFO/SUBCORE_FIFO.xsdbm_v3_0_3_wrfifo_inst/inst_fifo_gen/gconvfifo.rf/grf.rf/rstblk/wr_clk
    SLICE_X49Y35         FDPE                                         r  dbg_hub/inst/BSCANID.u_xsdbm_id/CORE_XSDB.UUT_MASTER/U_ICON_INTERFACE/U_CMD6_WR/U_WR_FIFO/SUBCORE_FIFO.xsdbm_v3_0_3_wrfifo_inst/inst_fifo_gen/gconvfifo.rf/grf.rf/rstblk/ngwrdrst.grst.g7serrst.wr_rst_reg_reg[0]/C
  -------------------------------------------------------------------    -------------------
    SLICE_X49Y35         FDPE (Prop_fdpe_C_Q)         0.141     1.749 f  dbg_hub/inst/BSCANID.u_xsdbm_id/CORE_XSDB.UUT_MASTER/U_ICON_INTERFACE/U_CMD6_WR/U_WR_FIFO/SUBCORE_FIFO.xsdbm_v3_0_3_wrfifo_inst/inst_fifo_gen/gconvfifo.rf/grf.rf/rstblk/ngwrdrst.grst.g7serrst.wr_rst_reg_reg[0]/Q
                         net (fo=18, routed)          0.226     1.976    dbg_hub/inst/BSCANID.u_xsdbm_id/CORE_XSDB.UUT_MASTER/U_ICON_INTERFACE/U_CMD6_WR/U_WR_FIFO/SUBCORE_FIFO.xsdbm_v3_0_3_wrfifo_inst/inst_fifo_gen/gconvfifo.rf/grf.rf/gntv_or_sync_fifo.gcx.clkx/gnxpm_cdc.gsync_stage[1].wr_stg_inst/AR[0]
    SLICE_X50Y36         FDCE                                         f  dbg_hub/inst/BSCANID.u_xsdbm_id/CORE_XSDB.UUT_MASTER/U_ICON_INTERFACE/U_CMD6_WR/U_WR_FIFO/SUBCORE_FIFO.xsdbm_v3_0_3_wrfifo_inst/inst_fifo_gen/gconvfifo.rf/grf.rf/gntv_or_sync_fifo.gcx.clkx/gnxpm_cdc.gsync_stage[1].wr_stg_inst/Q_reg_reg[2]/CLR
  -------------------------------------------------------------------    -------------------

                         (clock dbg_hub/inst/BSCANID.u_xsdbm_id/SWITCH_N_EXT_BSCAN.bscan_inst/SERIES7_BSCAN.bscan_inst/TCK rise edge)
                                                      0.000     0.000 r  
    BSCAN_X0Y0           BSCANE2                      0.000     0.000 r  dbg_hub/inst/BSCANID.u_xsdbm_id/SWITCH_N_EXT_BSCAN.bscan_inst/SERIES7_BSCAN.bscan_inst/TCK
                         net (fo=1, routed)           1.160     1.160    dbg_hub/inst/BSCANID.u_xsdbm_id/tck_bs
    BUFGCTRL_X0Y0        BUFG (Prop_bufg_I_O)         0.029     1.189 r  dbg_hub/inst/BSCANID.u_xsdbm_id/SWITCH_N_EXT_BSCAN.u_bufg_icon_tck/O
                         net (fo=482, routed)         0.818     2.007    dbg_hub/inst/BSCANID.u_xsdbm_id/CORE_XSDB.UUT_MASTER/U_ICON_INTERFACE/U_CMD6_WR/U_WR_FIFO/SUBCORE_FIFO.xsdbm_v3_0_3_wrfifo_inst/inst_fifo_gen/gconvfifo.rf/grf.rf/gntv_or_sync_fifo.gcx.clkx/gnxpm_cdc.gsync_stage[1].wr_stg_inst/wr_clk
    SLICE_X50Y36         FDCE                                         r  dbg_hub/inst/BSCANID.u_xsdbm_id/CORE_XSDB.UUT_MASTER/U_ICON_INTERFACE/U_CMD6_WR/U_WR_FIFO/SUBCORE_FIFO.xsdbm_v3_0_3_wrfifo_inst/inst_fifo_gen/gconvfifo.rf/grf.rf/gntv_or_sync_fifo.gcx.clkx/gnxpm_cdc.gsync_stage[1].wr_stg_inst/Q_reg_reg[2]/C
                         clock pessimism             -0.140     1.867    
    SLICE_X50Y36         FDCE (Remov_fdce_C_CLR)     -0.067     1.800    dbg_hub/inst/BSCANID.u_xsdbm_id/CORE_XSDB.UUT_MASTER/U_ICON_INTERFACE/U_CMD6_WR/U_WR_FIFO/SUBCORE_FIFO.xsdbm_v3_0_3_wrfifo_inst/inst_fifo_gen/gconvfifo.rf/grf.rf/gntv_or_sync_fifo.gcx.clkx/gnxpm_cdc.gsync_stage[1].wr_stg_inst/Q_reg_reg[2]
  -------------------------------------------------------------------
                         required time                         -1.800    
                         arrival time                           1.976    
  -------------------------------------------------------------------
                         slack                                  0.176    





