Copyright 1986-2022 Xilinx, Inc. All Rights Reserved. Copyright 2022-2024 Advanced Micro Devices, Inc. All Rights Reserved.
------------------------------------------------------------------------------------------------------------------------------------------------
| Tool Version : Vivado v.2024.2 (win64) Build 5239630 Fri Nov 08 22:35:27 MST 2024
| Date         : Tue Sep  1 20:17:36 2026
| Host         : PC-W003SS3G0143 running 64-bit major release  (build 9200)
| Command      : report_timing_summary -file D:/claude_workspace/pov3d/zynq_pov/icnd2260/build_dbg_ph28/icnd2260_lvds_dbg_div32_ph28.timing.rpt
| Design       : icnd2260_lxb_lvds_top
| Device       : 7z020-clg484
| Speed File   : -1  PRODUCTION 1.12 2019-11-22
| Design State : Routed
------------------------------------------------------------------------------------------------------------------------------------------------

Timing Summary Report

------------------------------------------------------------------------------------------------
| Timer Settings
| --------------
------------------------------------------------------------------------------------------------

  Enable Multi Corner Analysis               :  Yes
  Enable Pessimism Removal                   :  Yes
  Pessimism Removal Resolution               :  Nearest Common Node
  Enable Input Delay Default Clock           :  No
  Enable Preset / Clear Arcs                 :  No
  Disable Flight Delays                      :  No
  Ignore I/O Paths                           :  No
  Timing Early Launch at Borrowing Latches   :  No
  Borrow Time for Max Delay Exceptions       :  Yes
  Merge Timing Exceptions                    :  Yes
  Inter-SLR Compensation                     :  Conservative

  Corner  Analyze    Analyze    
  Name    Max Paths  Min Paths  
  ------  ---------  ---------  
  Slow    Yes        Yes        
  Fast    Yes        Yes        


------------------------------------------------------------------------------------------------
| Report Methodology
| ------------------
------------------------------------------------------------------------------------------------

No report available as report_methodology has not been run prior. Run report_methodology on the current design for the summary of methodology violations.



check_timing report

Table of Contents
-----------------
1. checking no_clock (0)
2. checking constant_clock (0)
3. checking pulse_width_clock (0)
4. checking unconstrained_internal_endpoints (0)
5. checking no_input_delay (1)
6. checking no_output_delay (7)
7. checking multiple_clock (0)
8. checking generated_clocks (0)
9. checking loops (0)
10. checking partial_input_delay (0)
11. checking partial_output_delay (0)
12. checking latch_loops (0)

1. checking no_clock (0)
------------------------
 There are 0 register/latch pins with no clock.


2. checking constant_clock (0)
------------------------------
 There are 0 register/latch pins with constant_clock.


3. checking pulse_width_clock (0)
---------------------------------
 There are 0 register/latch pins which need pulse_width check


4. checking unconstrained_internal_endpoints (0)
------------------------------------------------
 There are 0 pins that are not constrained for maximum delay.

 There are 0 pins that are not constrained for maximum delay due to constant clock.


5. checking no_input_delay (1)
------------------------------
 There are 0 input ports with no input delay specified.

 There is 1 input port with no input delay but user has a false path constraint. (MEDIUM)


6. checking no_output_delay (7)
-------------------------------
 There are 0 ports with no output delay specified.

 There are 6 ports with no output delay but user has a false path constraint (MEDIUM)

 There is 1 port with no output delay but with a timing clock defined on it or propagating through it (LOW)


7. checking multiple_clock (0)
------------------------------
 There are 0 register/latch pins with multiple clocks.


8. checking generated_clocks (0)
--------------------------------
 There are 0 generated clocks that are not connected to a clock source.


9. checking loops (0)
---------------------
 There are 0 combinational loops in the design.


10. checking partial_input_delay (0)
------------------------------------
 There are 0 input ports with partial input delay specified.


11. checking partial_output_delay (0)
-------------------------------------
 There are 0 ports with partial output delay specified.


12. checking latch_loops (0)
----------------------------
 There are 0 combinational latch loops in the design through latch input



------------------------------------------------------------------------------------------------
| Design Timing Summary
| ---------------------
------------------------------------------------------------------------------------------------

    WNS(ns)      TNS(ns)  TNS Failing Endpoints  TNS Total Endpoints      WHS(ns)      THS(ns)  THS Failing Endpoints  THS Total Endpoints     WPWS(ns)     TPWS(ns)  TPWS Failing Endpoints  TPWS Total Endpoints  
    -------      -------  ---------------------  -------------------      -------      -------  ---------------------  -------------------     --------     --------  ----------------------  --------------------  
     -0.652       -0.908                      2                 6061        0.037        0.000                      0                 6045        7.000        0.000                       0                  2960  


Timing constraints are not met.


------------------------------------------------------------------------------------------------
| Clock Summary
| -------------
------------------------------------------------------------------------------------------------

Clock                                                                                       Waveform(ns)       Period(ns)      Frequency(MHz)
-----                                                                                       ------------       ----------      --------------
clk50                                                                                       {0.000 10.000}     20.000          50.000          
  clkbit90_raw                                                                              {2.489 18.489}     32.000          31.250          
    lvds_ck                                                                                 {2.489 18.489}     32.000          31.250          
  clkbit_raw                                                                                {0.000 16.000}     32.000          31.250          
  clkfb                                                                                     {0.000 10.000}     20.000          50.000          
dbg_hub/inst/BSCANID.u_xsdbm_id/SWITCH_N_EXT_BSCAN.bscan_inst/SERIES7_BSCAN.bscan_inst/TCK  {0.000 16.500}     33.000          30.303          


------------------------------------------------------------------------------------------------
| Intra Clock Table
| -----------------
------------------------------------------------------------------------------------------------

Clock                                                                                           WNS(ns)      TNS(ns)  TNS Failing Endpoints  TNS Total Endpoints      WHS(ns)      THS(ns)  THS Failing Endpoints  THS Total Endpoints     WPWS(ns)     TPWS(ns)  TPWS Failing Endpoints  TPWS Total Endpoints  
-----                                                                                           -------      -------  ---------------------  -------------------      -------      -------  ---------------------  -------------------     --------     --------  ----------------------  --------------------  
clk50                                                                                                                                                                                                                                         7.000        0.000                       0                     1  
  clkbit90_raw                                                                                                                                                                                                                               29.845        0.000                       0                     3  
  clkbit_raw                                                                                     20.862        0.000                      0                 4906        0.061        0.000                      0                 4906       14.750        0.000                       0                  2470  
  clkfb                                                                                                                                                                                                                                      17.845        0.000                       0                     3  
dbg_hub/inst/BSCANID.u_xsdbm_id/SWITCH_N_EXT_BSCAN.bscan_inst/SERIES7_BSCAN.bscan_inst/TCK       26.746        0.000                      0                  928        0.037        0.000                      0                  928       15.250        0.000                       0                   483  


------------------------------------------------------------------------------------------------
| Inter Clock Table
| -----------------
------------------------------------------------------------------------------------------------

From Clock                                                                                  To Clock                                                                                        WNS(ns)      TNS(ns)  TNS Failing Endpoints  TNS Total Endpoints      WHS(ns)      THS(ns)  THS Failing Endpoints  THS Total Endpoints  
----------                                                                                  --------                                                                                        -------      -------  ---------------------  -------------------      -------      -------  ---------------------  -------------------  
clkbit_raw                                                                                  clkbit90_raw                                                                                     -0.652       -0.908                      2                    3       29.035        0.000                      0                    3  
clkbit_raw                                                                                  lvds_ck                                                                                           0.208        0.000                      0                    3        0.192        0.000                      0                    3  
dbg_hub/inst/BSCANID.u_xsdbm_id/SWITCH_N_EXT_BSCAN.bscan_inst/SERIES7_BSCAN.bscan_inst/TCK  clkbit_raw                                                                                       31.454        0.000                      0                    8                                                                        
clkbit_raw                                                                                  dbg_hub/inst/BSCANID.u_xsdbm_id/SWITCH_N_EXT_BSCAN.bscan_inst/SERIES7_BSCAN.bscan_inst/TCK       30.552        0.000                      0                    8                                                                        


------------------------------------------------------------------------------------------------
| Other Path Groups Table
| -----------------------
------------------------------------------------------------------------------------------------

Path Group                                                                                  From Clock                                                                                  To Clock                                                                                        WNS(ns)      TNS(ns)  TNS Failing Endpoints  TNS Total Endpoints      WHS(ns)      THS(ns)  THS Failing Endpoints  THS Total Endpoints  
----------                                                                                  ----------                                                                                  --------                                                                                        -------      -------  ---------------------  -------------------      -------      -------  ---------------------  -------------------  
**async_default**                                                                           clkbit_raw                                                                                  clkbit_raw                                                                                       28.121        0.000                      0                  105        0.328        0.000                      0                  105  
**async_default**                                                                           dbg_hub/inst/BSCANID.u_xsdbm_id/SWITCH_N_EXT_BSCAN.bscan_inst/SERIES7_BSCAN.bscan_inst/TCK  dbg_hub/inst/BSCANID.u_xsdbm_id/SWITCH_N_EXT_BSCAN.bscan_inst/SERIES7_BSCAN.bscan_inst/TCK       27.913        0.000                      0                  100        0.345        0.000                      0                  100  


------------------------------------------------------------------------------------------------
| Timing Details
| --------------
------------------------------------------------------------------------------------------------


---------------------------------------------------------------------------------------------------
From Clock:  clk50
  To Clock:  clk50

Setup :           NA  Failing Endpoints,  Worst Slack           NA  ,  Total Violation           NA
Hold  :           NA  Failing Endpoints,  Worst Slack           NA  ,  Total Violation           NA
PW    :            0  Failing Endpoints,  Worst Slack        7.000ns,  Total Violation        0.000ns
---------------------------------------------------------------------------------------------------


Pulse Width Checks
--------------------------------------------------------------------------------------
Clock Name:         clk50
Waveform(ns):       { 0.000 10.000 }
Period(ns):         20.000
Sources:            { clk50 }

Check Type        Corner  Lib Pin            Reference Pin  Required(ns)  Actual(ns)  Slack(ns)  Location         Pin
Min Period        n/a     MMCME2_ADV/CLKIN1  n/a            1.249         20.000      18.751     MMCME2_ADV_X1Y1  u_mmcm/CLKIN1
Max Period        n/a     MMCME2_ADV/CLKIN1  n/a            100.000       20.000      80.000     MMCME2_ADV_X1Y1  u_mmcm/CLKIN1
Low Pulse Width   Slow    MMCME2_ADV/CLKIN1  n/a            3.000         10.000      7.000      MMCME2_ADV_X1Y1  u_mmcm/CLKIN1
High Pulse Width  Slow    MMCME2_ADV/CLKIN1  n/a            3.000         10.000      7.000      MMCME2_ADV_X1Y1  u_mmcm/CLKIN1



---------------------------------------------------------------------------------------------------
From Clock:  clkbit90_raw
  To Clock:  clkbit90_raw

Setup :           NA  Failing Endpoints,  Worst Slack           NA  ,  Total Violation           NA
Hold  :           NA  Failing Endpoints,  Worst Slack           NA  ,  Total Violation           NA
PW    :            0  Failing Endpoints,  Worst Slack       29.845ns,  Total Violation        0.000ns
---------------------------------------------------------------------------------------------------


Pulse Width Checks
--------------------------------------------------------------------------------------
Clock Name:         clkbit90_raw
Waveform(ns):       { 2.489 18.489 }
Period(ns):         32.000
Sources:            { u_mmcm/CLKOUT1 }

Check Type  Corner  Lib Pin             Reference Pin  Required(ns)  Actual(ns)  Slack(ns)  Location         Pin
Min Period  n/a     BUFG/I              n/a            2.155         32.000      29.845     BUFGCTRL_X0Y17   u_bufg_90/I
Max Period  n/a     MMCME2_ADV/CLKOUT1  n/a            213.360       32.000      181.360    MMCME2_ADV_X1Y1  u_mmcm/CLKOUT1



---------------------------------------------------------------------------------------------------
From Clock:  clkbit_raw
  To Clock:  clkbit_raw

Setup :            0  Failing Endpoints,  Worst Slack       20.862ns,  Total Violation        0.000ns
Hold  :            0  Failing Endpoints,  Worst Slack        0.061ns,  Total Violation        0.000ns
PW    :            0  Failing Endpoints,  Worst Slack       14.750ns,  Total Violation        0.000ns
---------------------------------------------------------------------------------------------------


Max Delay Paths
--------------------------------------------------------------------------------------
Slack (MET) :             20.862ns  (required time - arrival time)
  Source:                 u_seq/src_reg[0]/C
                            (rising edge-triggered cell FDRE clocked by clkbit_raw  {rise@0.000ns fall@16.000ns period=32.000ns})
  Destination:            u_seq/reg_q_reg[3]/D
                            (rising edge-triggered cell FDRE clocked by clkbit_raw  {rise@0.000ns fall@16.000ns period=32.000ns})
  Path Group:             clkbit_raw
  Path Type:              Setup (Max at Slow Process Corner)
  Requirement:            32.000ns  (clkbit_raw rise@32.000ns - clkbit_raw rise@0.000ns)
  Data Path Delay:        11.044ns  (logic 1.706ns (15.448%)  route 9.338ns (84.552%))
  Logic Levels:           8  (LUT2=1 LUT4=1 LUT5=2 LUT6=3 RAMD64E=1)
  Clock Path Skew:        -0.070ns (DCD - SCD + CPR)
    Destination Clock Delay (DCD):    -1.538ns = ( 30.462 - 32.000 ) 
    Source Clock Delay      (SCD):    -0.893ns
    Clock Pessimism Removal (CPR):    0.576ns
  Clock Uncertainty:      0.101ns  ((TSJ^2 + DJ^2)^1/2) / 2 + PE
    Total System Jitter     (TSJ):    0.071ns
    Discrete Jitter          (DJ):    0.190ns
    Phase Error              (PE):    0.000ns

    Location             Delay type                Incr(ns)  Path(ns)    Netlist Resource(s)
  -------------------------------------------------------------------    -------------------
                         (clock clkbit_raw rise edge)
                                                      0.000     0.000 r  
    M19                                               0.000     0.000 r  clk50 (IN)
                         net (fo=0)                   0.000     0.000    clk50
    M19                  IBUF (Prop_ibuf_I_O)         1.436     1.436 r  clk50_IBUF_inst/O
                         net (fo=1, routed)           1.285     2.721    clk50_IBUF
    MMCME2_ADV_X1Y1      MMCME2_ADV (Prop_mmcme2_adv_CLKIN1_CLKOUT0)
                                                     -7.406    -4.685 r  u_mmcm/CLKOUT0
                         net (fo=1, routed)           1.889    -2.796    clkbit_raw
    BUFGCTRL_X0Y16       BUFG (Prop_bufg_I_O)         0.101    -2.695 r  u_bufg_0/O
                         net (fo=2468, routed)        1.802    -0.893    u_seq/clk
    SLICE_X102Y41        FDRE                                         r  u_seq/src_reg[0]/C
  -------------------------------------------------------------------    -------------------
    SLICE_X102Y41        FDRE (Prop_fdre_C_Q)         0.518    -0.375 f  u_seq/src_reg[0]/Q
                         net (fo=52, routed)          1.884     1.509    u_seq/src_reg_n_0_[0]
    SLICE_X87Y28         LUT5 (Prop_lut5_I2_O)        0.124     1.633 f  u_seq/pl_last_INST_0_i_4/O
                         net (fo=1, routed)           0.405     2.038    u_seq/pl_last_INST_0_i_4_n_0
    SLICE_X87Y26         LUT6 (Prop_lut6_I5_O)        0.124     2.162 f  u_seq/pl_last_INST_0_i_1/O
                         net (fo=1, routed)           1.121     3.283    u_seq/pl_last_INST_0_i_1_n_0
    SLICE_X87Y35         LUT6 (Prop_lut6_I0_O)        0.124     3.407 f  u_seq/pl_last_INST_0/O
                         net (fo=2, routed)           0.964     4.371    u_tx/pl_last
    SLICE_X99Y35         LUT5 (Prop_lut5_I3_O)        0.118     4.489 r  u_tx/pl_next_INST_0/O
                         net (fo=15, routed)          1.140     5.629    u_seq/pl_next
    SLICE_X88Y35         LUT4 (Prop_lut4_I0_O)        0.326     5.955 r  u_seq/reg_rom_reg_0_63_0_2_i_5/O
                         net (fo=64, routed)          1.778     7.733    u_seq/reg_rom_reg_128_191_3_5/ADDRA2
    SLICE_X94Y40         RAMD64E (Prop_ramd64e_RADR2_O)
                                                      0.124     7.857 r  u_seq/reg_rom_reg_128_191_3_5/RAMA/O
                         net (fo=1, routed)           1.151     9.008    u_seq/reg_rom_reg_128_191_3_5_n_0
    SLICE_X93Y39         LUT6 (Prop_lut6_I1_O)        0.124     9.132 r  u_seq/reg_q[3]_i_2/O
                         net (fo=1, routed)           0.895    10.027    u_seq/reg_raw[3]
    SLICE_X90Y35         LUT2 (Prop_lut2_I0_O)        0.124    10.151 r  u_seq/reg_q[3]_i_1/O
                         net (fo=1, routed)           0.000    10.151    u_seq/reg_masked[3]
    SLICE_X90Y35         FDRE                                         r  u_seq/reg_q_reg[3]/D
  -------------------------------------------------------------------    -------------------

                         (clock clkbit_raw rise edge)
                                                     32.000    32.000 r  
    M19                                               0.000    32.000 r  clk50 (IN)
                         net (fo=0)                   0.000    32.000    clk50
    M19                  IBUF (Prop_ibuf_I_O)         1.366    33.366 r  clk50_IBUF_inst/O
                         net (fo=1, routed)           1.162    34.528    clk50_IBUF
    MMCME2_ADV_X1Y1      MMCME2_ADV (Prop_mmcme2_adv_CLKIN1_CLKOUT0)
                                                     -7.500    27.028 r  u_mmcm/CLKOUT0
                         net (fo=1, routed)           1.725    28.753    clkbit_raw
    BUFGCTRL_X0Y16       BUFG (Prop_bufg_I_O)         0.091    28.844 r  u_bufg_0/O
                         net (fo=2468, routed)        1.617    30.462    u_seq/clk
    SLICE_X90Y35         FDRE                                         r  u_seq/reg_q_reg[3]/C
                         clock pessimism              0.576    31.037    
                         clock uncertainty           -0.101    30.936    
    SLICE_X90Y35         FDRE (Setup_fdre_C_D)        0.077    31.013    u_seq/reg_q_reg[3]
  -------------------------------------------------------------------
                         required time                         31.013    
                         arrival time                         -10.151    
  -------------------------------------------------------------------
                         slack                                 20.862    





Min Delay Paths
--------------------------------------------------------------------------------------
Slack (MET) :             0.061ns  (arrival time - required time)
  Source:                 <hidden>
                            (rising edge-triggered cell FDRE clocked by clkbit_raw  {rise@0.000ns fall@16.000ns period=32.000ns})
  Destination:            u_seq/reg_rom_reg_192_255_0_2/RAMA/WADR0
                            (rising edge-triggered cell RAMD64E clocked by clkbit_raw  {rise@0.000ns fall@16.000ns period=32.000ns})
  Path Group:             clkbit_raw
  Path Type:              Hold (Min at Fast Process Corner)
  Requirement:            0.000ns  (clkbit_raw rise@0.000ns - clkbit_raw rise@0.000ns)
  Data Path Delay:        0.384ns  (logic 0.141ns (36.735%)  route 0.243ns (63.265%))
  Logic Levels:           0  
  Clock Path Skew:        0.013ns (DCD - SCD - CPR)
    Destination Clock Delay (DCD):    -0.873ns
    Source Clock Delay      (SCD):    -0.633ns
    Clock Pessimism Removal (CPR):    -0.253ns

    Location             Delay type                Incr(ns)  Path(ns)    Netlist Resource(s)
  -------------------------------------------------------------------    -------------------
                         (clock clkbit_raw rise edge)
                                                      0.000     0.000 r  
    M19                                               0.000     0.000 r  clk50 (IN)
                         net (fo=0)                   0.000     0.000    clk50
    M19                  IBUF (Prop_ibuf_I_O)         0.205     0.205 r  clk50_IBUF_inst/O
                         net (fo=1, routed)           0.440     0.645    clk50_IBUF
    MMCME2_ADV_X1Y1      MMCME2_ADV (Prop_mmcme2_adv_CLKIN1_CLKOUT0)
                                                     -2.444    -1.799 r  u_mmcm/CLKOUT0
                         net (fo=1, routed)           0.529    -1.270    clkbit_raw
    BUFGCTRL_X0Y16       BUFG (Prop_bufg_I_O)         0.026    -1.244 r  u_bufg_0/O
                         net (fo=2468, routed)        0.611    -0.633    <hidden>
    SLICE_X97Y38         FDRE                                         r  <hidden>
  -------------------------------------------------------------------    -------------------
    SLICE_X97Y38         FDRE (Prop_fdre_C_Q)         0.141    -0.492 r  <hidden>
                         net (fo=112, routed)         0.243    -0.249    u_seq/reg_rom_reg_192_255_0_2/ADDRD0
    SLICE_X96Y38         RAMD64E                                      r  u_seq/reg_rom_reg_192_255_0_2/RAMA/WADR0
  -------------------------------------------------------------------    -------------------

                         (clock clkbit_raw rise edge)
                                                      0.000     0.000 r  
    M19                                               0.000     0.000 r  clk50 (IN)
                         net (fo=0)                   0.000     0.000    clk50
    M19                  IBUF (Prop_ibuf_I_O)         0.392     0.392 r  clk50_IBUF_inst/O
                         net (fo=1, routed)           0.480     0.872    clk50_IBUF
    MMCME2_ADV_X1Y1      MMCME2_ADV (Prop_mmcme2_adv_CLKIN1_CLKOUT0)
                                                     -3.231    -2.359 r  u_mmcm/CLKOUT0
                         net (fo=1, routed)           0.576    -1.783    clkbit_raw
    BUFGCTRL_X0Y16       BUFG (Prop_bufg_I_O)         0.029    -1.754 r  u_bufg_0/O
                         net (fo=2468, routed)        0.881    -0.873    u_seq/reg_rom_reg_192_255_0_2/WCLK
    SLICE_X96Y38         RAMD64E                                      r  u_seq/reg_rom_reg_192_255_0_2/RAMA/CLK
                         clock pessimism              0.253    -0.620    
    SLICE_X96Y38         RAMD64E (Hold_ramd64e_CLK_WADR0)
                                                      0.310    -0.310    u_seq/reg_rom_reg_192_255_0_2/RAMA
  -------------------------------------------------------------------
                         required time                          0.310    
                         arrival time                          -0.249    
  -------------------------------------------------------------------
                         slack                                  0.061    





Pulse Width Checks
--------------------------------------------------------------------------------------
Clock Name:         clkbit_raw
Waveform(ns):       { 0.000 16.000 }
Period(ns):         32.000
Sources:            { u_mmcm/CLKOUT0 }

Check Type        Corner  Lib Pin             Reference Pin  Required(ns)  Actual(ns)  Slack(ns)  Location         Pin
Min Period        n/a     RAMB36E1/CLKARDCLK  n/a            2.576         32.000      29.424     RAMB36_X4Y4      fb_rom_q_reg_0/CLKARDCLK
Max Period        n/a     MMCME2_ADV/CLKOUT0  n/a            213.360       32.000      181.360    MMCME2_ADV_X1Y1  u_mmcm/CLKOUT0
Low Pulse Width   Slow    RAMD32/CLK          n/a            1.250         16.000      14.750     SLICE_X86Y44     dbg_hub/inst/BSCANID.u_xsdbm_id/CORE_XSDB.UUT_MASTER/U_ICON_INTERFACE/U_CMD6_RD/U_RD_FIFO/SUBCORE_FIFO.xsdbm_v3_0_3_rdfifo_inst/inst_fifo_gen/gconvfifo.rf/grf.rf/gntv_or_sync_fifo.mem/gdm.dm_gen.dm/RAM_reg_0_15_0_5/RAMA/CLK
High Pulse Width  Slow    RAMD32/CLK          n/a            1.250         16.000      14.750     SLICE_X86Y44     dbg_hub/inst/BSCANID.u_xsdbm_id/CORE_XSDB.UUT_MASTER/U_ICON_INTERFACE/U_CMD6_RD/U_RD_FIFO/SUBCORE_FIFO.xsdbm_v3_0_3_rdfifo_inst/inst_fifo_gen/gconvfifo.rf/grf.rf/gntv_or_sync_fifo.mem/gdm.dm_gen.dm/RAM_reg_0_15_0_5/RAMA/CLK



---------------------------------------------------------------------------------------------------
From Clock:  clkfb
  To Clock:  clkfb

Setup :           NA  Failing Endpoints,  Worst Slack           NA  ,  Total Violation           NA
Hold  :           NA  Failing Endpoints,  Worst Slack           NA  ,  Total Violation           NA
PW    :            0  Failing Endpoints,  Worst Slack       17.845ns,  Total Violation        0.000ns
---------------------------------------------------------------------------------------------------


Pulse Width Checks
--------------------------------------------------------------------------------------
Clock Name:         clkfb
Waveform(ns):       { 0.000 10.000 }
Period(ns):         20.000
Sources:            { u_mmcm/CLKFBOUT }

Check Type  Corner  Lib Pin             Reference Pin  Required(ns)  Actual(ns)  Slack(ns)  Location         Pin
Min Period  n/a     BUFG/I              n/a            2.155         20.000      17.845     BUFGCTRL_X0Y18   u_bufg_fb/I
Max Period  n/a     MMCME2_ADV/CLKFBIN  n/a            100.000       20.000      80.000     MMCME2_ADV_X1Y1  u_mmcm/CLKFBIN



---------------------------------------------------------------------------------------------------
From Clock:  dbg_hub/inst/BSCANID.u_xsdbm_id/SWITCH_N_EXT_BSCAN.bscan_inst/SERIES7_BSCAN.bscan_inst/TCK
  To Clock:  dbg_hub/inst/BSCANID.u_xsdbm_id/SWITCH_N_EXT_BSCAN.bscan_inst/SERIES7_BSCAN.bscan_inst/TCK

Setup :            0  Failing Endpoints,  Worst Slack       26.746ns,  Total Violation        0.000ns
Hold  :            0  Failing Endpoints,  Worst Slack        0.037ns,  Total Violation        0.000ns
PW    :            0  Failing Endpoints,  Worst Slack       15.250ns,  Total Violation        0.000ns
---------------------------------------------------------------------------------------------------


Max Delay Paths
--------------------------------------------------------------------------------------
Slack (MET) :             26.746ns  (required time - arrival time)
  Source:                 dbg_hub/inst/BSCANID.u_xsdbm_id/SWITCH_N_EXT_BSCAN.bscan_switch/state_reg[0]/C
                            (rising edge-triggered cell FDRE clocked by dbg_hub/inst/BSCANID.u_xsdbm_id/SWITCH_N_EXT_BSCAN.bscan_inst/SERIES7_BSCAN.bscan_inst/TCK  {rise@0.000ns fall@16.500ns period=33.000ns})
  Destination:            dbg_hub/inst/BSCANID.u_xsdbm_id/SWITCH_N_EXT_BSCAN.bscan_switch/portno_temp_reg[0]/D
                            (rising edge-triggered cell FDRE clocked by dbg_hub/inst/BSCANID.u_xsdbm_id/SWITCH_N_EXT_BSCAN.bscan_inst/SERIES7_BSCAN.bscan_inst/TCK  {rise@0.000ns fall@16.500ns period=33.000ns})
  Path Group:             dbg_hub/inst/BSCANID.u_xsdbm_id/SWITCH_N_EXT_BSCAN.bscan_inst/SERIES7_BSCAN.bscan_inst/TCK
  Path Type:              Setup (Max at Slow Process Corner)
  Requirement:            33.000ns  (dbg_hub/inst/BSCANID.u_xsdbm_id/SWITCH_N_EXT_BSCAN.bscan_inst/SERIES7_BSCAN.bscan_inst/TCK rise@33.000ns - dbg_hub/inst/BSCANID.u_xsdbm_id/SWITCH_N_EXT_BSCAN.bscan_inst/SERIES7_BSCAN.bscan_inst/TCK rise@0.000ns)
  Data Path Delay:        6.189ns  (logic 1.972ns (31.865%)  route 4.217ns (68.135%))
  Logic Levels:           6  (CARRY4=2 LUT3=1 LUT4=1 LUT5=1 LUT6=1)
  Clock Path Skew:        -0.062ns (DCD - SCD + CPR)
    Destination Clock Delay (DCD):    3.632ns = ( 36.632 - 33.000 ) 
    Source Clock Delay      (SCD):    4.130ns
    Clock Pessimism Removal (CPR):    0.436ns
  Clock Uncertainty:      0.035ns  ((TSJ^2 + TIJ^2)^1/2 + DJ) / 2 + PE
    Total System Jitter     (TSJ):    0.071ns
    Total Input Jitter      (TIJ):    0.000ns
    Discrete Jitter          (DJ):    0.000ns
    Phase Error              (PE):    0.000ns

    Location             Delay type                Incr(ns)  Path(ns)    Netlist Resource(s)
  -------------------------------------------------------------------    -------------------
                         (clock dbg_hub/inst/BSCANID.u_xsdbm_id/SWITCH_N_EXT_BSCAN.bscan_inst/SERIES7_BSCAN.bscan_inst/TCK rise edge)
                                                      0.000     0.000 r  
    BSCAN_X0Y0           BSCANE2                      0.000     0.000 r  dbg_hub/inst/BSCANID.u_xsdbm_id/SWITCH_N_EXT_BSCAN.bscan_inst/SERIES7_BSCAN.bscan_inst/TCK
                         net (fo=1, routed)           2.306     2.306    dbg_hub/inst/BSCANID.u_xsdbm_id/tck_bs
    BUFGCTRL_X0Y0        BUFG (Prop_bufg_I_O)         0.101     2.407 r  dbg_hub/inst/BSCANID.u_xsdbm_id/SWITCH_N_EXT_BSCAN.u_bufg_icon_tck/O
                         net (fo=482, routed)         1.723     4.130    dbg_hub/inst/BSCANID.u_xsdbm_id/SWITCH_N_EXT_BSCAN.bscan_switch/s_bscan_tck
    SLICE_X83Y57         FDRE                                         r  dbg_hub/inst/BSCANID.u_xsdbm_id/SWITCH_N_EXT_BSCAN.bscan_switch/state_reg[0]/C
  -------------------------------------------------------------------    -------------------
    SLICE_X83Y57         FDRE (Prop_fdre_C_Q)         0.419     4.549 r  dbg_hub/inst/BSCANID.u_xsdbm_id/SWITCH_N_EXT_BSCAN.bscan_switch/state_reg[0]/Q
                         net (fo=50, routed)          1.310     5.858    dbg_hub/inst/BSCANID.u_xsdbm_id/SWITCH_N_EXT_BSCAN.bscan_switch/state[0]
    SLICE_X82Y55         LUT4 (Prop_lut4_I1_O)        0.299     6.157 r  dbg_hub/inst/BSCANID.u_xsdbm_id/SWITCH_N_EXT_BSCAN.bscan_switch/curid_inferred_i_22/O
                         net (fo=2, routed)           0.961     7.119    dbg_hub/inst/BSCANID.u_xsdbm_id/SWITCH_N_EXT_BSCAN.bscan_switch/curid[10]
    SLICE_X84Y55         LUT6 (Prop_lut6_I1_O)        0.124     7.243 r  dbg_hub/inst/BSCANID.u_xsdbm_id/SWITCH_N_EXT_BSCAN.bscan_switch/state_temp[0]_i_12/O
                         net (fo=1, routed)           0.000     7.243    dbg_hub/inst/BSCANID.u_xsdbm_id/SWITCH_N_EXT_BSCAN.bscan_switch/state_temp[0]_i_12_n_0
    SLICE_X84Y55         CARRY4 (Prop_carry4_S[0]_CO[3])
                                                      0.532     7.775 r  dbg_hub/inst/BSCANID.u_xsdbm_id/SWITCH_N_EXT_BSCAN.bscan_switch/state_temp_reg[0]_i_4/CO[3]
                         net (fo=1, routed)           0.000     7.775    dbg_hub/inst/BSCANID.u_xsdbm_id/SWITCH_N_EXT_BSCAN.bscan_switch/state_temp_reg[0]_i_4_n_0
    SLICE_X84Y56         CARRY4 (Prop_carry4_CI_CO[3])
                                                      0.114     7.889 f  dbg_hub/inst/BSCANID.u_xsdbm_id/SWITCH_N_EXT_BSCAN.bscan_switch/state_temp_reg[0]_i_3/CO[3]
                         net (fo=4, routed)           0.909     8.797    dbg_hub/inst/BSCANID.u_xsdbm_id/SWITCH_N_EXT_BSCAN.bscan_switch/state_temp_reg[0]_i_3_n_0
    SLICE_X82Y56         LUT5 (Prop_lut5_I1_O)        0.153     8.950 r  dbg_hub/inst/BSCANID.u_xsdbm_id/SWITCH_N_EXT_BSCAN.bscan_switch/portno_temp[5]_i_2/O
                         net (fo=7, routed)           1.037     9.987    dbg_hub/inst/BSCANID.u_xsdbm_id/SWITCH_N_EXT_BSCAN.bscan_switch/portno_temp[5]_i_2_n_0
    SLICE_X80Y58         LUT3 (Prop_lut3_I1_O)        0.331    10.318 r  dbg_hub/inst/BSCANID.u_xsdbm_id/SWITCH_N_EXT_BSCAN.bscan_switch/portno_temp[0]_i_1/O
                         net (fo=1, routed)           0.000    10.318    dbg_hub/inst/BSCANID.u_xsdbm_id/SWITCH_N_EXT_BSCAN.bscan_switch/portno_temp[0]_i_1_n_0
    SLICE_X80Y58         FDRE                                         r  dbg_hub/inst/BSCANID.u_xsdbm_id/SWITCH_N_EXT_BSCAN.bscan_switch/portno_temp_reg[0]/D
  -------------------------------------------------------------------    -------------------

                         (clock dbg_hub/inst/BSCANID.u_xsdbm_id/SWITCH_N_EXT_BSCAN.bscan_inst/SERIES7_BSCAN.bscan_inst/TCK rise edge)
                                                     33.000    33.000 r  
    BSCAN_X0Y0           BSCANE2                      0.000    33.000 r  dbg_hub/inst/BSCANID.u_xsdbm_id/SWITCH_N_EXT_BSCAN.bscan_inst/SERIES7_BSCAN.bscan_inst/TCK
                         net (fo=1, routed)           1.994    34.994    dbg_hub/inst/BSCANID.u_xsdbm_id/tck_bs
    BUFGCTRL_X0Y0        BUFG (Prop_bufg_I_O)         0.091    35.085 r  dbg_hub/inst/BSCANID.u_xsdbm_id/SWITCH_N_EXT_BSCAN.u_bufg_icon_tck/O
                         net (fo=482, routed)         1.547    36.632    dbg_hub/inst/BSCANID.u_xsdbm_id/SWITCH_N_EXT_BSCAN.bscan_switch/s_bscan_tck
    SLICE_X80Y58         FDRE                                         r  dbg_hub/inst/BSCANID.u_xsdbm_id/SWITCH_N_EXT_BSCAN.bscan_switch/portno_temp_reg[0]/C
                         clock pessimism              0.436    37.068    
                         clock uncertainty           -0.035    37.033    
    SLICE_X80Y58         FDRE (Setup_fdre_C_D)        0.032    37.065    dbg_hub/inst/BSCANID.u_xsdbm_id/SWITCH_N_EXT_BSCAN.bscan_switch/portno_temp_reg[0]
  -------------------------------------------------------------------
                         required time                         37.065    
                         arrival time                         -10.318    
  -------------------------------------------------------------------
                         slack                                 26.746    





Min Delay Paths
--------------------------------------------------------------------------------------
Slack (MET) :             0.037ns  (arrival time - required time)
  Source:                 dbg_hub/inst/BSCANID.u_xsdbm_id/CORE_XSDB.UUT_MASTER/U_ICON_INTERFACE/icn_cmd_en_reg[7]/C
                            (rising edge-triggered cell FDRE clocked by dbg_hub/inst/BSCANID.u_xsdbm_id/SWITCH_N_EXT_BSCAN.bscan_inst/SERIES7_BSCAN.bscan_inst/TCK  {rise@0.000ns fall@16.500ns period=33.000ns})
  Destination:            dbg_hub/inst/BSCANID.u_xsdbm_id/CORE_XSDB.UUT_MASTER/U_ICON_INTERFACE/U_CMD7_CTL/icn_cmd_en_temp_reg/D
                            (rising edge-triggered cell FDRE clocked by dbg_hub/inst/BSCANID.u_xsdbm_id/SWITCH_N_EXT_BSCAN.bscan_inst/SERIES7_BSCAN.bscan_inst/TCK  {rise@0.000ns fall@16.500ns period=33.000ns})
  Path Group:             dbg_hub/inst/BSCANID.u_xsdbm_id/SWITCH_N_EXT_BSCAN.bscan_inst/SERIES7_BSCAN.bscan_inst/TCK
  Path Type:              Hold (Min at Fast Process Corner)
  Requirement:            0.000ns  (dbg_hub/inst/BSCANID.u_xsdbm_id/SWITCH_N_EXT_BSCAN.bscan_inst/SERIES7_BSCAN.bscan_inst/TCK rise@0.000ns - dbg_hub/inst/BSCANID.u_xsdbm_id/SWITCH_N_EXT_BSCAN.bscan_inst/SERIES7_BSCAN.bscan_inst/TCK rise@0.000ns)
  Data Path Delay:        0.379ns  (logic 0.141ns (37.209%)  route 0.238ns (62.791%))
  Logic Levels:           0  
  Clock Path Skew:        0.270ns (DCD - SCD - CPR)
    Destination Clock Delay (DCD):    2.045ns
    Source Clock Delay      (SCD):    1.640ns
    Clock Pessimism Removal (CPR):    0.135ns

    Location             Delay type                Incr(ns)  Path(ns)    Netlist Resource(s)
  -------------------------------------------------------------------    -------------------
                         (clock dbg_hub/inst/BSCANID.u_xsdbm_id/SWITCH_N_EXT_BSCAN.bscan_inst/SERIES7_BSCAN.bscan_inst/TCK rise edge)
                                                      0.000     0.000 r  
    BSCAN_X0Y0           BSCANE2                      0.000     0.000 r  dbg_hub/inst/BSCANID.u_xsdbm_id/SWITCH_N_EXT_BSCAN.bscan_inst/SERIES7_BSCAN.bscan_inst/TCK
                         net (fo=1, routed)           1.028     1.028    dbg_hub/inst/BSCANID.u_xsdbm_id/tck_bs
    BUFGCTRL_X0Y0        BUFG (Prop_bufg_I_O)         0.026     1.054 r  dbg_hub/inst/BSCANID.u_xsdbm_id/SWITCH_N_EXT_BSCAN.u_bufg_icon_tck/O
                         net (fo=482, routed)         0.586     1.640    dbg_hub/inst/BSCANID.u_xsdbm_id/CORE_XSDB.UUT_MASTER/U_ICON_INTERFACE/m_bscan_tck[0]
    SLICE_X84Y51         FDRE                                         r  dbg_hub/inst/BSCANID.u_xsdbm_id/CORE_XSDB.UUT_MASTER/U_ICON_INTERFACE/icn_cmd_en_reg[7]/C
  -------------------------------------------------------------------    -------------------
    SLICE_X84Y51         FDRE (Prop_fdre_C_Q)         0.141     1.781 r  dbg_hub/inst/BSCANID.u_xsdbm_id/CORE_XSDB.UUT_MASTER/U_ICON_INTERFACE/icn_cmd_en_reg[7]/Q
                         net (fo=5, routed)           0.238     2.018    dbg_hub/inst/BSCANID.u_xsdbm_id/CORE_XSDB.UUT_MASTER/U_ICON_INTERFACE/U_CMD7_CTL/icn_cmd_en_temp_reg_0
    SLICE_X81Y48         FDRE                                         r  dbg_hub/inst/BSCANID.u_xsdbm_id/CORE_XSDB.UUT_MASTER/U_ICON_INTERFACE/U_CMD7_CTL/icn_cmd_en_temp_reg/D
  -------------------------------------------------------------------    -------------------

                         (clock dbg_hub/inst/BSCANID.u_xsdbm_id/SWITCH_N_EXT_BSCAN.bscan_inst/SERIES7_BSCAN.bscan_inst/TCK rise edge)
                                                      0.000     0.000 r  
    BSCAN_X0Y0           BSCANE2                      0.000     0.000 r  dbg_hub/inst/BSCANID.u_xsdbm_id/SWITCH_N_EXT_BSCAN.bscan_inst/SERIES7_BSCAN.bscan_inst/TCK
                         net (fo=1, routed)           1.160     1.160    dbg_hub/inst/BSCANID.u_xsdbm_id/tck_bs
    BUFGCTRL_X0Y0        BUFG (Prop_bufg_I_O)         0.029     1.189 r  dbg_hub/inst/BSCANID.u_xsdbm_id/SWITCH_N_EXT_BSCAN.u_bufg_icon_tck/O
                         net (fo=482, routed)         0.856     2.045    dbg_hub/inst/BSCANID.u_xsdbm_id/CORE_XSDB.UUT_MASTER/U_ICON_INTERFACE/U_CMD7_CTL/m_bscan_tck[0]
    SLICE_X81Y48         FDRE                                         r  dbg_hub/inst/BSCANID.u_xsdbm_id/CORE_XSDB.UUT_MASTER/U_ICON_INTERFACE/U_CMD7_CTL/icn_cmd_en_temp_reg/C
                         clock pessimism             -0.135     1.910    
    SLICE_X81Y48         FDRE (Hold_fdre_C_D)         0.072     1.982    dbg_hub/inst/BSCANID.u_xsdbm_id/CORE_XSDB.UUT_MASTER/U_ICON_INTERFACE/U_CMD7_CTL/icn_cmd_en_temp_reg
  -------------------------------------------------------------------
                         required time                         -1.982    
                         arrival time                           2.018    
  -------------------------------------------------------------------
                         slack                                  0.037    





Pulse Width Checks
--------------------------------------------------------------------------------------
Clock Name:         dbg_hub/inst/BSCANID.u_xsdbm_id/SWITCH_N_EXT_BSCAN.bscan_inst/SERIES7_BSCAN.bscan_inst/TCK
Waveform(ns):       { 0.000 16.500 }
Period(ns):         33.000
Sources:            { dbg_hub/inst/BSCANID.u_xsdbm_id/SWITCH_N_EXT_BSCAN.bscan_inst/SERIES7_BSCAN.bscan_inst/TCK }

Check Type        Corner  Lib Pin     Reference Pin  Required(ns)  Actual(ns)  Slack(ns)  Location       Pin
Min Period        n/a     BUFG/I      n/a            2.155         33.000      30.845     BUFGCTRL_X0Y0  dbg_hub/inst/BSCANID.u_xsdbm_id/SWITCH_N_EXT_BSCAN.u_bufg_icon_tck/I
Low Pulse Width   Slow    RAMD32/CLK  n/a            1.250         16.500      15.250     SLICE_X86Y40   dbg_hub/inst/BSCANID.u_xsdbm_id/CORE_XSDB.UUT_MASTER/U_ICON_INTERFACE/U_CMD6_WR/U_WR_FIFO/SUBCORE_FIFO.xsdbm_v3_0_3_wrfifo_inst/inst_fifo_gen/gconvfifo.rf/grf.rf/gntv_or_sync_fifo.mem/gdm.dm_gen.dm/RAM_reg_0_15_0_5/RAMA/CLK
High Pulse Width  Slow    RAMD32/CLK  n/a            1.250         16.500      15.250     SLICE_X86Y40   dbg_hub/inst/BSCANID.u_xsdbm_id/CORE_XSDB.UUT_MASTER/U_ICON_INTERFACE/U_CMD6_WR/U_WR_FIFO/SUBCORE_FIFO.xsdbm_v3_0_3_wrfifo_inst/inst_fifo_gen/gconvfifo.rf/grf.rf/gntv_or_sync_fifo.mem/gdm.dm_gen.dm/RAM_reg_0_15_0_5/RAMA/CLK



---------------------------------------------------------------------------------------------------
From Clock:  clkbit_raw
  To Clock:  clkbit90_raw

Setup :            2  Failing Endpoints,  Worst Slack       -0.652ns,  Total Violation       -0.908ns
Hold  :            0  Failing Endpoints,  Worst Slack       29.035ns,  Total Violation        0.000ns
---------------------------------------------------------------------------------------------------


Max Delay Paths
--------------------------------------------------------------------------------------
Slack (VIOLATED) :        -0.652ns  (required time - arrival time)
  Source:                 u_seq/en_2v8_reg/C
                            (rising edge-triggered cell FDRE clocked by clkbit_raw  {rise@0.000ns fall@16.000ns period=32.000ns})
  Destination:            u_oddr_ck/R
                            (rising edge-triggered cell ODDR clocked by clkbit90_raw  {rise@2.489ns fall@18.489ns period=32.000ns})
  Path Group:             clkbit90_raw
  Path Type:              Setup (Max at Slow Process Corner)
  Requirement:            2.489ns  (clkbit90_raw rise@2.489ns - clkbit_raw rise@0.000ns)
  Data Path Delay:        1.747ns  (logic 0.580ns (33.197%)  route 1.167ns (66.803%))
  Logic Levels:           1  (LUT4=1)
  Clock Path Skew:        -0.374ns (DCD - SCD + CPR)
    Destination Clock Delay (DCD):    -1.481ns = ( 1.008 - 2.489 ) 
    Source Clock Delay      (SCD):    -0.820ns
    Clock Pessimism Removal (CPR):    0.287ns
  Clock Uncertainty:      0.221ns  ((TSJ^2 + DJ^2)^1/2) / 2 + PE
    Total System Jitter     (TSJ):    0.071ns
    Discrete Jitter          (DJ):    0.190ns
    Phase Error              (PE):    0.120ns

    Location             Delay type                Incr(ns)  Path(ns)    Netlist Resource(s)
  -------------------------------------------------------------------    -------------------
                         (clock clkbit_raw rise edge)
                                                      0.000     0.000 r  
    M19                                               0.000     0.000 r  clk50 (IN)
                         net (fo=0)                   0.000     0.000    clk50
    M19                  IBUF (Prop_ibuf_I_O)         1.436     1.436 r  clk50_IBUF_inst/O
                         net (fo=1, routed)           1.285     2.721    clk50_IBUF
    MMCME2_ADV_X1Y1      MMCME2_ADV (Prop_mmcme2_adv_CLKIN1_CLKOUT0)
                                                     -7.406    -4.685 r  u_mmcm/CLKOUT0
                         net (fo=1, routed)           1.889    -2.796    clkbit_raw
    BUFGCTRL_X0Y16       BUFG (Prop_bufg_I_O)         0.101    -2.695 r  u_bufg_0/O
                         net (fo=2468, routed)        1.875    -0.820    u_seq/clk
    SLICE_X111Y34        FDRE                                         r  u_seq/en_2v8_reg/C
  -------------------------------------------------------------------    -------------------
    SLICE_X111Y34        FDRE (Prop_fdre_C_Q)         0.456    -0.364 f  u_seq/en_2v8_reg/Q
                         net (fo=5, routed)           0.589     0.225    g_dbg.status[11]
    SLICE_X113Y34        LUT4 (Prop_lut4_I1_O)        0.124     0.349 r  u_oddr_ck_i_2/O
                         net (fo=1, routed)           0.578     0.928    R0
    OLOGIC_X1Y34         ODDR                                         r  u_oddr_ck/R
  -------------------------------------------------------------------    -------------------

                         (clock clkbit90_raw rise edge)
                                                      2.489     2.489 r  
    M19                                               0.000     2.489 r  clk50 (IN)
                         net (fo=0)                   0.000     2.489    clk50
    M19                  IBUF (Prop_ibuf_I_O)         1.366     3.855 r  clk50_IBUF_inst/O
                         net (fo=1, routed)           1.162     5.017    clk50_IBUF
    MMCME2_ADV_X1Y1      MMCME2_ADV (Prop_mmcme2_adv_CLKIN1_CLKOUT1)
                                                     -7.500    -2.483 r  u_mmcm/CLKOUT1
                         net (fo=1, routed)           1.725    -0.758    clkbit90_raw
    BUFGCTRL_X0Y17       BUFG (Prop_bufg_I_O)         0.091    -0.667 r  u_bufg_90/O
                         net (fo=1, routed)           1.675     1.008    clkbit90
    OLOGIC_X1Y34         ODDR                                         r  u_oddr_ck/C
                         clock pessimism              0.287     1.295    
                         clock uncertainty           -0.221     1.074    
    OLOGIC_X1Y34         ODDR (Setup_oddr_C_R)       -0.798     0.276    u_oddr_ck
  -------------------------------------------------------------------
                         required time                          0.276    
                         arrival time                          -0.928    
  -------------------------------------------------------------------
                         slack                                 -0.652    





Min Delay Paths
--------------------------------------------------------------------------------------
Slack (MET) :             29.035ns  (arrival time - required time)
  Source:                 <hidden>
                            (rising edge-triggered cell FDRE clocked by clkbit_raw  {rise@0.000ns fall@16.000ns period=32.000ns})
  Destination:            u_oddr_ck/R
                            (rising edge-triggered cell ODDR clocked by clkbit90_raw  {rise@2.489ns fall@18.489ns period=32.000ns})
  Path Group:             clkbit90_raw
  Path Type:              Hold (Min at Fast Process Corner)
  Requirement:            -29.511ns  (clkbit90_raw rise@2.489ns - clkbit_raw rise@32.000ns)
  Data Path Delay:        0.537ns  (logic 0.209ns (38.956%)  route 0.328ns (61.044%))
  Logic Levels:           1  (LUT4=1)
  Clock Path Skew:        0.315ns (DCD - SCD - CPR)
    Destination Clock Delay (DCD):    -0.851ns = ( 1.638 - 2.489 ) 
    Source Clock Delay      (SCD):    -0.606ns = ( 31.394 - 32.000 ) 
    Clock Pessimism Removal (CPR):    -0.560ns
  Clock Uncertainty:      0.221ns  ((TSJ^2 + DJ^2)^1/2) / 2 + PE
    Total System Jitter     (TSJ):    0.071ns
    Discrete Jitter          (DJ):    0.190ns
    Phase Error              (PE):    0.120ns

    Location             Delay type                Incr(ns)  Path(ns)    Netlist Resource(s)
  -------------------------------------------------------------------    -------------------
                         (clock clkbit_raw rise edge)
                                                     32.000    32.000 r  
    M19                                               0.000    32.000 r  clk50 (IN)
                         net (fo=0)                   0.000    32.000    clk50
    M19                  IBUF (Prop_ibuf_I_O)         0.205    32.205 r  clk50_IBUF_inst/O
                         net (fo=1, routed)           0.440    32.645    clk50_IBUF
    MMCME2_ADV_X1Y1      MMCME2_ADV (Prop_mmcme2_adv_CLKIN1_CLKOUT0)
                                                     -2.444    30.201 r  u_mmcm/CLKOUT0
                         net (fo=1, routed)           0.529    30.730    clkbit_raw
    BUFGCTRL_X0Y16       BUFG (Prop_bufg_I_O)         0.026    30.756 r  u_bufg_0/O
                         net (fo=2468, routed)        0.638    31.394    <hidden>
    SLICE_X112Y34        FDRE                                         r  <hidden>
  -------------------------------------------------------------------    -------------------
    SLICE_X112Y34        FDRE (Prop_fdre_C_Q)         0.164    31.558 r  <hidden>
                         net (fo=1, routed)           0.082    31.640    g_dbg.o_crc_mode[3]
    SLICE_X113Y34        LUT4 (Prop_lut4_I2_O)        0.045    31.685 r  u_oddr_ck_i_2/O
                         net (fo=1, routed)           0.245    31.930    R0
    OLOGIC_X1Y34         ODDR                                         r  u_oddr_ck/R
  -------------------------------------------------------------------    -------------------

                         (clock clkbit90_raw rise edge)
                                                      2.489     2.489 r  
    M19                                               0.000     2.489 r  clk50 (IN)
                         net (fo=0)                   0.000     2.489    clk50
    M19                  IBUF (Prop_ibuf_I_O)         0.392     2.881 r  clk50_IBUF_inst/O
                         net (fo=1, routed)           0.480     3.361    clk50_IBUF
    MMCME2_ADV_X1Y1      MMCME2_ADV (Prop_mmcme2_adv_CLKIN1_CLKOUT1)
                                                     -3.231     0.130 r  u_mmcm/CLKOUT1
                         net (fo=1, routed)           0.576     0.706    clkbit90_raw
    BUFGCTRL_X0Y17       BUFG (Prop_bufg_I_O)         0.029     0.735 r  u_bufg_90/O
                         net (fo=1, routed)           0.903     1.638    clkbit90
    OLOGIC_X1Y34         ODDR                                         r  u_oddr_ck/C
                         clock pessimism              0.560     2.198    
                         clock uncertainty            0.221     2.420    
    OLOGIC_X1Y34         ODDR (Hold_oddr_C_R)         0.476     2.896    u_oddr_ck
  -------------------------------------------------------------------
                         required time                         -2.896    
                         arrival time                          31.930    
  -------------------------------------------------------------------
                         slack                                 29.035    





---------------------------------------------------------------------------------------------------
From Clock:  clkbit_raw
  To Clock:  lvds_ck

Setup :            0  Failing Endpoints,  Worst Slack        0.208ns,  Total Violation        0.000ns
Hold  :            0  Failing Endpoints,  Worst Slack        0.192ns,  Total Violation        0.000ns
---------------------------------------------------------------------------------------------------


Max Delay Paths
--------------------------------------------------------------------------------------
Slack (MET) :             0.208ns  (required time - arrival time)
  Source:                 g_lane[0].u_oddr/C
                            (rising edge-triggered cell ODDR clocked by clkbit_raw  {rise@0.000ns fall@16.000ns period=32.000ns})
  Destination:            b_p
                            (output port clocked by lvds_ck  {rise@2.489ns fall@18.489ns period=32.000ns})
  Path Group:             lvds_ck
  Path Type:              Max at Slow Process Corner
  Requirement:            2.489ns  (lvds_ck rise@2.489ns - clkbit_raw rise@0.000ns)
  Data Path Delay:        2.223ns  (logic 2.222ns (99.955%)  route 0.001ns (0.045%))
  Logic Levels:           1  (OBUFDS=1)
  Output Delay:           1.489ns
  Clock Path Skew:        1.652ns (DCD - SCD + CPR)
    Destination Clock Delay (DCD):    0.569ns = ( 3.058 - 2.489 ) 
    Source Clock Delay      (SCD):    -0.796ns
    Clock Pessimism Removal (CPR):    0.287ns
  Clock Uncertainty:      0.221ns  ((TSJ^2 + DJ^2)^1/2) / 2 + PE
    Total System Jitter     (TSJ):    0.071ns
    Discrete Jitter          (DJ):    0.190ns
    Phase Error              (PE):    0.120ns

    Location             Delay type                Incr(ns)  Path(ns)    Netlist Resource(s)
  -------------------------------------------------------------------    -------------------
                         (clock clkbit_raw rise edge)
                                                      0.000     0.000 r  
    M19                                               0.000     0.000 r  clk50 (IN)
                         net (fo=0)                   0.000     0.000    clk50
    M19                  IBUF (Prop_ibuf_I_O)         1.436     1.436 r  clk50_IBUF_inst/O
                         net (fo=1, routed)           1.285     2.721    clk50_IBUF
    MMCME2_ADV_X1Y1      MMCME2_ADV (Prop_mmcme2_adv_CLKIN1_CLKOUT0)
                                                     -7.406    -4.685 r  u_mmcm/CLKOUT0
                         net (fo=1, routed)           1.889    -2.796    clkbit_raw
    BUFGCTRL_X0Y16       BUFG (Prop_bufg_I_O)         0.101    -2.695 r  u_bufg_0/O
                         net (fo=2468, routed)        1.898    -0.796    clkbit
    OLOGIC_X1Y36         ODDR                                         r  g_lane[0].u_oddr/C
  -------------------------------------------------------------------    -------------------
    OLOGIC_X1Y36         ODDR (Prop_oddr_C_Q)         0.472    -0.324 r  g_lane[0].u_oddr/Q
                         net (fo=1, routed)           0.001    -0.323    lane_q_0
    AA22                 OBUFDS (Prop_obufds_I_O)     1.750     1.427 r  u_obuf_d0/O
                         net (fo=0)                   0.000     1.427    b_p
    AA22                                                              r  b_p (OUT)
  -------------------------------------------------------------------    -------------------

                         (clock lvds_ck rise edge)    2.489     2.489 f  
    M19                                               0.000     2.489 f  clk50 (IN)
                         net (fo=0)                   0.000     2.489    clk50
    M19                  IBUF (Prop_ibuf_I_O)         1.366     3.855 f  clk50_IBUF_inst/O
                         net (fo=1, routed)           1.162     5.017    clk50_IBUF
    MMCME2_ADV_X1Y1      MMCME2_ADV (Prop_mmcme2_adv_CLKIN1_CLKOUT1)
                                                     -7.500    -2.483 f  u_mmcm/CLKOUT1
                         net (fo=1, routed)           1.725    -0.758    clkbit90_raw
    BUFGCTRL_X0Y17       BUFG (Prop_bufg_I_O)         0.091    -0.667 f  u_bufg_90/O
                         net (fo=1, routed)           1.675     1.008    clkbit90
    OLOGIC_X1Y34         ODDR (Prop_oddr_C_Q)         0.411     1.419 r  u_oddr_ck/Q
                         net (fo=1, routed)           0.001     1.420    clkfwd
    AA21                 OBUFDS (Prop_obufds_I_O)     1.638     3.058 r  u_obuf_ck/O
                         net (fo=0)                   0.000     3.058    clk_p
    AA21                                                              r  clk_p (OUT)
                         clock pessimism              0.287     3.345    
                         clock uncertainty           -0.221     3.123    
                         output delay                -1.489     1.634    
  -------------------------------------------------------------------
                         required time                          1.634    
                         arrival time                          -1.427    
  -------------------------------------------------------------------
                         slack                                  0.208    





Min Delay Paths
--------------------------------------------------------------------------------------
Slack (MET) :             0.192ns  (arrival time - required time)
  Source:                 g_lane[1].u_oddr/C
                            (falling edge-triggered cell ODDR clocked by clkbit_raw  {rise@0.000ns fall@16.000ns period=32.000ns})
  Destination:            g_p
                            (output port clocked by lvds_ck  {rise@2.489ns fall@18.489ns period=32.000ns})
  Path Group:             lvds_ck
  Path Type:              Min at Slow Process Corner
  Requirement:            -13.511ns  (lvds_ck rise@2.489ns - clkbit_raw fall@16.000ns)
  Data Path Delay:        2.034ns  (logic 2.033ns (99.951%)  route 0.001ns (0.049%))
  Logic Levels:           1  (OBUFDS=1)
  Output Delay:           -12.511ns
  Clock Path Skew:        2.620ns (DCD - SCD - CPR)
    Destination Clock Delay (DCD):    1.426ns = ( 3.915 - 2.489 ) 
    Source Clock Delay      (SCD):    -1.482ns = ( 14.518 - 16.000 ) 
    Clock Pessimism Removal (CPR):    0.287ns
  Clock Uncertainty:      0.221ns  ((TSJ^2 + DJ^2)^1/2) / 2 + PE
    Total System Jitter     (TSJ):    0.071ns
    Discrete Jitter          (DJ):    0.190ns
    Phase Error              (PE):    0.120ns

    Location             Delay type                Incr(ns)  Path(ns)    Netlist Resource(s)
  -------------------------------------------------------------------    -------------------
                         (clock clkbit_raw fall edge)
                                                     16.000    16.000 f  
    M19                                               0.000    16.000 f  clk50 (IN)
                         net (fo=0)                   0.000    16.000    clk50
    M19                  IBUF (Prop_ibuf_I_O)         1.366    17.366 f  clk50_IBUF_inst/O
                         net (fo=1, routed)           1.162    18.528    clk50_IBUF
    MMCME2_ADV_X1Y1      MMCME2_ADV (Prop_mmcme2_adv_CLKIN1_CLKOUT0)
                                                     -7.500    11.028 f  u_mmcm/CLKOUT0
                         net (fo=1, routed)           1.725    12.753    clkbit_raw
    BUFGCTRL_X0Y16       BUFG (Prop_bufg_I_O)         0.091    12.844 f  u_bufg_0/O
                         net (fo=2468, routed)        1.674    14.518    clkbit
    OLOGIC_X1Y32         ODDR                                         f  g_lane[1].u_oddr/C
  -------------------------------------------------------------------    -------------------
    OLOGIC_X1Y32         ODDR (Prop_oddr_C_Q)         0.411    14.929 r  g_lane[1].u_oddr/Q
                         net (fo=1, routed)           0.001    14.930    lane_q_1
    Y20                  OBUFDS (Prop_obufds_I_O)     1.622    16.552 r  u_obuf_d1/O
                         net (fo=0)                   0.000    16.552    g_p
    Y20                                                               r  g_p (OUT)
  -------------------------------------------------------------------    -------------------

                         (clock lvds_ck rise edge)    2.489     2.489 f  
    M19                                               0.000     2.489 f  clk50 (IN)
                         net (fo=0)                   0.000     2.489    clk50
    M19                  IBUF (Prop_ibuf_I_O)         1.436     3.925 f  clk50_IBUF_inst/O
                         net (fo=1, routed)           1.285     5.210    clk50_IBUF
    MMCME2_ADV_X1Y1      MMCME2_ADV (Prop_mmcme2_adv_CLKIN1_CLKOUT1)
                                                     -7.406    -2.196 f  u_mmcm/CLKOUT1
                         net (fo=1, routed)           1.889    -0.307    clkbit90_raw
    BUFGCTRL_X0Y17       BUFG (Prop_bufg_I_O)         0.101    -0.206 f  u_bufg_90/O
                         net (fo=1, routed)           1.897     1.692    clkbit90
    OLOGIC_X1Y34         ODDR (Prop_oddr_C_Q)         0.472     2.164 r  u_oddr_ck/Q
                         net (fo=1, routed)           0.001     2.165    clkfwd
    AA21                 OBUFDS (Prop_obufds_I_O)     1.750     3.915 r  u_obuf_ck/O
                         net (fo=0)                   0.000     3.915    clk_p
    AA21                                                              r  clk_p (OUT)
                         clock pessimism             -0.287     3.628    
                         clock uncertainty            0.221     3.849    
                         output delay                12.511    16.360    
  -------------------------------------------------------------------
                         required time                        -16.360    
                         arrival time                          16.552    
  -------------------------------------------------------------------
                         slack                                  0.192    





---------------------------------------------------------------------------------------------------
From Clock:  dbg_hub/inst/BSCANID.u_xsdbm_id/SWITCH_N_EXT_BSCAN.bscan_inst/SERIES7_BSCAN.bscan_inst/TCK
  To Clock:  clkbit_raw

Setup :            0  Failing Endpoints,  Worst Slack       31.454ns,  Total Violation        0.000ns
Hold  :           NA  Failing Endpoints,  Worst Slack           NA  ,  Total Violation           NA
---------------------------------------------------------------------------------------------------


Max Delay Paths
--------------------------------------------------------------------------------------
Slack (MET) :             31.454ns  (required time - arrival time)
  Source:                 dbg_hub/inst/BSCANID.u_xsdbm_id/CORE_XSDB.UUT_MASTER/U_ICON_INTERFACE/U_CMD6_RD/U_RD_FIFO/SUBCORE_FIFO.xsdbm_v3_0_3_rdfifo_inst/inst_fifo_gen/gconvfifo.rf/grf.rf/gntv_or_sync_fifo.gcx.clkx/gnxpm_cdc.rd_pntr_gc_reg[3]/C
                            (rising edge-triggered cell FDCE clocked by dbg_hub/inst/BSCANID.u_xsdbm_id/SWITCH_N_EXT_BSCAN.bscan_inst/SERIES7_BSCAN.bscan_inst/TCK  {rise@0.000ns fall@16.500ns period=33.000ns})
  Destination:            dbg_hub/inst/BSCANID.u_xsdbm_id/CORE_XSDB.UUT_MASTER/U_ICON_INTERFACE/U_CMD6_RD/U_RD_FIFO/SUBCORE_FIFO.xsdbm_v3_0_3_rdfifo_inst/inst_fifo_gen/gconvfifo.rf/grf.rf/gntv_or_sync_fifo.gcx.clkx/gnxpm_cdc.gsync_stage[1].wr_stg_inst/Q_reg_reg[3]/D
                            (rising edge-triggered cell FDCE clocked by clkbit_raw  {rise@0.000ns fall@16.000ns period=32.000ns})
  Path Group:             clkbit_raw
  Path Type:              Setup (Max at Slow Process Corner)
  Requirement:            33.000ns  (MaxDelay Path 33.000ns)
  Data Path Delay:        1.280ns  (logic 0.419ns (32.726%)  route 0.861ns (67.274%))
  Logic Levels:           0  
  Timing Exception:       MaxDelay Path 33.000ns -datapath_only

    Location             Delay type                Incr(ns)  Path(ns)    Netlist Resource(s)
  -------------------------------------------------------------------    -------------------
    SLICE_X87Y46                                      0.000     0.000 r  dbg_hub/inst/BSCANID.u_xsdbm_id/CORE_XSDB.UUT_MASTER/U_ICON_INTERFACE/U_CMD6_RD/U_RD_FIFO/SUBCORE_FIFO.xsdbm_v3_0_3_rdfifo_inst/inst_fifo_gen/gconvfifo.rf/grf.rf/gntv_or_sync_fifo.gcx.clkx/gnxpm_cdc.rd_pntr_gc_reg[3]/C
    SLICE_X87Y46         FDCE (Prop_fdce_C_Q)         0.419     0.419 r  dbg_hub/inst/BSCANID.u_xsdbm_id/CORE_XSDB.UUT_MASTER/U_ICON_INTERFACE/U_CMD6_RD/U_RD_FIFO/SUBCORE_FIFO.xsdbm_v3_0_3_rdfifo_inst/inst_fifo_gen/gconvfifo.rf/grf.rf/gntv_or_sync_fifo.gcx.clkx/gnxpm_cdc.rd_pntr_gc_reg[3]/Q
                         net (fo=1, routed)           0.861     1.280    dbg_hub/inst/BSCANID.u_xsdbm_id/CORE_XSDB.UUT_MASTER/U_ICON_INTERFACE/U_CMD6_RD/U_RD_FIFO/SUBCORE_FIFO.xsdbm_v3_0_3_rdfifo_inst/inst_fifo_gen/gconvfifo.rf/grf.rf/gntv_or_sync_fifo.gcx.clkx/gnxpm_cdc.gsync_stage[1].wr_stg_inst/Q[3]
    SLICE_X87Y47         FDCE                                         r  dbg_hub/inst/BSCANID.u_xsdbm_id/CORE_XSDB.UUT_MASTER/U_ICON_INTERFACE/U_CMD6_RD/U_RD_FIFO/SUBCORE_FIFO.xsdbm_v3_0_3_rdfifo_inst/inst_fifo_gen/gconvfifo.rf/grf.rf/gntv_or_sync_fifo.gcx.clkx/gnxpm_cdc.gsync_stage[1].wr_stg_inst/Q_reg_reg[3]/D
  -------------------------------------------------------------------    -------------------

                         max delay                   33.000    33.000    
    SLICE_X87Y47         FDCE (Setup_fdce_C_D)       -0.266    32.734    dbg_hub/inst/BSCANID.u_xsdbm_id/CORE_XSDB.UUT_MASTER/U_ICON_INTERFACE/U_CMD6_RD/U_RD_FIFO/SUBCORE_FIFO.xsdbm_v3_0_3_rdfifo_inst/inst_fifo_gen/gconvfifo.rf/grf.rf/gntv_or_sync_fifo.gcx.clkx/gnxpm_cdc.gsync_stage[1].wr_stg_inst/Q_reg_reg[3]
  -------------------------------------------------------------------
                         required time                         32.734    
                         arrival time                          -1.280    
  -------------------------------------------------------------------
                         slack                                 31.454    





---------------------------------------------------------------------------------------------------
From Clock:  clkbit_raw
  To Clock:  dbg_hub/inst/BSCANID.u_xsdbm_id/SWITCH_N_EXT_BSCAN.bscan_inst/SERIES7_BSCAN.bscan_inst/TCK

Setup :            0  Failing Endpoints,  Worst Slack       30.552ns,  Total Violation        0.000ns
Hold  :           NA  Failing Endpoints,  Worst Slack           NA  ,  Total Violation           NA
---------------------------------------------------------------------------------------------------


Max Delay Paths
--------------------------------------------------------------------------------------
Slack (MET) :             30.552ns  (required time - arrival time)
  Source:                 dbg_hub/inst/BSCANID.u_xsdbm_id/CORE_XSDB.UUT_MASTER/U_ICON_INTERFACE/U_CMD6_WR/U_WR_FIFO/SUBCORE_FIFO.xsdbm_v3_0_3_wrfifo_inst/inst_fifo_gen/gconvfifo.rf/grf.rf/gntv_or_sync_fifo.gcx.clkx/gnxpm_cdc.rd_pntr_gc_reg[2]/C
                            (rising edge-triggered cell FDCE clocked by clkbit_raw  {rise@0.000ns fall@16.000ns period=32.000ns})
  Destination:            dbg_hub/inst/BSCANID.u_xsdbm_id/CORE_XSDB.UUT_MASTER/U_ICON_INTERFACE/U_CMD6_WR/U_WR_FIFO/SUBCORE_FIFO.xsdbm_v3_0_3_wrfifo_inst/inst_fifo_gen/gconvfifo.rf/grf.rf/gntv_or_sync_fifo.gcx.clkx/gnxpm_cdc.gsync_stage[1].wr_stg_inst/Q_reg_reg[2]/D
                            (rising edge-triggered cell FDCE clocked by dbg_hub/inst/BSCANID.u_xsdbm_id/SWITCH_N_EXT_BSCAN.bscan_inst/SERIES7_BSCAN.bscan_inst/TCK  {rise@0.000ns fall@16.500ns period=33.000ns})
  Path Group:             dbg_hub/inst/BSCANID.u_xsdbm_id/SWITCH_N_EXT_BSCAN.bscan_inst/SERIES7_BSCAN.bscan_inst/TCK
  Path Type:              Setup (Max at Slow Process Corner)
  Requirement:            32.000ns  (MaxDelay Path 32.000ns)
  Data Path Delay:        1.401ns  (logic 0.518ns (36.971%)  route 0.883ns (63.029%))
  Logic Levels:           0  
  Timing Exception:       MaxDelay Path 32.000ns -datapath_only

    Location             Delay type                Incr(ns)  Path(ns)    Netlist Resource(s)
  -------------------------------------------------------------------    -------------------
    SLICE_X82Y40                                      0.000     0.000 r  dbg_hub/inst/BSCANID.u_xsdbm_id/CORE_XSDB.UUT_MASTER/U_ICON_INTERFACE/U_CMD6_WR/U_WR_FIFO/SUBCORE_FIFO.xsdbm_v3_0_3_wrfifo_inst/inst_fifo_gen/gconvfifo.rf/grf.rf/gntv_or_sync_fifo.gcx.clkx/gnxpm_cdc.rd_pntr_gc_reg[2]/C
    SLICE_X82Y40         FDCE (Prop_fdce_C_Q)         0.518     0.518 r  dbg_hub/inst/BSCANID.u_xsdbm_id/CORE_XSDB.UUT_MASTER/U_ICON_INTERFACE/U_CMD6_WR/U_WR_FIFO/SUBCORE_FIFO.xsdbm_v3_0_3_wrfifo_inst/inst_fifo_gen/gconvfifo.rf/grf.rf/gntv_or_sync_fifo.gcx.clkx/gnxpm_cdc.rd_pntr_gc_reg[2]/Q
                         net (fo=1, routed)           0.883     1.401    dbg_hub/inst/BSCANID.u_xsdbm_id/CORE_XSDB.UUT_MASTER/U_ICON_INTERFACE/U_CMD6_WR/U_WR_FIFO/SUBCORE_FIFO.xsdbm_v3_0_3_wrfifo_inst/inst_fifo_gen/gconvfifo.rf/grf.rf/gntv_or_sync_fifo.gcx.clkx/gnxpm_cdc.gsync_stage[1].wr_stg_inst/Q[2]
    SLICE_X82Y39         FDCE                                         r  dbg_hub/inst/BSCANID.u_xsdbm_id/CORE_XSDB.UUT_MASTER/U_ICON_INTERFACE/U_CMD6_WR/U_WR_FIFO/SUBCORE_FIFO.xsdbm_v3_0_3_wrfifo_inst/inst_fifo_gen/gconvfifo.rf/grf.rf/gntv_or_sync_fifo.gcx.clkx/gnxpm_cdc.gsync_stage[1].wr_stg_inst/Q_reg_reg[2]/D
  -------------------------------------------------------------------    -------------------

                         max delay                   32.000    32.000    
    SLICE_X82Y39         FDCE (Setup_fdce_C_D)       -0.047    31.953    dbg_hub/inst/BSCANID.u_xsdbm_id/CORE_XSDB.UUT_MASTER/U_ICON_INTERFACE/U_CMD6_WR/U_WR_FIFO/SUBCORE_FIFO.xsdbm_v3_0_3_wrfifo_inst/inst_fifo_gen/gconvfifo.rf/grf.rf/gntv_or_sync_fifo.gcx.clkx/gnxpm_cdc.gsync_stage[1].wr_stg_inst/Q_reg_reg[2]
  -------------------------------------------------------------------
                         required time                         31.953    
                         arrival time                          -1.401    
  -------------------------------------------------------------------
                         slack                                 30.552    





---------------------------------------------------------------------------------------------------
Path Group:  **async_default**
From Clock:  clkbit_raw
  To Clock:  clkbit_raw

Setup :            0  Failing Endpoints,  Worst Slack       28.121ns,  Total Violation        0.000ns
Hold  :            0  Failing Endpoints,  Worst Slack        0.328ns,  Total Violation        0.000ns
---------------------------------------------------------------------------------------------------


Max Delay Paths
--------------------------------------------------------------------------------------
Slack (MET) :             28.121ns  (required time - arrival time)
  Source:                 dbg_hub/inst/BSCANID.u_xsdbm_id/CORE_XSDB.UUT_MASTER/U_ICON_INTERFACE/U_CMD1/ctl_reg_reg[0]/C
                            (rising edge-triggered cell FDRE clocked by clkbit_raw  {rise@0.000ns fall@16.000ns period=32.000ns})
  Destination:            dbg_hub/inst/BSCANID.u_xsdbm_id/CORE_XSDB.UUT_MASTER/U_XSDB_BUS_CONTROLLER/ma_wr_pop_r_reg/CLR
                            (recovery check against rising-edge clock clkbit_raw  {rise@0.000ns fall@16.000ns period=32.000ns})
  Path Group:             **async_default**
  Path Type:              Recovery (Max at Slow Process Corner)
  Requirement:            32.000ns  (clkbit_raw rise@32.000ns - clkbit_raw rise@0.000ns)
  Data Path Delay:        3.211ns  (logic 0.518ns (16.133%)  route 2.693ns (83.867%))
  Logic Levels:           0  
  Clock Path Skew:        -0.162ns (DCD - SCD + CPR)
    Destination Clock Delay (DCD):    -1.594ns = ( 30.406 - 32.000 ) 
    Source Clock Delay      (SCD):    -0.972ns
    Clock Pessimism Removal (CPR):    0.461ns
  Clock Uncertainty:      0.101ns  ((TSJ^2 + DJ^2)^1/2) / 2 + PE
    Total System Jitter     (TSJ):    0.071ns
    Discrete Jitter          (DJ):    0.190ns
    Phase Error              (PE):    0.000ns

    Location             Delay type                Incr(ns)  Path(ns)    Netlist Resource(s)
  -------------------------------------------------------------------    -------------------
                         (clock clkbit_raw rise edge)
                                                      0.000     0.000 r  
    M19                                               0.000     0.000 r  clk50 (IN)
                         net (fo=0)                   0.000     0.000    clk50
    M19                  IBUF (Prop_ibuf_I_O)         1.436     1.436 r  clk50_IBUF_inst/O
                         net (fo=1, routed)           1.285     2.721    clk50_IBUF
    MMCME2_ADV_X1Y1      MMCME2_ADV (Prop_mmcme2_adv_CLKIN1_CLKOUT0)
                                                     -7.406    -4.685 r  u_mmcm/CLKOUT0
                         net (fo=1, routed)           1.889    -2.796    clkbit_raw
    BUFGCTRL_X0Y16       BUFG (Prop_bufg_I_O)         0.101    -2.695 r  u_bufg_0/O
                         net (fo=2468, routed)        1.723    -0.972    dbg_hub/inst/BSCANID.u_xsdbm_id/CORE_XSDB.UUT_MASTER/U_ICON_INTERFACE/U_CMD1/clk
    SLICE_X86Y50         FDRE                                         r  dbg_hub/inst/BSCANID.u_xsdbm_id/CORE_XSDB.UUT_MASTER/U_ICON_INTERFACE/U_CMD1/ctl_reg_reg[0]/C
  -------------------------------------------------------------------    -------------------
    SLICE_X86Y50         FDRE (Prop_fdre_C_Q)         0.518    -0.454 f  dbg_hub/inst/BSCANID.u_xsdbm_id/CORE_XSDB.UUT_MASTER/U_ICON_INTERFACE/U_CMD1/ctl_reg_reg[0]/Q
                         net (fo=176, routed)         2.693     2.239    dbg_hub/inst/BSCANID.u_xsdbm_id/CORE_XSDB.UUT_MASTER/U_XSDB_BUS_CONTROLLER/out[0]
    SLICE_X78Y43         FDCE                                         f  dbg_hub/inst/BSCANID.u_xsdbm_id/CORE_XSDB.UUT_MASTER/U_XSDB_BUS_CONTROLLER/ma_wr_pop_r_reg/CLR
  -------------------------------------------------------------------    -------------------

                         (clock clkbit_raw rise edge)
                                                     32.000    32.000 r  
    M19                                               0.000    32.000 r  clk50 (IN)
                         net (fo=0)                   0.000    32.000    clk50
    M19                  IBUF (Prop_ibuf_I_O)         1.366    33.366 r  clk50_IBUF_inst/O
                         net (fo=1, routed)           1.162    34.528    clk50_IBUF
    MMCME2_ADV_X1Y1      MMCME2_ADV (Prop_mmcme2_adv_CLKIN1_CLKOUT0)
                                                     -7.500    27.028 r  u_mmcm/CLKOUT0
                         net (fo=1, routed)           1.725    28.753    clkbit_raw
    BUFGCTRL_X0Y16       BUFG (Prop_bufg_I_O)         0.091    28.844 r  u_bufg_0/O
                         net (fo=2468, routed)        1.561    30.406    dbg_hub/inst/BSCANID.u_xsdbm_id/CORE_XSDB.UUT_MASTER/U_XSDB_BUS_CONTROLLER/clk
    SLICE_X78Y43         FDCE                                         r  dbg_hub/inst/BSCANID.u_xsdbm_id/CORE_XSDB.UUT_MASTER/U_XSDB_BUS_CONTROLLER/ma_wr_pop_r_reg/C
                         clock pessimism              0.461    30.867    
                         clock uncertainty           -0.101    30.765    
    SLICE_X78Y43         FDCE (Recov_fdce_C_CLR)     -0.405    30.360    dbg_hub/inst/BSCANID.u_xsdbm_id/CORE_XSDB.UUT_MASTER/U_XSDB_BUS_CONTROLLER/ma_wr_pop_r_reg
  -------------------------------------------------------------------
                         required time                         30.360    
                         arrival time                          -2.239    
  -------------------------------------------------------------------
                         slack                                 28.121    





Min Delay Paths
--------------------------------------------------------------------------------------
Slack (MET) :             0.328ns  (arrival time - required time)
  Source:                 dbg_hub/inst/BSCANID.u_xsdbm_id/CORE_XSDB.UUT_MASTER/U_XSDB_BUS_CONTROLLER/clr_rd_req_reg/C
                            (rising edge-triggered cell FDCE clocked by clkbit_raw  {rise@0.000ns fall@16.000ns period=32.000ns})
  Destination:            dbg_hub/inst/BSCANID.u_xsdbm_id/CORE_XSDB.UUT_MASTER/U_XSDB_BUS_CONTROLLER/U_RD_REQ_FLAG/G_POS_EDGE.flag_reg/CLR
                            (removal check against rising-edge clock clkbit_raw  {rise@0.000ns fall@16.000ns period=32.000ns})
  Path Group:             **async_default**
  Path Type:              Removal (Min at Fast Process Corner)
  Requirement:            0.000ns  (clkbit_raw rise@0.000ns - clkbit_raw rise@0.000ns)
  Data Path Delay:        0.272ns  (logic 0.141ns (51.799%)  route 0.131ns (48.201%))
  Logic Levels:           0  
  Clock Path Skew:        0.036ns (DCD - SCD - CPR)
    Destination Clock Delay (DCD):    -0.896ns
    Source Clock Delay      (SCD):    -0.655ns
    Clock Pessimism Removal (CPR):    -0.277ns

    Location             Delay type                Incr(ns)  Path(ns)    Netlist Resource(s)
  -------------------------------------------------------------------    -------------------
                         (clock clkbit_raw rise edge)
                                                      0.000     0.000 r  
    M19                                               0.000     0.000 r  clk50 (IN)
                         net (fo=0)                   0.000     0.000    clk50
    M19                  IBUF (Prop_ibuf_I_O)         0.205     0.205 r  clk50_IBUF_inst/O
                         net (fo=1, routed)           0.440     0.645    clk50_IBUF
    MMCME2_ADV_X1Y1      MMCME2_ADV (Prop_mmcme2_adv_CLKIN1_CLKOUT0)
                                                     -2.444    -1.799 r  u_mmcm/CLKOUT0
                         net (fo=1, routed)           0.529    -1.270    clkbit_raw
    BUFGCTRL_X0Y16       BUFG (Prop_bufg_I_O)         0.026    -1.244 r  u_bufg_0/O
                         net (fo=2468, routed)        0.589    -0.655    dbg_hub/inst/BSCANID.u_xsdbm_id/CORE_XSDB.UUT_MASTER/U_XSDB_BUS_CONTROLLER/clk
    SLICE_X81Y46         FDCE                                         r  dbg_hub/inst/BSCANID.u_xsdbm_id/CORE_XSDB.UUT_MASTER/U_XSDB_BUS_CONTROLLER/clr_rd_req_reg/C
  -------------------------------------------------------------------    -------------------
    SLICE_X81Y46         FDCE (Prop_fdce_C_Q)         0.141    -0.514 f  dbg_hub/inst/BSCANID.u_xsdbm_id/CORE_XSDB.UUT_MASTER/U_XSDB_BUS_CONTROLLER/clr_rd_req_reg/Q
                         net (fo=2, routed)           0.131    -0.383    dbg_hub/inst/BSCANID.u_xsdbm_id/CORE_XSDB.UUT_MASTER/U_XSDB_BUS_CONTROLLER/U_RD_REQ_FLAG/clr_rd_req
    SLICE_X83Y46         FDCE                                         f  dbg_hub/inst/BSCANID.u_xsdbm_id/CORE_XSDB.UUT_MASTER/U_XSDB_BUS_CONTROLLER/U_RD_REQ_FLAG/G_POS_EDGE.flag_reg/CLR
  -------------------------------------------------------------------    -------------------

                         (clock clkbit_raw rise edge)
                                                      0.000     0.000 r  
    M19                                               0.000     0.000 r  clk50 (IN)
                         net (fo=0)                   0.000     0.000    clk50
    M19                  IBUF (Prop_ibuf_I_O)         0.392     0.392 r  clk50_IBUF_inst/O
                         net (fo=1, routed)           0.480     0.872    clk50_IBUF
    MMCME2_ADV_X1Y1      MMCME2_ADV (Prop_mmcme2_adv_CLKIN1_CLKOUT0)
                                                     -3.231    -2.359 r  u_mmcm/CLKOUT0
                         net (fo=1, routed)           0.576    -1.783    clkbit_raw
    BUFGCTRL_X0Y16       BUFG (Prop_bufg_I_O)         0.029    -1.754 r  u_bufg_0/O
                         net (fo=2468, routed)        0.858    -0.896    dbg_hub/inst/BSCANID.u_xsdbm_id/CORE_XSDB.UUT_MASTER/U_XSDB_BUS_CONTROLLER/U_RD_REQ_FLAG/clk
    SLICE_X83Y46         FDCE                                         r  dbg_hub/inst/BSCANID.u_xsdbm_id/CORE_XSDB.UUT_MASTER/U_XSDB_BUS_CONTROLLER/U_RD_REQ_FLAG/G_POS_EDGE.flag_reg/C
                         clock pessimism              0.277    -0.619    
    SLICE_X83Y46         FDCE (Remov_fdce_C_CLR)     -0.092    -0.711    dbg_hub/inst/BSCANID.u_xsdbm_id/CORE_XSDB.UUT_MASTER/U_XSDB_BUS_CONTROLLER/U_RD_REQ_FLAG/G_POS_EDGE.flag_reg
  -------------------------------------------------------------------
                         required time                          0.711    
                         arrival time                          -0.383    
  -------------------------------------------------------------------
                         slack                                  0.328    





---------------------------------------------------------------------------------------------------
Path Group:  **async_default**
From Clock:  dbg_hub/inst/BSCANID.u_xsdbm_id/SWITCH_N_EXT_BSCAN.bscan_inst/SERIES7_BSCAN.bscan_inst/TCK
  To Clock:  dbg_hub/inst/BSCANID.u_xsdbm_id/SWITCH_N_EXT_BSCAN.bscan_inst/SERIES7_BSCAN.bscan_inst/TCK

Setup :            0  Failing Endpoints,  Worst Slack       27.913ns,  Total Violation        0.000ns
Hold  :            0  Failing Endpoints,  Worst Slack        0.345ns,  Total Violation        0.000ns
---------------------------------------------------------------------------------------------------


Max Delay Paths
--------------------------------------------------------------------------------------
Slack (MET) :             27.913ns  (required time - arrival time)
  Source:                 dbg_hub/inst/BSCANID.u_xsdbm_id/SWITCH_N_EXT_BSCAN.bscan_switch/portno_reg[0]/C
                            (rising edge-triggered cell FDRE clocked by dbg_hub/inst/BSCANID.u_xsdbm_id/SWITCH_N_EXT_BSCAN.bscan_inst/SERIES7_BSCAN.bscan_inst/TCK  {rise@0.000ns fall@16.500ns period=33.000ns})
  Destination:            dbg_hub/inst/BSCANID.u_xsdbm_id/CORE_XSDB.U_ICON/U_CMD/iTARGET_reg[10]/CLR
                            (recovery check against rising-edge clock dbg_hub/inst/BSCANID.u_xsdbm_id/SWITCH_N_EXT_BSCAN.bscan_inst/SERIES7_BSCAN.bscan_inst/TCK  {rise@0.000ns fall@16.500ns period=33.000ns})
  Path Group:             **async_default**
  Path Type:              Recovery (Max at Slow Process Corner)
  Requirement:            33.000ns  (dbg_hub/inst/BSCANID.u_xsdbm_id/SWITCH_N_EXT_BSCAN.bscan_inst/SERIES7_BSCAN.bscan_inst/TCK rise@33.000ns - dbg_hub/inst/BSCANID.u_xsdbm_id/SWITCH_N_EXT_BSCAN.bscan_inst/SERIES7_BSCAN.bscan_inst/TCK rise@0.000ns)
  Data Path Delay:        4.587ns  (logic 1.196ns (26.072%)  route 3.391ns (73.928%))
  Logic Levels:           3  (LUT1=1 LUT4=1 LUT6=1)
  Clock Path Skew:        -0.059ns (DCD - SCD + CPR)
    Destination Clock Delay (DCD):    3.635ns = ( 36.635 - 33.000 ) 
    Source Clock Delay      (SCD):    4.130ns
    Clock Pessimism Removal (CPR):    0.436ns
  Clock Uncertainty:      0.035ns  ((TSJ^2 + TIJ^2)^1/2 + DJ) / 2 + PE
    Total System Jitter     (TSJ):    0.071ns
    Total Input Jitter      (TIJ):    0.000ns
    Discrete Jitter          (DJ):    0.000ns
    Phase Error              (PE):    0.000ns

    Location             Delay type                Incr(ns)  Path(ns)    Netlist Resource(s)
  -------------------------------------------------------------------    -------------------
                         (clock dbg_hub/inst/BSCANID.u_xsdbm_id/SWITCH_N_EXT_BSCAN.bscan_inst/SERIES7_BSCAN.bscan_inst/TCK rise edge)
                                                      0.000     0.000 r  
    BSCAN_X0Y0           BSCANE2                      0.000     0.000 r  dbg_hub/inst/BSCANID.u_xsdbm_id/SWITCH_N_EXT_BSCAN.bscan_inst/SERIES7_BSCAN.bscan_inst/TCK
                         net (fo=1, routed)           2.306     2.306    dbg_hub/inst/BSCANID.u_xsdbm_id/tck_bs
    BUFGCTRL_X0Y0        BUFG (Prop_bufg_I_O)         0.101     2.407 r  dbg_hub/inst/BSCANID.u_xsdbm_id/SWITCH_N_EXT_BSCAN.u_bufg_icon_tck/O
                         net (fo=482, routed)         1.723     4.130    dbg_hub/inst/BSCANID.u_xsdbm_id/SWITCH_N_EXT_BSCAN.bscan_switch/s_bscan_tck
    SLICE_X81Y57         FDRE                                         r  dbg_hub/inst/BSCANID.u_xsdbm_id/SWITCH_N_EXT_BSCAN.bscan_switch/portno_reg[0]/C
  -------------------------------------------------------------------    -------------------
    SLICE_X81Y57         FDRE (Prop_fdre_C_Q)         0.419     4.549 f  dbg_hub/inst/BSCANID.u_xsdbm_id/SWITCH_N_EXT_BSCAN.bscan_switch/portno_reg[0]/Q
                         net (fo=1, routed)           1.098     5.647    dbg_hub/inst/BSCANID.u_xsdbm_id/SWITCH_N_EXT_BSCAN.bscan_switch/portno[0]
    SLICE_X80Y57         LUT6 (Prop_lut6_I2_O)        0.299     5.946 f  dbg_hub/inst/BSCANID.u_xsdbm_id/SWITCH_N_EXT_BSCAN.bscan_switch/m_bscan_drck[0]_INST_0_i_1/O
                         net (fo=5, routed)           0.969     6.915    dbg_hub/inst/BSCANID.u_xsdbm_id/SWITCH_N_EXT_BSCAN.bscan_switch/m_bscan_drck[0]_INST_0_i_1_n_0
    SLICE_X83Y55         LUT4 (Prop_lut4_I3_O)        0.152     7.067 r  dbg_hub/inst/BSCANID.u_xsdbm_id/SWITCH_N_EXT_BSCAN.bscan_switch/m_bscan_sel[0]_INST_0/O
                         net (fo=2, routed)           0.584     7.652    dbg_hub/inst/BSCANID.u_xsdbm_id/CORE_XSDB.U_ICON/U_CMD/iTARGET_reg[6]_0
    SLICE_X83Y53         LUT1 (Prop_lut1_I0_O)        0.326     7.978 f  dbg_hub/inst/BSCANID.u_xsdbm_id/CORE_XSDB.U_ICON/U_CMD/iTARGET[15]_i_2/O
                         net (fo=10, routed)          0.740     8.717    dbg_hub/inst/BSCANID.u_xsdbm_id/CORE_XSDB.U_ICON/U_CMD/iSEL_n
    SLICE_X84Y52         FDCE                                         f  dbg_hub/inst/BSCANID.u_xsdbm_id/CORE_XSDB.U_ICON/U_CMD/iTARGET_reg[10]/CLR
  -------------------------------------------------------------------    -------------------

                         (clock dbg_hub/inst/BSCANID.u_xsdbm_id/SWITCH_N_EXT_BSCAN.bscan_inst/SERIES7_BSCAN.bscan_inst/TCK rise edge)
                                                     33.000    33.000 r  
    BSCAN_X0Y0           BSCANE2                      0.000    33.000 r  dbg_hub/inst/BSCANID.u_xsdbm_id/SWITCH_N_EXT_BSCAN.bscan_inst/SERIES7_BSCAN.bscan_inst/TCK
                         net (fo=1, routed)           1.994    34.994    dbg_hub/inst/BSCANID.u_xsdbm_id/tck_bs
    BUFGCTRL_X0Y0        BUFG (Prop_bufg_I_O)         0.091    35.085 r  dbg_hub/inst/BSCANID.u_xsdbm_id/SWITCH_N_EXT_BSCAN.u_bufg_icon_tck/O
                         net (fo=482, routed)         1.550    36.635    dbg_hub/inst/BSCANID.u_xsdbm_id/CORE_XSDB.U_ICON/U_CMD/m_bscan_tck[0]
    SLICE_X84Y52         FDCE                                         r  dbg_hub/inst/BSCANID.u_xsdbm_id/CORE_XSDB.U_ICON/U_CMD/iTARGET_reg[10]/C
                         clock pessimism              0.436    37.071    
                         clock uncertainty           -0.035    37.036    
    SLICE_X84Y52         FDCE (Recov_fdce_C_CLR)     -0.405    36.631    dbg_hub/inst/BSCANID.u_xsdbm_id/CORE_XSDB.U_ICON/U_CMD/iTARGET_reg[10]
  -------------------------------------------------------------------
                         required time                         36.631    
                         arrival time                          -8.717    
  -------------------------------------------------------------------
                         slack                                 27.913    





Min Delay Paths
--------------------------------------------------------------------------------------
Slack (MET) :             0.345ns  (arrival time - required time)
  Source:                 dbg_hub/inst/BSCANID.u_xsdbm_id/CORE_XSDB.UUT_MASTER/U_ICON_INTERFACE/U_CMD6_RD/U_RD_FIFO/SUBCORE_FIFO.xsdbm_v3_0_3_rdfifo_inst/inst_fifo_gen/gconvfifo.rf/grf.rf/rstblk/ngwrdrst.grst.g7serrst.rd_rst_reg_reg[2]/C
                            (rising edge-triggered cell FDPE clocked by dbg_hub/inst/BSCANID.u_xsdbm_id/SWITCH_N_EXT_BSCAN.bscan_inst/SERIES7_BSCAN.bscan_inst/TCK  {rise@0.000ns fall@16.500ns period=33.000ns})
  Destination:            dbg_hub/inst/BSCANID.u_xsdbm_id/CORE_XSDB.UUT_MASTER/U_ICON_INTERFACE/U_CMD6_RD/U_RD_FIFO/SUBCORE_FIFO.xsdbm_v3_0_3_rdfifo_inst/inst_fifo_gen/gconvfifo.rf/grf.rf/gntv_or_sync_fifo.gl0.rd/rpntr/gc0.count_reg[1]/CLR
                            (removal check against rising-edge clock dbg_hub/inst/BSCANID.u_xsdbm_id/SWITCH_N_EXT_BSCAN.bscan_inst/SERIES7_BSCAN.bscan_inst/TCK  {rise@0.000ns fall@16.500ns period=33.000ns})
  Path Group:             **async_default**
  Path Type:              Removal (Min at Fast Process Corner)
  Requirement:            0.000ns  (dbg_hub/inst/BSCANID.u_xsdbm_id/SWITCH_N_EXT_BSCAN.bscan_inst/SERIES7_BSCAN.bscan_inst/TCK rise@0.000ns - dbg_hub/inst/BSCANID.u_xsdbm_id/SWITCH_N_EXT_BSCAN.bscan_inst/SERIES7_BSCAN.bscan_inst/TCK rise@0.000ns)
  Data Path Delay:        0.315ns  (logic 0.164ns (52.129%)  route 0.151ns (47.871%))
  Logic Levels:           0  
  Clock Path Skew:        0.037ns (DCD - SCD - CPR)
    Destination Clock Delay (DCD):    2.046ns
    Source Clock Delay      (SCD):    1.640ns
    Clock Pessimism Removal (CPR):    0.368ns

    Location             Delay type                Incr(ns)  Path(ns)    Netlist Resource(s)
  -------------------------------------------------------------------    -------------------
                         (clock dbg_hub/inst/BSCANID.u_xsdbm_id/SWITCH_N_EXT_BSCAN.bscan_inst/SERIES7_BSCAN.bscan_inst/TCK rise edge)
                                                      0.000     0.000 r  
    BSCAN_X0Y0           BSCANE2                      0.000     0.000 r  dbg_hub/inst/BSCANID.u_xsdbm_id/SWITCH_N_EXT_BSCAN.bscan_inst/SERIES7_BSCAN.bscan_inst/TCK
                         net (fo=1, routed)           1.028     1.028    dbg_hub/inst/BSCANID.u_xsdbm_id/tck_bs
    BUFGCTRL_X0Y0        BUFG (Prop_bufg_I_O)         0.026     1.054 r  dbg_hub/inst/BSCANID.u_xsdbm_id/SWITCH_N_EXT_BSCAN.u_bufg_icon_tck/O
                         net (fo=482, routed)         0.587     1.640    dbg_hub/inst/BSCANID.u_xsdbm_id/CORE_XSDB.UUT_MASTER/U_ICON_INTERFACE/U_CMD6_RD/U_RD_FIFO/SUBCORE_FIFO.xsdbm_v3_0_3_rdfifo_inst/inst_fifo_gen/gconvfifo.rf/grf.rf/rstblk/rd_clk
    SLICE_X82Y45         FDPE                                         r  dbg_hub/inst/BSCANID.u_xsdbm_id/CORE_XSDB.UUT_MASTER/U_ICON_INTERFACE/U_CMD6_RD/U_RD_FIFO/SUBCORE_FIFO.xsdbm_v3_0_3_rdfifo_inst/inst_fifo_gen/gconvfifo.rf/grf.rf/rstblk/ngwrdrst.grst.g7serrst.rd_rst_reg_reg[2]/C
  -------------------------------------------------------------------    -------------------
    SLICE_X82Y45         FDPE (Prop_fdpe_C_Q)         0.164     1.804 f  dbg_hub/inst/BSCANID.u_xsdbm_id/CORE_XSDB.UUT_MASTER/U_ICON_INTERFACE/U_CMD6_RD/U_RD_FIFO/SUBCORE_FIFO.xsdbm_v3_0_3_rdfifo_inst/inst_fifo_gen/gconvfifo.rf/grf.rf/rstblk/ngwrdrst.grst.g7serrst.rd_rst_reg_reg[2]/Q
                         net (fo=18, routed)          0.151     1.955    dbg_hub/inst/BSCANID.u_xsdbm_id/CORE_XSDB.UUT_MASTER/U_ICON_INTERFACE/U_CMD6_RD/U_RD_FIFO/SUBCORE_FIFO.xsdbm_v3_0_3_rdfifo_inst/inst_fifo_gen/gconvfifo.rf/grf.rf/gntv_or_sync_fifo.gl0.rd/rpntr/out[0]
    SLICE_X86Y49         FDCE                                         f  dbg_hub/inst/BSCANID.u_xsdbm_id/CORE_XSDB.UUT_MASTER/U_ICON_INTERFACE/U_CMD6_RD/U_RD_FIFO/SUBCORE_FIFO.xsdbm_v3_0_3_rdfifo_inst/inst_fifo_gen/gconvfifo.rf/grf.rf/gntv_or_sync_fifo.gl0.rd/rpntr/gc0.count_reg[1]/CLR
  -------------------------------------------------------------------    -------------------

                         (clock dbg_hub/inst/BSCANID.u_xsdbm_id/SWITCH_N_EXT_BSCAN.bscan_inst/SERIES7_BSCAN.bscan_inst/TCK rise edge)
                                                      0.000     0.000 r  
    BSCAN_X0Y0           BSCANE2                      0.000     0.000 r  dbg_hub/inst/BSCANID.u_xsdbm_id/SWITCH_N_EXT_BSCAN.bscan_inst/SERIES7_BSCAN.bscan_inst/TCK
                         net (fo=1, routed)           1.160     1.160    dbg_hub/inst/BSCANID.u_xsdbm_id/tck_bs
    BUFGCTRL_X0Y0        BUFG (Prop_bufg_I_O)         0.029     1.189 r  dbg_hub/inst/BSCANID.u_xsdbm_id/SWITCH_N_EXT_BSCAN.u_bufg_icon_tck/O
                         net (fo=482, routed)         0.857     2.046    dbg_hub/inst/BSCANID.u_xsdbm_id/CORE_XSDB.UUT_MASTER/U_ICON_INTERFACE/U_CMD6_RD/U_RD_FIFO/SUBCORE_FIFO.xsdbm_v3_0_3_rdfifo_inst/inst_fifo_gen/gconvfifo.rf/grf.rf/gntv_or_sync_fifo.gl0.rd/rpntr/rd_clk
    SLICE_X86Y49         FDCE                                         r  dbg_hub/inst/BSCANID.u_xsdbm_id/CORE_XSDB.UUT_MASTER/U_ICON_INTERFACE/U_CMD6_RD/U_RD_FIFO/SUBCORE_FIFO.xsdbm_v3_0_3_rdfifo_inst/inst_fifo_gen/gconvfifo.rf/grf.rf/gntv_or_sync_fifo.gl0.rd/rpntr/gc0.count_reg[1]/C
                         clock pessimism             -0.368     1.677    
    SLICE_X86Y49         FDCE (Remov_fdce_C_CLR)     -0.067     1.610    dbg_hub/inst/BSCANID.u_xsdbm_id/CORE_XSDB.UUT_MASTER/U_ICON_INTERFACE/U_CMD6_RD/U_RD_FIFO/SUBCORE_FIFO.xsdbm_v3_0_3_rdfifo_inst/inst_fifo_gen/gconvfifo.rf/grf.rf/gntv_or_sync_fifo.gl0.rd/rpntr/gc0.count_reg[1]
  -------------------------------------------------------------------
                         required time                         -1.610    
                         arrival time                           1.955    
  -------------------------------------------------------------------
                         slack                                  0.345    





