

================================================================
== Vitis HLS Report for 'pov_eta_wr'
================================================================
* Date:           Thu Sep  3 17:03:58 2026

* Version:        2024.2 (Build 5238294 on Nov  8 2024)
* Project:        proj_eta_wr
* Solution:       sol (Vivado IP Flow Target)
* Product family: zynq
* Target device:  xc7z020-clg484-2


================================================================
== Performance Estimates
================================================================
+ Timing: 
    * Summary: 
    +--------+---------+----------+------------+
    |  Clock |  Target | Estimated| Uncertainty|
    +--------+---------+----------+------------+
    |ap_clk  |  6.67 ns|  4.869 ns|     1.80 ns|
    +--------+---------+----------+------------+

+ Latency: 
    * Summary: 
    +---------+---------+-----------+-----------+---------+---------+---------+
    |  Latency (cycles) |   Latency (absolute)  |      Interval     | Pipeline|
    |   min   |   max   |    min    |    max    |   min   |   max   |   Type  |
    +---------+---------+-----------+-----------+---------+---------+---------+
    |  1565640|  6251976|  10.443 ms|  41.701 ms|  1565641|  6251977|       no|
    +---------+---------+-----------+-----------+---------+---------+---------+

    + Detail: 
        * Instance: 
        +-----------------------------------------------------------+------------------------------------------------+---------+---------+-----------+-----------+---------+---------+------------------------------------------------+
        |                                                           |                                                |  Latency (cycles) |   Latency (absolute)  |      Interval     |                    Pipeline                    |
        |                          Instance                         |                     Module                     |   min   |   max   |    min    |    max    |   min   |   max   |                      Type                      |
        +-----------------------------------------------------------+------------------------------------------------+---------+---------+-----------+-----------+---------+---------+------------------------------------------------+
        |grp_pov_eta_wr_Pipeline_SLICES_COLUMNS_COPY_COLUMN_fu_175  |pov_eta_wr_Pipeline_SLICES_COLUMNS_COPY_COLUMN  |  1565630|  6251966|  10.443 ms|  41.701 ms|  1565569|  6251905|  loop auto-rewind stp (delay=0 clock cycles(s))|
        +-----------------------------------------------------------+------------------------------------------------+---------+---------+-----------+-----------+---------+---------+------------------------------------------------+

        * Loop: 
        N/A



================================================================
== Utilization Estimates
================================================================
* Summary: 
+-----------------+---------+-----+--------+-------+-----+
|       Name      | BRAM_18K| DSP |   FF   |  LUT  | URAM|
+-----------------+---------+-----+--------+-------+-----+
|DSP              |        -|    -|       -|      -|    -|
|Expression       |        -|    -|       0|    541|    -|
|FIFO             |        -|    -|       -|      -|    -|
|Instance         |       10|    7|    5473|   5107|    -|
|Memory           |        -|    -|       -|      -|    -|
|Multiplexer      |        -|    -|       0|    146|    -|
|Register         |        -|    -|     545|      -|    -|
+-----------------+---------+-----+--------+-------+-----+
|Total            |       10|    7|    6018|   5794|    0|
+-----------------+---------+-----+--------+-------+-----+
|Available        |      280|  220|  106400|  53200|    0|
+-----------------+---------+-----+--------+-------+-----+
|Utilization (%)  |        3|    3|       5|     10|    0|
+-----------------+---------+-----+--------+-------+-----+

+ Detail: 
    * Instance: 
    +-----------------------------------------------------------+------------------------------------------------+---------+----+------+------+-----+
    |                          Instance                         |                     Module                     | BRAM_18K| DSP|  FF  |  LUT | URAM|
    +-----------------------------------------------------------+------------------------------------------------+---------+----+------+------+-----+
    |control_s_axi_U                                            |control_s_axi                                   |        0|   0|   360|   616|    0|
    |out_r_m_axi_U                                              |out_r_m_axi                                     |        4|   0|   723|   840|    0|
    |grp_pov_eta_wr_Pipeline_SLICES_COLUMNS_COPY_COLUMN_fu_175  |pov_eta_wr_Pipeline_SLICES_COLUMNS_COPY_COLUMN  |        2|   7|  3661|  2803|    0|
    |vox_m_axi_U                                                |vox_m_axi                                       |        4|   0|   729|   848|    0|
    +-----------------------------------------------------------+------------------------------------------------+---------+----+------+------+-----+
    |Total                                                      |                                                |       10|   7|  5473|  5107|    0|
    +-----------------------------------------------------------+------------------------------------------------+---------+----+------+------+-----+

    * DSP: 
    N/A

    * Memory: 
    N/A

    * FIFO: 
    N/A

    * Expression: 
    +-----------------------+----------+----+---+----+------------+------------+
    |     Variable Name     | Operation| DSP| FF| LUT| Bitwidth P0| Bitwidth P1|
    +-----------------------+----------+----+---+----+------------+------------+
    |add_ln14_1_fu_420_p2   |         +|   0|  0|  45|          45|          45|
    |add_ln14_fu_403_p2     |         +|   0|  0|  45|          45|          45|
    |add_ln46_2_fu_268_p2   |         +|   0|  0|  45|          45|          45|
    |add_ln46_3_fu_286_p2   |         +|   0|  0|  45|          45|          45|
    |add_ln46_4_fu_314_p2   |         +|   0|  0|  48|          48|          48|
    |add_ln46_5_fu_331_p2   |         +|   0|  0|  48|          48|          48|
    |add_ln46_fu_346_p2     |         +|   0|  0|  64|          64|          64|
    |empty_28_fu_226_p2     |      icmp|   0|  0|  32|          32|           1|
    |icmp_ln46_fu_238_p2    |      icmp|   0|  0|  31|          31|           1|
    |empty_fu_361_p3        |    select|   0|  0|  45|           1|          45|
    |select_ln42_fu_232_p3  |    select|   0|  0|  31|           1|           1|
    |select_ln43_fu_218_p3  |    select|   0|  0|  31|           1|           1|
    |smax_fu_337_p3         |    select|   0|  0|  31|           1|          31|
    +-----------------------+----------+----+---+----+------------+------------+
    |Total                  |          |   0|  0| 541|         407|         420|
    +-----------------------+----------+----+---+----+------------+------------+

    * Multiplexer: 
    +-----------------+----+-----------+-----+-----------+
    |       Name      | LUT| Input Size| Bits| Total Bits|
    +-----------------+----+-----------+-----+-----------+
    |ap_NS_fsm        |  49|         12|    1|         12|
    |out_r_0_AWADDR   |  13|          3|   64|        192|
    |out_r_0_AWLEN    |  13|          3|   32|         96|
    |out_r_0_AWVALID  |  13|          3|    1|          3|
    |out_r_0_BREADY   |  13|          3|    1|          3|
    |out_r_0_WVALID   |   9|          2|    1|          2|
    |out_r_blk_n_AW   |   9|          2|    1|          2|
    |out_r_blk_n_B    |   9|          2|    1|          2|
    |vox_0_ARVALID    |   9|          2|    1|          2|
    |vox_0_RREADY     |   9|          2|    1|          2|
    +-----------------+----+-----------+-----+-----------+
    |Total            | 146|         34|  104|        316|
    +-----------------+----+-----------+-----+-----------+

    * Register: 
    +------------------------------------------------------------------------+----+----+-----+-----------+
    |                                  Name                                  | FF | LUT| Bits| Const Bits|
    +------------------------------------------------------------------------+----+----+-----+-----------+
    |add_ln14_1_reg_513                                                      |  38|   0|   45|          7|
    |add_ln46_3_reg_480                                                      |  38|   0|   45|          7|
    |add_ln46_5_reg_485                                                      |  38|   0|   48|         10|
    |ap_CS_fsm                                                               |  11|   0|   11|          0|
    |axis_off_q8_read_reg_431                                                |  32|   0|   32|          0|
    |empty_28_reg_470                                                        |   1|   0|    1|          0|
    |empty_reg_503                                                           |  38|   0|   45|          7|
    |grp_pov_eta_wr_Pipeline_SLICES_COLUMNS_COPY_COLUMN_fu_175_ap_start_reg  |   1|   0|    1|          0|
    |icmp_ln46_reg_475                                                       |   1|   0|    1|          0|
    |mirror_u_read_reg_426                                                   |  32|   0|   32|          0|
    |phase_read_reg_436                                                      |  32|   0|   32|          0|
    |select_ln43_reg_462                                                     |  31|   0|   31|          0|
    |slot_base_read_reg_441                                                  |  64|   0|   64|          0|
    |smax_reg_490                                                            |  31|   0|   31|          0|
    |tmp_reg_457                                                             |   1|   0|    1|          0|
    |trunc_ln14_1_reg_451                                                    |  31|   0|   31|          0|
    |trunc_ln1_reg_497                                                       |  61|   0|   61|          0|
    |voxel_read_reg_446                                                      |  64|   0|   64|          0|
    +------------------------------------------------------------------------+----+----+-----+-----------+
    |Total                                                                   | 545|   0|  576|         31|
    +------------------------------------------------------------------------+----+----+-----+-----------+



================================================================
== Interface
================================================================
* Summary: 
+-----------------------+-----+-----+------------+--------------+--------------+
|       RTL Ports       | Dir | Bits|  Protocol  | Source Object|    C Type    |
+-----------------------+-----+-----+------------+--------------+--------------+
|s_axi_control_AWVALID  |   in|    1|       s_axi|       control|        scalar|
|s_axi_control_AWREADY  |  out|    1|       s_axi|       control|        scalar|
|s_axi_control_AWADDR   |   in|    7|       s_axi|       control|        scalar|
|s_axi_control_WVALID   |   in|    1|       s_axi|       control|        scalar|
|s_axi_control_WREADY   |  out|    1|       s_axi|       control|        scalar|
|s_axi_control_WDATA    |   in|   32|       s_axi|       control|        scalar|
|s_axi_control_WSTRB    |   in|    4|       s_axi|       control|        scalar|
|s_axi_control_ARVALID  |   in|    1|       s_axi|       control|        scalar|
|s_axi_control_ARREADY  |  out|    1|       s_axi|       control|        scalar|
|s_axi_control_ARADDR   |   in|    7|       s_axi|       control|        scalar|
|s_axi_control_RVALID   |  out|    1|       s_axi|       control|        scalar|
|s_axi_control_RREADY   |   in|    1|       s_axi|       control|        scalar|
|s_axi_control_RDATA    |  out|   32|       s_axi|       control|        scalar|
|s_axi_control_RRESP    |  out|    2|       s_axi|       control|        scalar|
|s_axi_control_BVALID   |  out|    1|       s_axi|       control|        scalar|
|s_axi_control_BREADY   |   in|    1|       s_axi|       control|        scalar|
|s_axi_control_BRESP    |  out|    2|       s_axi|       control|        scalar|
|ap_clk                 |   in|    1|  ap_ctrl_hs|    pov_eta_wr|  return value|
|ap_rst_n               |   in|    1|  ap_ctrl_hs|    pov_eta_wr|  return value|
|ap_start               |   in|    1|  ap_ctrl_hs|    pov_eta_wr|  return value|
|ap_done                |  out|    1|  ap_ctrl_hs|    pov_eta_wr|  return value|
|ap_idle                |  out|    1|  ap_ctrl_hs|    pov_eta_wr|  return value|
|ap_ready               |  out|    1|  ap_ctrl_hs|    pov_eta_wr|  return value|
|m_axi_vox_AWVALID      |  out|    1|       m_axi|           vox|       pointer|
|m_axi_vox_AWREADY      |   in|    1|       m_axi|           vox|       pointer|
|m_axi_vox_AWADDR       |  out|   64|       m_axi|           vox|       pointer|
|m_axi_vox_AWID         |  out|    1|       m_axi|           vox|       pointer|
|m_axi_vox_AWLEN        |  out|    8|       m_axi|           vox|       pointer|
|m_axi_vox_AWSIZE       |  out|    3|       m_axi|           vox|       pointer|
|m_axi_vox_AWBURST      |  out|    2|       m_axi|           vox|       pointer|
|m_axi_vox_AWLOCK       |  out|    2|       m_axi|           vox|       pointer|
|m_axi_vox_AWCACHE      |  out|    4|       m_axi|           vox|       pointer|
|m_axi_vox_AWPROT       |  out|    3|       m_axi|           vox|       pointer|
|m_axi_vox_AWQOS        |  out|    4|       m_axi|           vox|       pointer|
|m_axi_vox_AWREGION     |  out|    4|       m_axi|           vox|       pointer|
|m_axi_vox_AWUSER       |  out|    1|       m_axi|           vox|       pointer|
|m_axi_vox_WVALID       |  out|    1|       m_axi|           vox|       pointer|
|m_axi_vox_WREADY       |   in|    1|       m_axi|           vox|       pointer|
|m_axi_vox_WDATA        |  out|   64|       m_axi|           vox|       pointer|
|m_axi_vox_WSTRB        |  out|    8|       m_axi|           vox|       pointer|
|m_axi_vox_WLAST        |  out|    1|       m_axi|           vox|       pointer|
|m_axi_vox_WID          |  out|    1|       m_axi|           vox|       pointer|
|m_axi_vox_WUSER        |  out|    1|       m_axi|           vox|       pointer|
|m_axi_vox_ARVALID      |  out|    1|       m_axi|           vox|       pointer|
|m_axi_vox_ARREADY      |   in|    1|       m_axi|           vox|       pointer|
|m_axi_vox_ARADDR       |  out|   64|       m_axi|           vox|       pointer|
|m_axi_vox_ARID         |  out|    1|       m_axi|           vox|       pointer|
|m_axi_vox_ARLEN        |  out|    8|       m_axi|           vox|       pointer|
|m_axi_vox_ARSIZE       |  out|    3|       m_axi|           vox|       pointer|
|m_axi_vox_ARBURST      |  out|    2|       m_axi|           vox|       pointer|
|m_axi_vox_ARLOCK       |  out|    2|       m_axi|           vox|       pointer|
|m_axi_vox_ARCACHE      |  out|    4|       m_axi|           vox|       pointer|
|m_axi_vox_ARPROT       |  out|    3|       m_axi|           vox|       pointer|
|m_axi_vox_ARQOS        |  out|    4|       m_axi|           vox|       pointer|
|m_axi_vox_ARREGION     |  out|    4|       m_axi|           vox|       pointer|
|m_axi_vox_ARUSER       |  out|    1|       m_axi|           vox|       pointer|
|m_axi_vox_RVALID       |   in|    1|       m_axi|           vox|       pointer|
|m_axi_vox_RREADY       |  out|    1|       m_axi|           vox|       pointer|
|m_axi_vox_RDATA        |   in|   64|       m_axi|           vox|       pointer|
|m_axi_vox_RLAST        |   in|    1|       m_axi|           vox|       pointer|
|m_axi_vox_RID          |   in|    1|       m_axi|           vox|       pointer|
|m_axi_vox_RUSER        |   in|    1|       m_axi|           vox|       pointer|
|m_axi_vox_RRESP        |   in|    2|       m_axi|           vox|       pointer|
|m_axi_vox_BVALID       |   in|    1|       m_axi|           vox|       pointer|
|m_axi_vox_BREADY       |  out|    1|       m_axi|           vox|       pointer|
|m_axi_vox_BRESP        |   in|    2|       m_axi|           vox|       pointer|
|m_axi_vox_BID          |   in|    1|       m_axi|           vox|       pointer|
|m_axi_vox_BUSER        |   in|    1|       m_axi|           vox|       pointer|
|m_axi_out_r_AWVALID    |  out|    1|       m_axi|         out_r|       pointer|
|m_axi_out_r_AWREADY    |   in|    1|       m_axi|         out_r|       pointer|
|m_axi_out_r_AWADDR     |  out|   64|       m_axi|         out_r|       pointer|
|m_axi_out_r_AWID       |  out|    1|       m_axi|         out_r|       pointer|
|m_axi_out_r_AWLEN      |  out|    8|       m_axi|         out_r|       pointer|
|m_axi_out_r_AWSIZE     |  out|    3|       m_axi|         out_r|       pointer|
|m_axi_out_r_AWBURST    |  out|    2|       m_axi|         out_r|       pointer|
|m_axi_out_r_AWLOCK     |  out|    2|       m_axi|         out_r|       pointer|
|m_axi_out_r_AWCACHE    |  out|    4|       m_axi|         out_r|       pointer|
|m_axi_out_r_AWPROT     |  out|    3|       m_axi|         out_r|       pointer|
|m_axi_out_r_AWQOS      |  out|    4|       m_axi|         out_r|       pointer|
|m_axi_out_r_AWREGION   |  out|    4|       m_axi|         out_r|       pointer|
|m_axi_out_r_AWUSER     |  out|    1|       m_axi|         out_r|       pointer|
|m_axi_out_r_WVALID     |  out|    1|       m_axi|         out_r|       pointer|
|m_axi_out_r_WREADY     |   in|    1|       m_axi|         out_r|       pointer|
|m_axi_out_r_WDATA      |  out|   64|       m_axi|         out_r|       pointer|
|m_axi_out_r_WSTRB      |  out|    8|       m_axi|         out_r|       pointer|
|m_axi_out_r_WLAST      |  out|    1|       m_axi|         out_r|       pointer|
|m_axi_out_r_WID        |  out|    1|       m_axi|         out_r|       pointer|
|m_axi_out_r_WUSER      |  out|    1|       m_axi|         out_r|       pointer|
|m_axi_out_r_ARVALID    |  out|    1|       m_axi|         out_r|       pointer|
|m_axi_out_r_ARREADY    |   in|    1|       m_axi|         out_r|       pointer|
|m_axi_out_r_ARADDR     |  out|   64|       m_axi|         out_r|       pointer|
|m_axi_out_r_ARID       |  out|    1|       m_axi|         out_r|       pointer|
|m_axi_out_r_ARLEN      |  out|    8|       m_axi|         out_r|       pointer|
|m_axi_out_r_ARSIZE     |  out|    3|       m_axi|         out_r|       pointer|
|m_axi_out_r_ARBURST    |  out|    2|       m_axi|         out_r|       pointer|
|m_axi_out_r_ARLOCK     |  out|    2|       m_axi|         out_r|       pointer|
|m_axi_out_r_ARCACHE    |  out|    4|       m_axi|         out_r|       pointer|
|m_axi_out_r_ARPROT     |  out|    3|       m_axi|         out_r|       pointer|
|m_axi_out_r_ARQOS      |  out|    4|       m_axi|         out_r|       pointer|
|m_axi_out_r_ARREGION   |  out|    4|       m_axi|         out_r|       pointer|
|m_axi_out_r_ARUSER     |  out|    1|       m_axi|         out_r|       pointer|
|m_axi_out_r_RVALID     |   in|    1|       m_axi|         out_r|       pointer|
|m_axi_out_r_RREADY     |  out|    1|       m_axi|         out_r|       pointer|
|m_axi_out_r_RDATA      |   in|   64|       m_axi|         out_r|       pointer|
|m_axi_out_r_RLAST      |   in|    1|       m_axi|         out_r|       pointer|
|m_axi_out_r_RID        |   in|    1|       m_axi|         out_r|       pointer|
|m_axi_out_r_RUSER      |   in|    1|       m_axi|         out_r|       pointer|
|m_axi_out_r_RRESP      |   in|    2|       m_axi|         out_r|       pointer|
|m_axi_out_r_BVALID     |   in|    1|       m_axi|         out_r|       pointer|
|m_axi_out_r_BREADY     |  out|    1|       m_axi|         out_r|       pointer|
|m_axi_out_r_BRESP      |   in|    2|       m_axi|         out_r|       pointer|
|m_axi_out_r_BID        |   in|    1|       m_axi|         out_r|       pointer|
|m_axi_out_r_BUSER      |   in|    1|       m_axi|         out_r|       pointer|
+-----------------------+-----+-----+------------+--------------+--------------+

