Copyright 1986-2022 Xilinx, Inc. All Rights Reserved. Copyright 2022-2024 Advanced Micro Devices, Inc. All Rights Reserved.
------------------------------------------------------------------------------------------------------------------------------------------------
| Tool Version : Vivado v.2024.2 (win64) Build 5239630 Fri Nov 08 22:35:27 MST 2024
| Date         : Tue Sep  1 20:17:34 2026
| Host         : PC-W003SS3G0143 running 64-bit major release  (build 9200)
| Command      : report_timing_summary -file D:/claude_workspace/pov3d/zynq_pov/icnd2260/build_dbg_ph45/icnd2260_lvds_dbg_div32_ph45.timing.rpt
| Design       : icnd2260_lxb_lvds_top
| Device       : 7z020-clg484
| Speed File   : -1  PRODUCTION 1.12 2019-11-22
| Design State : Routed
------------------------------------------------------------------------------------------------------------------------------------------------

Timing Summary Report

------------------------------------------------------------------------------------------------
| Timer Settings
| --------------
------------------------------------------------------------------------------------------------

  Enable Multi Corner Analysis               :  Yes
  Enable Pessimism Removal                   :  Yes
  Pessimism Removal Resolution               :  Nearest Common Node
  Enable Input Delay Default Clock           :  No
  Enable Preset / Clear Arcs                 :  No
  Disable Flight Delays                      :  No
  Ignore I/O Paths                           :  No
  Timing Early Launch at Borrowing Latches   :  No
  Borrow Time for Max Delay Exceptions       :  Yes
  Merge Timing Exceptions                    :  Yes
  Inter-SLR Compensation                     :  Conservative

  Corner  Analyze    Analyze    
  Name    Max Paths  Min Paths  
  ------  ---------  ---------  
  Slow    Yes        Yes        
  Fast    Yes        Yes        


------------------------------------------------------------------------------------------------
| Report Methodology
| ------------------
------------------------------------------------------------------------------------------------

No report available as report_methodology has not been run prior. Run report_methodology on the current design for the summary of methodology violations.



check_timing report

Table of Contents
-----------------
1. checking no_clock (0)
2. checking constant_clock (0)
3. checking pulse_width_clock (0)
4. checking unconstrained_internal_endpoints (0)
5. checking no_input_delay (1)
6. checking no_output_delay (7)
7. checking multiple_clock (0)
8. checking generated_clocks (0)
9. checking loops (0)
10. checking partial_input_delay (0)
11. checking partial_output_delay (0)
12. checking latch_loops (0)

1. checking no_clock (0)
------------------------
 There are 0 register/latch pins with no clock.


2. checking constant_clock (0)
------------------------------
 There are 0 register/latch pins with constant_clock.


3. checking pulse_width_clock (0)
---------------------------------
 There are 0 register/latch pins which need pulse_width check


4. checking unconstrained_internal_endpoints (0)
------------------------------------------------
 There are 0 pins that are not constrained for maximum delay.

 There are 0 pins that are not constrained for maximum delay due to constant clock.


5. checking no_input_delay (1)
------------------------------
 There are 0 input ports with no input delay specified.

 There is 1 input port with no input delay but user has a false path constraint. (MEDIUM)


6. checking no_output_delay (7)
-------------------------------
 There are 0 ports with no output delay specified.

 There are 6 ports with no output delay but user has a false path constraint (MEDIUM)

 There is 1 port with no output delay but with a timing clock defined on it or propagating through it (LOW)


7. checking multiple_clock (0)
------------------------------
 There are 0 register/latch pins with multiple clocks.


8. checking generated_clocks (0)
--------------------------------
 There are 0 generated clocks that are not connected to a clock source.


9. checking loops (0)
---------------------
 There are 0 combinational loops in the design.


10. checking partial_input_delay (0)
------------------------------------
 There are 0 input ports with partial input delay specified.


11. checking partial_output_delay (0)
-------------------------------------
 There are 0 ports with partial output delay specified.


12. checking latch_loops (0)
----------------------------
 There are 0 combinational latch loops in the design through latch input



------------------------------------------------------------------------------------------------
| Design Timing Summary
| ---------------------
------------------------------------------------------------------------------------------------

    WNS(ns)      TNS(ns)  TNS Failing Endpoints  TNS Total Endpoints      WHS(ns)      THS(ns)  THS Failing Endpoints  THS Total Endpoints     WPWS(ns)     TPWS(ns)  TPWS Failing Endpoints  TPWS Total Endpoints  
    -------      -------  ---------------------  -------------------      -------      -------  ---------------------  -------------------     --------     --------  ----------------------  --------------------  
      0.159        0.000                      0                 6061        0.085        0.000                      0                 6045        7.000        0.000                       0                  2960  


All user specified timing constraints are met.


------------------------------------------------------------------------------------------------
| Clock Summary
| -------------
------------------------------------------------------------------------------------------------

Clock                                                                                       Waveform(ns)       Period(ns)      Frequency(MHz)
-----                                                                                       ------------       ----------      --------------
clk50                                                                                       {0.000 10.000}     20.000          50.000          
  clkbit90_raw                                                                              {4.000 20.000}     32.000          31.250          
    lvds_ck                                                                                 {4.000 20.000}     32.000          31.250          
  clkbit_raw                                                                                {0.000 16.000}     32.000          31.250          
  clkfb                                                                                     {0.000 10.000}     20.000          50.000          
dbg_hub/inst/BSCANID.u_xsdbm_id/SWITCH_N_EXT_BSCAN.bscan_inst/SERIES7_BSCAN.bscan_inst/TCK  {0.000 16.500}     33.000          30.303          


------------------------------------------------------------------------------------------------
| Intra Clock Table
| -----------------
------------------------------------------------------------------------------------------------

Clock                                                                                           WNS(ns)      TNS(ns)  TNS Failing Endpoints  TNS Total Endpoints      WHS(ns)      THS(ns)  THS Failing Endpoints  THS Total Endpoints     WPWS(ns)     TPWS(ns)  TPWS Failing Endpoints  TPWS Total Endpoints  
-----                                                                                           -------      -------  ---------------------  -------------------      -------      -------  ---------------------  -------------------     --------     --------  ----------------------  --------------------  
clk50                                                                                                                                                                                                                                         7.000        0.000                       0                     1  
  clkbit90_raw                                                                                                                                                                                                                               29.845        0.000                       0                     3  
  clkbit_raw                                                                                     22.262        0.000                      0                 4906        0.089        0.000                      0                 4906       14.750        0.000                       0                  2470  
  clkfb                                                                                                                                                                                                                                      17.845        0.000                       0                     3  
dbg_hub/inst/BSCANID.u_xsdbm_id/SWITCH_N_EXT_BSCAN.bscan_inst/SERIES7_BSCAN.bscan_inst/TCK       26.356        0.000                      0                  928        0.085        0.000                      0                  928       15.250        0.000                       0                   483  


------------------------------------------------------------------------------------------------
| Inter Clock Table
| -----------------
------------------------------------------------------------------------------------------------

From Clock                                                                                  To Clock                                                                                        WNS(ns)      TNS(ns)  TNS Failing Endpoints  TNS Total Endpoints      WHS(ns)      THS(ns)  THS Failing Endpoints  THS Total Endpoints  
----------                                                                                  --------                                                                                        -------      -------  ---------------------  -------------------      -------      -------  ---------------------  -------------------  
clkbit_raw                                                                                  clkbit90_raw                                                                                      0.159        0.000                      0                    3       27.833        0.000                      0                    3  
clkbit_raw                                                                                  lvds_ck                                                                                           0.208        0.000                      0                    3        0.192        0.000                      0                    3  
dbg_hub/inst/BSCANID.u_xsdbm_id/SWITCH_N_EXT_BSCAN.bscan_inst/SERIES7_BSCAN.bscan_inst/TCK  clkbit_raw                                                                                       31.400        0.000                      0                    8                                                                        
clkbit_raw                                                                                  dbg_hub/inst/BSCANID.u_xsdbm_id/SWITCH_N_EXT_BSCAN.bscan_inst/SERIES7_BSCAN.bscan_inst/TCK       30.666        0.000                      0                    8                                                                        


------------------------------------------------------------------------------------------------
| Other Path Groups Table
| -----------------------
------------------------------------------------------------------------------------------------

Path Group                                                                                  From Clock                                                                                  To Clock                                                                                        WNS(ns)      TNS(ns)  TNS Failing Endpoints  TNS Total Endpoints      WHS(ns)      THS(ns)  THS Failing Endpoints  THS Total Endpoints  
----------                                                                                  ----------                                                                                  --------                                                                                        -------      -------  ---------------------  -------------------      -------      -------  ---------------------  -------------------  
**async_default**                                                                           clkbit_raw                                                                                  clkbit_raw                                                                                       29.131        0.000                      0                  105        0.310        0.000                      0                  105  
**async_default**                                                                           dbg_hub/inst/BSCANID.u_xsdbm_id/SWITCH_N_EXT_BSCAN.bscan_inst/SERIES7_BSCAN.bscan_inst/TCK  dbg_hub/inst/BSCANID.u_xsdbm_id/SWITCH_N_EXT_BSCAN.bscan_inst/SERIES7_BSCAN.bscan_inst/TCK       28.580        0.000                      0                  100        0.334        0.000                      0                  100  


------------------------------------------------------------------------------------------------
| Timing Details
| --------------
------------------------------------------------------------------------------------------------


---------------------------------------------------------------------------------------------------
From Clock:  clk50
  To Clock:  clk50

Setup :           NA  Failing Endpoints,  Worst Slack           NA  ,  Total Violation           NA
Hold  :           NA  Failing Endpoints,  Worst Slack           NA  ,  Total Violation           NA
PW    :            0  Failing Endpoints,  Worst Slack        7.000ns,  Total Violation        0.000ns
---------------------------------------------------------------------------------------------------


Pulse Width Checks
--------------------------------------------------------------------------------------
Clock Name:         clk50
Waveform(ns):       { 0.000 10.000 }
Period(ns):         20.000
Sources:            { clk50 }

Check Type        Corner  Lib Pin            Reference Pin  Required(ns)  Actual(ns)  Slack(ns)  Location         Pin
Min Period        n/a     MMCME2_ADV/CLKIN1  n/a            1.249         20.000      18.751     MMCME2_ADV_X1Y1  u_mmcm/CLKIN1
Max Period        n/a     MMCME2_ADV/CLKIN1  n/a            100.000       20.000      80.000     MMCME2_ADV_X1Y1  u_mmcm/CLKIN1
Low Pulse Width   Slow    MMCME2_ADV/CLKIN1  n/a            3.000         10.000      7.000      MMCME2_ADV_X1Y1  u_mmcm/CLKIN1
High Pulse Width  Slow    MMCME2_ADV/CLKIN1  n/a            3.000         10.000      7.000      MMCME2_ADV_X1Y1  u_mmcm/CLKIN1



---------------------------------------------------------------------------------------------------
From Clock:  clkbit90_raw
  To Clock:  clkbit90_raw

Setup :           NA  Failing Endpoints,  Worst Slack           NA  ,  Total Violation           NA
Hold  :           NA  Failing Endpoints,  Worst Slack           NA  ,  Total Violation           NA
PW    :            0  Failing Endpoints,  Worst Slack       29.845ns,  Total Violation        0.000ns
---------------------------------------------------------------------------------------------------


Pulse Width Checks
--------------------------------------------------------------------------------------
Clock Name:         clkbit90_raw
Waveform(ns):       { 4.000 20.000 }
Period(ns):         32.000
Sources:            { u_mmcm/CLKOUT1 }

Check Type  Corner  Lib Pin             Reference Pin  Required(ns)  Actual(ns)  Slack(ns)  Location         Pin
Min Period  n/a     BUFG/I              n/a            2.155         32.000      29.845     BUFGCTRL_X0Y17   u_bufg_90/I
Max Period  n/a     MMCME2_ADV/CLKOUT1  n/a            213.360       32.000      181.360    MMCME2_ADV_X1Y1  u_mmcm/CLKOUT1



---------------------------------------------------------------------------------------------------
From Clock:  clkbit_raw
  To Clock:  clkbit_raw

Setup :            0  Failing Endpoints,  Worst Slack       22.262ns,  Total Violation        0.000ns
Hold  :            0  Failing Endpoints,  Worst Slack        0.089ns,  Total Violation        0.000ns
PW    :            0  Failing Endpoints,  Worst Slack       14.750ns,  Total Violation        0.000ns
---------------------------------------------------------------------------------------------------


Max Delay Paths
--------------------------------------------------------------------------------------
Slack (MET) :             22.262ns  (required time - arrival time)
  Source:                 u_seq/src_reg[1]/C
                            (rising edge-triggered cell FDSE clocked by clkbit_raw  {rise@0.000ns fall@16.000ns period=32.000ns})
  Destination:            u_seq/reg_q_reg[5]/D
                            (rising edge-triggered cell FDRE clocked by clkbit_raw  {rise@0.000ns fall@16.000ns period=32.000ns})
  Path Group:             clkbit_raw
  Path Type:              Setup (Max at Slow Process Corner)
  Requirement:            32.000ns  (clkbit_raw rise@32.000ns - clkbit_raw rise@0.000ns)
  Data Path Delay:        9.646ns  (logic 1.898ns (19.676%)  route 7.748ns (80.324%))
  Logic Levels:           8  (LUT2=1 LUT3=1 LUT5=2 LUT6=3 RAMD64E=1)
  Clock Path Skew:        -0.065ns (DCD - SCD + CPR)
    Destination Clock Delay (DCD):    -1.609ns = ( 30.391 - 32.000 ) 
    Source Clock Delay      (SCD):    -0.969ns
    Clock Pessimism Removal (CPR):    0.576ns
  Clock Uncertainty:      0.101ns  ((TSJ^2 + DJ^2)^1/2) / 2 + PE
    Total System Jitter     (TSJ):    0.071ns
    Discrete Jitter          (DJ):    0.190ns
    Phase Error              (PE):    0.000ns

    Location             Delay type                Incr(ns)  Path(ns)    Netlist Resource(s)
  -------------------------------------------------------------------    -------------------
                         (clock clkbit_raw rise edge)
                                                      0.000     0.000 r  
    M19                                               0.000     0.000 r  clk50 (IN)
                         net (fo=0)                   0.000     0.000    clk50
    M19                  IBUF (Prop_ibuf_I_O)         1.436     1.436 r  clk50_IBUF_inst/O
                         net (fo=1, routed)           1.285     2.721    clk50_IBUF
    MMCME2_ADV_X1Y1      MMCME2_ADV (Prop_mmcme2_adv_CLKIN1_CLKOUT0)
                                                     -7.406    -4.685 r  u_mmcm/CLKOUT0
                         net (fo=1, routed)           1.889    -2.796    clkbit_raw
    BUFGCTRL_X0Y16       BUFG (Prop_bufg_I_O)         0.101    -2.695 r  u_bufg_0/O
                         net (fo=2468, routed)        1.726    -0.969    u_seq/clk
    SLICE_X80Y30         FDSE                                         r  u_seq/src_reg[1]/C
  -------------------------------------------------------------------    -------------------
    SLICE_X80Y30         FDSE (Prop_fdse_C_Q)         0.456    -0.513 f  u_seq/src_reg[1]/Q
                         net (fo=52, routed)          1.619     1.107    u_seq/src_reg_n_0_[1]
    SLICE_X56Y28         LUT5 (Prop_lut5_I3_O)        0.124     1.231 f  u_seq/pl_last_INST_0_i_4/O
                         net (fo=1, routed)           0.447     1.678    u_seq/pl_last_INST_0_i_4_n_0
    SLICE_X56Y25         LUT6 (Prop_lut6_I5_O)        0.124     1.802 f  u_seq/pl_last_INST_0_i_1/O
                         net (fo=1, routed)           0.791     2.592    u_seq/pl_last_INST_0_i_1_n_0
    SLICE_X68Y28         LUT6 (Prop_lut6_I0_O)        0.124     2.716 f  u_seq/pl_last_INST_0/O
                         net (fo=2, routed)           0.927     3.643    u_tx/pl_last
    SLICE_X77Y34         LUT5 (Prop_lut5_I3_O)        0.150     3.793 r  u_tx/pl_next_INST_0/O
                         net (fo=15, routed)          1.049     4.842    u_seq/pl_next
    SLICE_X60Y28         LUT2 (Prop_lut2_I1_O)        0.320     5.162 r  u_seq/reg_rom_reg_0_63_0_2_i_7/O
                         net (fo=64, routed)          1.541     6.704    u_seq/reg_rom_reg_128_191_3_5/ADDRC0
    SLICE_X66Y24         RAMD64E (Prop_ramd64e_RADR0_O)
                                                      0.326     7.030 r  u_seq/reg_rom_reg_128_191_3_5/RAMC/O
                         net (fo=1, routed)           0.717     7.747    u_seq/reg_rom_reg_128_191_3_5_n_2
    SLICE_X67Y27         LUT6 (Prop_lut6_I1_O)        0.124     7.871 r  u_seq/reg_q[5]_i_3/O
                         net (fo=1, routed)           0.657     8.528    u_seq/reg_raw[5]
    SLICE_X68Y28         LUT3 (Prop_lut3_I1_O)        0.150     8.678 r  u_seq/reg_q[5]_i_1/O
                         net (fo=1, routed)           0.000     8.678    u_seq/reg_masked[5]
    SLICE_X68Y28         FDRE                                         r  u_seq/reg_q_reg[5]/D
  -------------------------------------------------------------------    -------------------

                         (clock clkbit_raw rise edge)
                                                     32.000    32.000 r  
    M19                                               0.000    32.000 r  clk50 (IN)
                         net (fo=0)                   0.000    32.000    clk50
    M19                  IBUF (Prop_ibuf_I_O)         1.366    33.366 r  clk50_IBUF_inst/O
                         net (fo=1, routed)           1.162    34.528    clk50_IBUF
    MMCME2_ADV_X1Y1      MMCME2_ADV (Prop_mmcme2_adv_CLKIN1_CLKOUT0)
                                                     -7.500    27.028 r  u_mmcm/CLKOUT0
                         net (fo=1, routed)           1.725    28.753    clkbit_raw
    BUFGCTRL_X0Y16       BUFG (Prop_bufg_I_O)         0.091    28.844 r  u_bufg_0/O
                         net (fo=2468, routed)        1.546    30.391    u_seq/clk
    SLICE_X68Y28         FDRE                                         r  u_seq/reg_q_reg[5]/C
                         clock pessimism              0.576    30.966    
                         clock uncertainty           -0.101    30.865    
    SLICE_X68Y28         FDRE (Setup_fdre_C_D)        0.075    30.940    u_seq/reg_q_reg[5]
  -------------------------------------------------------------------
                         required time                         30.940    
                         arrival time                          -8.678    
  -------------------------------------------------------------------
                         slack                                 22.262    





Min Delay Paths
--------------------------------------------------------------------------------------
Slack (MET) :             0.089ns  (arrival time - required time)
  Source:                 <hidden>
                            (rising edge-triggered cell FDRE clocked by clkbit_raw  {rise@0.000ns fall@16.000ns period=32.000ns})
  Destination:            u_seq/reg_rom_reg_0_63_6_8/RAMA/I
                            (rising edge-triggered cell RAMD64E clocked by clkbit_raw  {rise@0.000ns fall@16.000ns period=32.000ns})
  Path Group:             clkbit_raw
  Path Type:              Hold (Min at Fast Process Corner)
  Requirement:            0.000ns  (clkbit_raw rise@0.000ns - clkbit_raw rise@0.000ns)
  Data Path Delay:        0.269ns  (logic 0.141ns (52.499%)  route 0.128ns (47.501%))
  Logic Levels:           0  
  Clock Path Skew:        0.033ns (DCD - SCD - CPR)
    Destination Clock Delay (DCD):    -0.912ns
    Source Clock Delay      (SCD):    -0.668ns
    Clock Pessimism Removal (CPR):    -0.277ns

    Location             Delay type                Incr(ns)  Path(ns)    Netlist Resource(s)
  -------------------------------------------------------------------    -------------------
                         (clock clkbit_raw rise edge)
                                                      0.000     0.000 r  
    M19                                               0.000     0.000 r  clk50 (IN)
                         net (fo=0)                   0.000     0.000    clk50
    M19                  IBUF (Prop_ibuf_I_O)         0.205     0.205 r  clk50_IBUF_inst/O
                         net (fo=1, routed)           0.440     0.645    clk50_IBUF
    MMCME2_ADV_X1Y1      MMCME2_ADV (Prop_mmcme2_adv_CLKIN1_CLKOUT0)
                                                     -2.444    -1.799 r  u_mmcm/CLKOUT0
                         net (fo=1, routed)           0.529    -1.270    clkbit_raw
    BUFGCTRL_X0Y16       BUFG (Prop_bufg_I_O)         0.026    -1.244 r  u_bufg_0/O
                         net (fo=2468, routed)        0.576    -0.668    <hidden>
    SLICE_X65Y29         FDRE                                         r  <hidden>
  -------------------------------------------------------------------    -------------------
    SLICE_X65Y29         FDRE (Prop_fdre_C_Q)         0.141    -0.527 r  <hidden>
                         net (fo=4, routed)           0.128    -0.400    u_seq/reg_rom_reg_0_63_6_8/DIA
    SLICE_X62Y29         RAMD64E                                      r  u_seq/reg_rom_reg_0_63_6_8/RAMA/I
  -------------------------------------------------------------------    -------------------

                         (clock clkbit_raw rise edge)
                                                      0.000     0.000 r  
    M19                                               0.000     0.000 r  clk50 (IN)
                         net (fo=0)                   0.000     0.000    clk50
    M19                  IBUF (Prop_ibuf_I_O)         0.392     0.392 r  clk50_IBUF_inst/O
                         net (fo=1, routed)           0.480     0.872    clk50_IBUF
    MMCME2_ADV_X1Y1      MMCME2_ADV (Prop_mmcme2_adv_CLKIN1_CLKOUT0)
                                                     -3.231    -2.359 r  u_mmcm/CLKOUT0
                         net (fo=1, routed)           0.576    -1.783    clkbit_raw
    BUFGCTRL_X0Y16       BUFG (Prop_bufg_I_O)         0.029    -1.754 r  u_bufg_0/O
                         net (fo=2468, routed)        0.842    -0.912    u_seq/reg_rom_reg_0_63_6_8/WCLK
    SLICE_X62Y29         RAMD64E                                      r  u_seq/reg_rom_reg_0_63_6_8/RAMA/CLK
                         clock pessimism              0.277    -0.635    
    SLICE_X62Y29         RAMD64E (Hold_ramd64e_CLK_I)
                                                      0.147    -0.488    u_seq/reg_rom_reg_0_63_6_8/RAMA
  -------------------------------------------------------------------
                         required time                          0.488    
                         arrival time                          -0.400    
  -------------------------------------------------------------------
                         slack                                  0.089    





Pulse Width Checks
--------------------------------------------------------------------------------------
Clock Name:         clkbit_raw
Waveform(ns):       { 0.000 16.000 }
Period(ns):         32.000
Sources:            { u_mmcm/CLKOUT0 }

Check Type        Corner  Lib Pin             Reference Pin  Required(ns)  Actual(ns)  Slack(ns)  Location         Pin
Min Period        n/a     RAMB36E1/CLKARDCLK  n/a            2.576         32.000      29.424     RAMB36_X3Y4      fb_rom_q_reg_0/CLKARDCLK
Max Period        n/a     MMCME2_ADV/CLKOUT0  n/a            213.360       32.000      181.360    MMCME2_ADV_X1Y1  u_mmcm/CLKOUT0
Low Pulse Width   Slow    RAMD32/CLK          n/a            1.250         16.000      14.750     SLICE_X66Y33     dbg_hub/inst/BSCANID.u_xsdbm_id/CORE_XSDB.UUT_MASTER/U_ICON_INTERFACE/U_CMD6_RD/U_RD_FIFO/SUBCORE_FIFO.xsdbm_v3_0_3_rdfifo_inst/inst_fifo_gen/gconvfifo.rf/grf.rf/gntv_or_sync_fifo.mem/gdm.dm_gen.dm/RAM_reg_0_15_0_5/RAMA/CLK
High Pulse Width  Slow    RAMD32/CLK          n/a            1.250         16.000      14.750     SLICE_X66Y33     dbg_hub/inst/BSCANID.u_xsdbm_id/CORE_XSDB.UUT_MASTER/U_ICON_INTERFACE/U_CMD6_RD/U_RD_FIFO/SUBCORE_FIFO.xsdbm_v3_0_3_rdfifo_inst/inst_fifo_gen/gconvfifo.rf/grf.rf/gntv_or_sync_fifo.mem/gdm.dm_gen.dm/RAM_reg_0_15_0_5/RAMA/CLK



---------------------------------------------------------------------------------------------------
From Clock:  clkfb
  To Clock:  clkfb

Setup :           NA  Failing Endpoints,  Worst Slack           NA  ,  Total Violation           NA
Hold  :           NA  Failing Endpoints,  Worst Slack           NA  ,  Total Violation           NA
PW    :            0  Failing Endpoints,  Worst Slack       17.845ns,  Total Violation        0.000ns
---------------------------------------------------------------------------------------------------


Pulse Width Checks
--------------------------------------------------------------------------------------
Clock Name:         clkfb
Waveform(ns):       { 0.000 10.000 }
Period(ns):         20.000
Sources:            { u_mmcm/CLKFBOUT }

Check Type  Corner  Lib Pin             Reference Pin  Required(ns)  Actual(ns)  Slack(ns)  Location         Pin
Min Period  n/a     BUFG/I              n/a            2.155         20.000      17.845     BUFGCTRL_X0Y18   u_bufg_fb/I
Max Period  n/a     MMCME2_ADV/CLKFBIN  n/a            100.000       20.000      80.000     MMCME2_ADV_X1Y1  u_mmcm/CLKFBIN



---------------------------------------------------------------------------------------------------
From Clock:  dbg_hub/inst/BSCANID.u_xsdbm_id/SWITCH_N_EXT_BSCAN.bscan_inst/SERIES7_BSCAN.bscan_inst/TCK
  To Clock:  dbg_hub/inst/BSCANID.u_xsdbm_id/SWITCH_N_EXT_BSCAN.bscan_inst/SERIES7_BSCAN.bscan_inst/TCK

Setup :            0  Failing Endpoints,  Worst Slack       26.356ns,  Total Violation        0.000ns
Hold  :            0  Failing Endpoints,  Worst Slack        0.085ns,  Total Violation        0.000ns
PW    :            0  Failing Endpoints,  Worst Slack       15.250ns,  Total Violation        0.000ns
---------------------------------------------------------------------------------------------------


Max Delay Paths
--------------------------------------------------------------------------------------
Slack (MET) :             26.356ns  (required time - arrival time)
  Source:                 dbg_hub/inst/BSCANID.u_xsdbm_id/SWITCH_N_EXT_BSCAN.bscan_switch/state_reg[2]/C
                            (rising edge-triggered cell FDRE clocked by dbg_hub/inst/BSCANID.u_xsdbm_id/SWITCH_N_EXT_BSCAN.bscan_inst/SERIES7_BSCAN.bscan_inst/TCK  {rise@0.000ns fall@16.500ns period=33.000ns})
  Destination:            dbg_hub/inst/BSCANID.u_xsdbm_id/SWITCH_N_EXT_BSCAN.bscan_switch/portno_temp_reg[3]/D
                            (rising edge-triggered cell FDRE clocked by dbg_hub/inst/BSCANID.u_xsdbm_id/SWITCH_N_EXT_BSCAN.bscan_inst/SERIES7_BSCAN.bscan_inst/TCK  {rise@0.000ns fall@16.500ns period=33.000ns})
  Path Group:             dbg_hub/inst/BSCANID.u_xsdbm_id/SWITCH_N_EXT_BSCAN.bscan_inst/SERIES7_BSCAN.bscan_inst/TCK
  Path Type:              Setup (Max at Slow Process Corner)
  Requirement:            33.000ns  (dbg_hub/inst/BSCANID.u_xsdbm_id/SWITCH_N_EXT_BSCAN.bscan_inst/SERIES7_BSCAN.bscan_inst/TCK rise@33.000ns - dbg_hub/inst/BSCANID.u_xsdbm_id/SWITCH_N_EXT_BSCAN.bscan_inst/SERIES7_BSCAN.bscan_inst/TCK rise@0.000ns)
  Data Path Delay:        6.580ns  (logic 2.147ns (32.628%)  route 4.433ns (67.372%))
  Logic Levels:           5  (CARRY4=1 LUT3=1 LUT4=1 LUT5=1 LUT6=1)
  Clock Path Skew:        -0.059ns (DCD - SCD + CPR)
    Destination Clock Delay (DCD):    3.640ns = ( 36.640 - 33.000 ) 
    Source Clock Delay      (SCD):    4.136ns
    Clock Pessimism Removal (CPR):    0.437ns
  Clock Uncertainty:      0.035ns  ((TSJ^2 + TIJ^2)^1/2 + DJ) / 2 + PE
    Total System Jitter     (TSJ):    0.071ns
    Total Input Jitter      (TIJ):    0.000ns
    Discrete Jitter          (DJ):    0.000ns
    Phase Error              (PE):    0.000ns

    Location             Delay type                Incr(ns)  Path(ns)    Netlist Resource(s)
  -------------------------------------------------------------------    -------------------
                         (clock dbg_hub/inst/BSCANID.u_xsdbm_id/SWITCH_N_EXT_BSCAN.bscan_inst/SERIES7_BSCAN.bscan_inst/TCK rise edge)
                                                      0.000     0.000 r  
    BSCAN_X0Y0           BSCANE2                      0.000     0.000 r  dbg_hub/inst/BSCANID.u_xsdbm_id/SWITCH_N_EXT_BSCAN.bscan_inst/SERIES7_BSCAN.bscan_inst/TCK
                         net (fo=1, routed)           2.306     2.306    dbg_hub/inst/BSCANID.u_xsdbm_id/tck_bs
    BUFGCTRL_X0Y0        BUFG (Prop_bufg_I_O)         0.101     2.407 r  dbg_hub/inst/BSCANID.u_xsdbm_id/SWITCH_N_EXT_BSCAN.u_bufg_icon_tck/O
                         net (fo=482, routed)         1.729     4.136    dbg_hub/inst/BSCANID.u_xsdbm_id/SWITCH_N_EXT_BSCAN.bscan_switch/s_bscan_tck
    SLICE_X66Y45         FDRE                                         r  dbg_hub/inst/BSCANID.u_xsdbm_id/SWITCH_N_EXT_BSCAN.bscan_switch/state_reg[2]/C
  -------------------------------------------------------------------    -------------------
    SLICE_X66Y45         FDRE (Prop_fdre_C_Q)         0.478     4.614 r  dbg_hub/inst/BSCANID.u_xsdbm_id/SWITCH_N_EXT_BSCAN.bscan_switch/state_reg[2]/Q
                         net (fo=50, routed)          1.661     6.274    dbg_hub/inst/BSCANID.u_xsdbm_id/SWITCH_N_EXT_BSCAN.bscan_switch/state[2]
    SLICE_X59Y42         LUT4 (Prop_lut4_I2_O)        0.327     6.601 r  dbg_hub/inst/BSCANID.u_xsdbm_id/SWITCH_N_EXT_BSCAN.bscan_switch/curid_inferred_i_12/O
                         net (fo=2, routed)           0.839     7.440    dbg_hub/inst/BSCANID.u_xsdbm_id/SWITCH_N_EXT_BSCAN.bscan_switch/curid[20]
    SLICE_X59Y44         LUT6 (Prop_lut6_I1_O)        0.326     7.766 r  dbg_hub/inst/BSCANID.u_xsdbm_id/SWITCH_N_EXT_BSCAN.bscan_switch/state_temp[0]_i_8/O
                         net (fo=1, routed)           0.000     7.766    dbg_hub/inst/BSCANID.u_xsdbm_id/SWITCH_N_EXT_BSCAN.bscan_switch/state_temp[0]_i_8_n_0
    SLICE_X59Y44         CARRY4 (Prop_carry4_S[0]_CO[3])
                                                      0.532     8.298 f  dbg_hub/inst/BSCANID.u_xsdbm_id/SWITCH_N_EXT_BSCAN.bscan_switch/state_temp_reg[0]_i_3/CO[3]
                         net (fo=4, routed)           1.449     9.747    dbg_hub/inst/BSCANID.u_xsdbm_id/SWITCH_N_EXT_BSCAN.bscan_switch/state_temp_reg[0]_i_3_n_0
    SLICE_X66Y45         LUT5 (Prop_lut5_I1_O)        0.153     9.900 r  dbg_hub/inst/BSCANID.u_xsdbm_id/SWITCH_N_EXT_BSCAN.bscan_switch/portno_temp[5]_i_2/O
                         net (fo=7, routed)           0.485    10.385    dbg_hub/inst/BSCANID.u_xsdbm_id/SWITCH_N_EXT_BSCAN.bscan_switch/portno_temp[5]_i_2_n_0
    SLICE_X68Y46         LUT3 (Prop_lut3_I1_O)        0.331    10.716 r  dbg_hub/inst/BSCANID.u_xsdbm_id/SWITCH_N_EXT_BSCAN.bscan_switch/portno_temp[3]_i_1/O
                         net (fo=1, routed)           0.000    10.716    dbg_hub/inst/BSCANID.u_xsdbm_id/SWITCH_N_EXT_BSCAN.bscan_switch/portno_temp[3]_i_1_n_0
    SLICE_X68Y46         FDRE                                         r  dbg_hub/inst/BSCANID.u_xsdbm_id/SWITCH_N_EXT_BSCAN.bscan_switch/portno_temp_reg[3]/D
  -------------------------------------------------------------------    -------------------

                         (clock dbg_hub/inst/BSCANID.u_xsdbm_id/SWITCH_N_EXT_BSCAN.bscan_inst/SERIES7_BSCAN.bscan_inst/TCK rise edge)
                                                     33.000    33.000 r  
    BSCAN_X0Y0           BSCANE2                      0.000    33.000 r  dbg_hub/inst/BSCANID.u_xsdbm_id/SWITCH_N_EXT_BSCAN.bscan_inst/SERIES7_BSCAN.bscan_inst/TCK
                         net (fo=1, routed)           1.994    34.994    dbg_hub/inst/BSCANID.u_xsdbm_id/tck_bs
    BUFGCTRL_X0Y0        BUFG (Prop_bufg_I_O)         0.091    35.085 r  dbg_hub/inst/BSCANID.u_xsdbm_id/SWITCH_N_EXT_BSCAN.u_bufg_icon_tck/O
                         net (fo=482, routed)         1.555    36.640    dbg_hub/inst/BSCANID.u_xsdbm_id/SWITCH_N_EXT_BSCAN.bscan_switch/s_bscan_tck
    SLICE_X68Y46         FDRE                                         r  dbg_hub/inst/BSCANID.u_xsdbm_id/SWITCH_N_EXT_BSCAN.bscan_switch/portno_temp_reg[3]/C
                         clock pessimism              0.437    37.077    
                         clock uncertainty           -0.035    37.042    
    SLICE_X68Y46         FDRE (Setup_fdre_C_D)        0.031    37.073    dbg_hub/inst/BSCANID.u_xsdbm_id/SWITCH_N_EXT_BSCAN.bscan_switch/portno_temp_reg[3]
  -------------------------------------------------------------------
                         required time                         37.073    
                         arrival time                         -10.716    
  -------------------------------------------------------------------
                         slack                                 26.356    





Min Delay Paths
--------------------------------------------------------------------------------------
Slack (MET) :             0.085ns  (arrival time - required time)
  Source:                 dbg_hub/inst/BSCANID.u_xsdbm_id/SWITCH_N_EXT_BSCAN.bscan_switch/id_state_reg[0]/C
                            (rising edge-triggered cell FDRE clocked by dbg_hub/inst/BSCANID.u_xsdbm_id/SWITCH_N_EXT_BSCAN.bscan_inst/SERIES7_BSCAN.bscan_inst/TCK  {rise@0.000ns fall@16.500ns period=33.000ns})
  Destination:            dbg_hub/inst/BSCANID.u_xsdbm_id/SWITCH_N_EXT_BSCAN.bscan_switch/bscanid_reg[8]/D
                            (rising edge-triggered cell FDSE clocked by dbg_hub/inst/BSCANID.u_xsdbm_id/SWITCH_N_EXT_BSCAN.bscan_inst/SERIES7_BSCAN.bscan_inst/TCK  {rise@0.000ns fall@16.500ns period=33.000ns})
  Path Group:             dbg_hub/inst/BSCANID.u_xsdbm_id/SWITCH_N_EXT_BSCAN.bscan_inst/SERIES7_BSCAN.bscan_inst/TCK
  Path Type:              Hold (Min at Fast Process Corner)
  Requirement:            0.000ns  (dbg_hub/inst/BSCANID.u_xsdbm_id/SWITCH_N_EXT_BSCAN.bscan_inst/SERIES7_BSCAN.bscan_inst/TCK rise@0.000ns - dbg_hub/inst/BSCANID.u_xsdbm_id/SWITCH_N_EXT_BSCAN.bscan_inst/SERIES7_BSCAN.bscan_inst/TCK rise@0.000ns)
  Data Path Delay:        0.476ns  (logic 0.246ns (51.651%)  route 0.230ns (48.349%))
  Logic Levels:           1  (LUT2=1)
  Clock Path Skew:        0.270ns (DCD - SCD - CPR)
    Destination Clock Delay (DCD):    2.041ns
    Source Clock Delay      (SCD):    1.636ns
    Clock Pessimism Removal (CPR):    0.135ns

    Location             Delay type                Incr(ns)  Path(ns)    Netlist Resource(s)
  -------------------------------------------------------------------    -------------------
                         (clock dbg_hub/inst/BSCANID.u_xsdbm_id/SWITCH_N_EXT_BSCAN.bscan_inst/SERIES7_BSCAN.bscan_inst/TCK rise edge)
                                                      0.000     0.000 r  
    BSCAN_X0Y0           BSCANE2                      0.000     0.000 r  dbg_hub/inst/BSCANID.u_xsdbm_id/SWITCH_N_EXT_BSCAN.bscan_inst/SERIES7_BSCAN.bscan_inst/TCK
                         net (fo=1, routed)           1.028     1.028    dbg_hub/inst/BSCANID.u_xsdbm_id/tck_bs
    BUFGCTRL_X0Y0        BUFG (Prop_bufg_I_O)         0.026     1.054 r  dbg_hub/inst/BSCANID.u_xsdbm_id/SWITCH_N_EXT_BSCAN.u_bufg_icon_tck/O
                         net (fo=482, routed)         0.582     1.636    dbg_hub/inst/BSCANID.u_xsdbm_id/SWITCH_N_EXT_BSCAN.bscan_switch/s_bscan_tck
    SLICE_X66Y50         FDRE                                         r  dbg_hub/inst/BSCANID.u_xsdbm_id/SWITCH_N_EXT_BSCAN.bscan_switch/id_state_reg[0]/C
  -------------------------------------------------------------------    -------------------
    SLICE_X66Y50         FDRE (Prop_fdre_C_Q)         0.148     1.784 f  dbg_hub/inst/BSCANID.u_xsdbm_id/SWITCH_N_EXT_BSCAN.bscan_switch/id_state_reg[0]/Q
                         net (fo=34, routed)          0.230     2.014    dbg_hub/inst/BSCANID.u_xsdbm_id/SWITCH_N_EXT_BSCAN.bscan_switch/id_state[0]
    SLICE_X66Y48         LUT2 (Prop_lut2_I1_O)        0.098     2.112 r  dbg_hub/inst/BSCANID.u_xsdbm_id/SWITCH_N_EXT_BSCAN.bscan_switch/bscanid[8]_i_1/O
                         net (fo=1, routed)           0.000     2.112    dbg_hub/inst/BSCANID.u_xsdbm_id/SWITCH_N_EXT_BSCAN.bscan_switch/bscanid[8]_i_1_n_0
    SLICE_X66Y48         FDSE                                         r  dbg_hub/inst/BSCANID.u_xsdbm_id/SWITCH_N_EXT_BSCAN.bscan_switch/bscanid_reg[8]/D
  -------------------------------------------------------------------    -------------------

                         (clock dbg_hub/inst/BSCANID.u_xsdbm_id/SWITCH_N_EXT_BSCAN.bscan_inst/SERIES7_BSCAN.bscan_inst/TCK rise edge)
                                                      0.000     0.000 r  
    BSCAN_X0Y0           BSCANE2                      0.000     0.000 r  dbg_hub/inst/BSCANID.u_xsdbm_id/SWITCH_N_EXT_BSCAN.bscan_inst/SERIES7_BSCAN.bscan_inst/TCK
                         net (fo=1, routed)           1.160     1.160    dbg_hub/inst/BSCANID.u_xsdbm_id/tck_bs
    BUFGCTRL_X0Y0        BUFG (Prop_bufg_I_O)         0.029     1.189 r  dbg_hub/inst/BSCANID.u_xsdbm_id/SWITCH_N_EXT_BSCAN.u_bufg_icon_tck/O
                         net (fo=482, routed)         0.852     2.041    dbg_hub/inst/BSCANID.u_xsdbm_id/SWITCH_N_EXT_BSCAN.bscan_switch/s_bscan_tck
    SLICE_X66Y48         FDSE                                         r  dbg_hub/inst/BSCANID.u_xsdbm_id/SWITCH_N_EXT_BSCAN.bscan_switch/bscanid_reg[8]/C
                         clock pessimism             -0.135     1.906    
    SLICE_X66Y48         FDSE (Hold_fdse_C_D)         0.121     2.027    dbg_hub/inst/BSCANID.u_xsdbm_id/SWITCH_N_EXT_BSCAN.bscan_switch/bscanid_reg[8]
  -------------------------------------------------------------------
                         required time                         -2.027    
                         arrival time                           2.112    
  -------------------------------------------------------------------
                         slack                                  0.085    





Pulse Width Checks
--------------------------------------------------------------------------------------
Clock Name:         dbg_hub/inst/BSCANID.u_xsdbm_id/SWITCH_N_EXT_BSCAN.bscan_inst/SERIES7_BSCAN.bscan_inst/TCK
Waveform(ns):       { 0.000 16.500 }
Period(ns):         33.000
Sources:            { dbg_hub/inst/BSCANID.u_xsdbm_id/SWITCH_N_EXT_BSCAN.bscan_inst/SERIES7_BSCAN.bscan_inst/TCK }

Check Type        Corner  Lib Pin     Reference Pin  Required(ns)  Actual(ns)  Slack(ns)  Location       Pin
Min Period        n/a     BUFG/I      n/a            2.155         33.000      30.845     BUFGCTRL_X0Y0  dbg_hub/inst/BSCANID.u_xsdbm_id/SWITCH_N_EXT_BSCAN.u_bufg_icon_tck/I
Low Pulse Width   Slow    RAMD32/CLK  n/a            1.250         16.500      15.250     SLICE_X66Y36   dbg_hub/inst/BSCANID.u_xsdbm_id/CORE_XSDB.UUT_MASTER/U_ICON_INTERFACE/U_CMD6_WR/U_WR_FIFO/SUBCORE_FIFO.xsdbm_v3_0_3_wrfifo_inst/inst_fifo_gen/gconvfifo.rf/grf.rf/gntv_or_sync_fifo.mem/gdm.dm_gen.dm/RAM_reg_0_15_0_5/RAMA/CLK
High Pulse Width  Slow    RAMD32/CLK  n/a            1.250         16.500      15.250     SLICE_X66Y36   dbg_hub/inst/BSCANID.u_xsdbm_id/CORE_XSDB.UUT_MASTER/U_ICON_INTERFACE/U_CMD6_WR/U_WR_FIFO/SUBCORE_FIFO.xsdbm_v3_0_3_wrfifo_inst/inst_fifo_gen/gconvfifo.rf/grf.rf/gntv_or_sync_fifo.mem/gdm.dm_gen.dm/RAM_reg_0_15_0_5/RAMA/CLK



---------------------------------------------------------------------------------------------------
From Clock:  clkbit_raw
  To Clock:  clkbit90_raw

Setup :            0  Failing Endpoints,  Worst Slack        0.159ns,  Total Violation        0.000ns
Hold  :            0  Failing Endpoints,  Worst Slack       27.833ns,  Total Violation        0.000ns
---------------------------------------------------------------------------------------------------


Max Delay Paths
--------------------------------------------------------------------------------------
Slack (MET) :             0.159ns  (required time - arrival time)
  Source:                 u_seq/out_en_reg/C
                            (rising edge-triggered cell FDRE clocked by clkbit_raw  {rise@0.000ns fall@16.000ns period=32.000ns})
  Destination:            u_oddr_ck/R
                            (rising edge-triggered cell ODDR clocked by clkbit90_raw  {rise@4.000ns fall@20.000ns period=32.000ns})
  Path Group:             clkbit90_raw
  Path Type:              Setup (Max at Slow Process Corner)
  Requirement:            4.000ns  (clkbit90_raw rise@4.000ns - clkbit_raw rise@0.000ns)
  Data Path Delay:        2.532ns  (logic 0.642ns (25.356%)  route 1.890ns (74.644%))
  Logic Levels:           1  (LUT4=1)
  Clock Path Skew:        -0.289ns (DCD - SCD + CPR)
    Destination Clock Delay (DCD):    -1.481ns = ( 2.519 - 4.000 ) 
    Source Clock Delay      (SCD):    -0.905ns
    Clock Pessimism Removal (CPR):    0.287ns
  Clock Uncertainty:      0.221ns  ((TSJ^2 + DJ^2)^1/2) / 2 + PE
    Total System Jitter     (TSJ):    0.071ns
    Discrete Jitter          (DJ):    0.190ns
    Phase Error              (PE):    0.120ns

    Location             Delay type                Incr(ns)  Path(ns)    Netlist Resource(s)
  -------------------------------------------------------------------    -------------------
                         (clock clkbit_raw rise edge)
                                                      0.000     0.000 r  
    M19                                               0.000     0.000 r  clk50 (IN)
                         net (fo=0)                   0.000     0.000    clk50
    M19                  IBUF (Prop_ibuf_I_O)         1.436     1.436 r  clk50_IBUF_inst/O
                         net (fo=1, routed)           1.285     2.721    clk50_IBUF
    MMCME2_ADV_X1Y1      MMCME2_ADV (Prop_mmcme2_adv_CLKIN1_CLKOUT0)
                                                     -7.406    -4.685 r  u_mmcm/CLKOUT0
                         net (fo=1, routed)           1.889    -2.796    clkbit_raw
    BUFGCTRL_X0Y16       BUFG (Prop_bufg_I_O)         0.101    -2.695 r  u_bufg_0/O
                         net (fo=2468, routed)        1.790    -0.905    u_seq/clk
    SLICE_X100Y30        FDRE                                         r  u_seq/out_en_reg/C
  -------------------------------------------------------------------    -------------------
    SLICE_X100Y30        FDRE (Prop_fdre_C_Q)         0.518    -0.387 f  u_seq/out_en_reg/Q
                         net (fo=10, routed)          0.758     0.371    g_dbg.status[13]
    SLICE_X100Y33        LUT4 (Prop_lut4_I3_O)        0.124     0.495 r  u_oddr_ck_i_2/O
                         net (fo=1, routed)           1.132     1.627    R0
    OLOGIC_X1Y34         ODDR                                         r  u_oddr_ck/R
  -------------------------------------------------------------------    -------------------

                         (clock clkbit90_raw rise edge)
                                                      4.000     4.000 r  
    M19                                               0.000     4.000 r  clk50 (IN)
                         net (fo=0)                   0.000     4.000    clk50
    M19                  IBUF (Prop_ibuf_I_O)         1.366     5.366 r  clk50_IBUF_inst/O
                         net (fo=1, routed)           1.162     6.528    clk50_IBUF
    MMCME2_ADV_X1Y1      MMCME2_ADV (Prop_mmcme2_adv_CLKIN1_CLKOUT1)
                                                     -7.500    -0.972 r  u_mmcm/CLKOUT1
                         net (fo=1, routed)           1.725     0.753    clkbit90_raw
    BUFGCTRL_X0Y17       BUFG (Prop_bufg_I_O)         0.091     0.844 r  u_bufg_90/O
                         net (fo=1, routed)           1.675     2.519    clkbit90
    OLOGIC_X1Y34         ODDR                                         r  u_oddr_ck/C
                         clock pessimism              0.287     2.806    
                         clock uncertainty           -0.221     2.585    
    OLOGIC_X1Y34         ODDR (Setup_oddr_C_R)       -0.798     1.787    u_oddr_ck
  -------------------------------------------------------------------
                         required time                          1.787    
                         arrival time                          -1.627    
  -------------------------------------------------------------------
                         slack                                  0.159    





Min Delay Paths
--------------------------------------------------------------------------------------
Slack (MET) :             27.833ns  (arrival time - required time)
  Source:                 <hidden>
                            (rising edge-triggered cell FDRE clocked by clkbit_raw  {rise@0.000ns fall@16.000ns period=32.000ns})
  Destination:            u_oddr_ck/R
                            (rising edge-triggered cell ODDR clocked by clkbit90_raw  {rise@4.000ns fall@20.000ns period=32.000ns})
  Path Group:             clkbit90_raw
  Path Type:              Hold (Min at Fast Process Corner)
  Requirement:            -28.000ns  (clkbit90_raw rise@4.000ns - clkbit_raw rise@32.000ns)
  Data Path Delay:        0.874ns  (logic 0.209ns (23.900%)  route 0.665ns (76.100%))
  Logic Levels:           1  (LUT4=1)
  Clock Path Skew:        0.344ns (DCD - SCD - CPR)
    Destination Clock Delay (DCD):    -0.851ns = ( 3.149 - 4.000 ) 
    Source Clock Delay      (SCD):    -0.635ns = ( 31.365 - 32.000 ) 
    Clock Pessimism Removal (CPR):    -0.560ns
  Clock Uncertainty:      0.221ns  ((TSJ^2 + DJ^2)^1/2) / 2 + PE
    Total System Jitter     (TSJ):    0.071ns
    Discrete Jitter          (DJ):    0.190ns
    Phase Error              (PE):    0.120ns

    Location             Delay type                Incr(ns)  Path(ns)    Netlist Resource(s)
  -------------------------------------------------------------------    -------------------
                         (clock clkbit_raw rise edge)
                                                     32.000    32.000 r  
    M19                                               0.000    32.000 r  clk50 (IN)
                         net (fo=0)                   0.000    32.000    clk50
    M19                  IBUF (Prop_ibuf_I_O)         0.205    32.205 r  clk50_IBUF_inst/O
                         net (fo=1, routed)           0.440    32.645    clk50_IBUF
    MMCME2_ADV_X1Y1      MMCME2_ADV (Prop_mmcme2_adv_CLKIN1_CLKOUT0)
                                                     -2.444    30.201 r  u_mmcm/CLKOUT0
                         net (fo=1, routed)           0.529    30.730    clkbit_raw
    BUFGCTRL_X0Y16       BUFG (Prop_bufg_I_O)         0.026    30.756 r  u_bufg_0/O
                         net (fo=2468, routed)        0.609    31.365    <hidden>
    SLICE_X100Y33        FDRE                                         r  <hidden>
  -------------------------------------------------------------------    -------------------
    SLICE_X100Y33        FDRE (Prop_fdre_C_Q)         0.164    31.529 r  <hidden>
                         net (fo=1, routed)           0.163    31.692    g_dbg.o_crc_mode[3]
    SLICE_X100Y33        LUT4 (Prop_lut4_I2_O)        0.045    31.737 r  u_oddr_ck_i_2/O
                         net (fo=1, routed)           0.502    32.239    R0
    OLOGIC_X1Y34         ODDR                                         r  u_oddr_ck/R
  -------------------------------------------------------------------    -------------------

                         (clock clkbit90_raw rise edge)
                                                      4.000     4.000 r  
    M19                                               0.000     4.000 r  clk50 (IN)
                         net (fo=0)                   0.000     4.000    clk50
    M19                  IBUF (Prop_ibuf_I_O)         0.392     4.392 r  clk50_IBUF_inst/O
                         net (fo=1, routed)           0.480     4.872    clk50_IBUF
    MMCME2_ADV_X1Y1      MMCME2_ADV (Prop_mmcme2_adv_CLKIN1_CLKOUT1)
                                                     -3.231     1.641 r  u_mmcm/CLKOUT1
                         net (fo=1, routed)           0.576     2.217    clkbit90_raw
    BUFGCTRL_X0Y17       BUFG (Prop_bufg_I_O)         0.029     2.246 r  u_bufg_90/O
                         net (fo=1, routed)           0.903     3.149    clkbit90
    OLOGIC_X1Y34         ODDR                                         r  u_oddr_ck/C
                         clock pessimism              0.560     3.709    
                         clock uncertainty            0.221     3.931    
    OLOGIC_X1Y34         ODDR (Hold_oddr_C_R)         0.476     4.407    u_oddr_ck
  -------------------------------------------------------------------
                         required time                         -4.407    
                         arrival time                          32.239    
  -------------------------------------------------------------------
                         slack                                 27.833    





---------------------------------------------------------------------------------------------------
From Clock:  clkbit_raw
  To Clock:  lvds_ck

Setup :            0  Failing Endpoints,  Worst Slack        0.208ns,  Total Violation        0.000ns
Hold  :            0  Failing Endpoints,  Worst Slack        0.192ns,  Total Violation        0.000ns
---------------------------------------------------------------------------------------------------


Max Delay Paths
--------------------------------------------------------------------------------------
Slack (MET) :             0.208ns  (required time - arrival time)
  Source:                 g_lane[0].u_oddr/C
                            (rising edge-triggered cell ODDR clocked by clkbit_raw  {rise@0.000ns fall@16.000ns period=32.000ns})
  Destination:            b_p
                            (output port clocked by lvds_ck  {rise@4.000ns fall@20.000ns period=32.000ns})
  Path Group:             lvds_ck
  Path Type:              Max at Slow Process Corner
  Requirement:            4.000ns  (lvds_ck rise@4.000ns - clkbit_raw rise@0.000ns)
  Data Path Delay:        2.223ns  (logic 2.222ns (99.955%)  route 0.001ns (0.045%))
  Logic Levels:           1  (OBUFDS=1)
  Output Delay:           3.000ns
  Clock Path Skew:        1.652ns (DCD - SCD + CPR)
    Destination Clock Delay (DCD):    0.569ns = ( 4.569 - 4.000 ) 
    Source Clock Delay      (SCD):    -0.796ns
    Clock Pessimism Removal (CPR):    0.287ns
  Clock Uncertainty:      0.221ns  ((TSJ^2 + DJ^2)^1/2) / 2 + PE
    Total System Jitter     (TSJ):    0.071ns
    Discrete Jitter          (DJ):    0.190ns
    Phase Error              (PE):    0.120ns

    Location             Delay type                Incr(ns)  Path(ns)    Netlist Resource(s)
  -------------------------------------------------------------------    -------------------
                         (clock clkbit_raw rise edge)
                                                      0.000     0.000 r  
    M19                                               0.000     0.000 r  clk50 (IN)
                         net (fo=0)                   0.000     0.000    clk50
    M19                  IBUF (Prop_ibuf_I_O)         1.436     1.436 r  clk50_IBUF_inst/O
                         net (fo=1, routed)           1.285     2.721    clk50_IBUF
    MMCME2_ADV_X1Y1      MMCME2_ADV (Prop_mmcme2_adv_CLKIN1_CLKOUT0)
                                                     -7.406    -4.685 r  u_mmcm/CLKOUT0
                         net (fo=1, routed)           1.889    -2.796    clkbit_raw
    BUFGCTRL_X0Y16       BUFG (Prop_bufg_I_O)         0.101    -2.695 r  u_bufg_0/O
                         net (fo=2468, routed)        1.898    -0.796    clkbit
    OLOGIC_X1Y36         ODDR                                         r  g_lane[0].u_oddr/C
  -------------------------------------------------------------------    -------------------
    OLOGIC_X1Y36         ODDR (Prop_oddr_C_Q)         0.472    -0.324 r  g_lane[0].u_oddr/Q
                         net (fo=1, routed)           0.001    -0.323    lane_q_0
    AA22                 OBUFDS (Prop_obufds_I_O)     1.750     1.427 r  u_obuf_d0/O
                         net (fo=0)                   0.000     1.427    b_p
    AA22                                                              r  b_p (OUT)
  -------------------------------------------------------------------    -------------------

                         (clock lvds_ck rise edge)    4.000     4.000 f  
    M19                                               0.000     4.000 f  clk50 (IN)
                         net (fo=0)                   0.000     4.000    clk50
    M19                  IBUF (Prop_ibuf_I_O)         1.366     5.366 f  clk50_IBUF_inst/O
                         net (fo=1, routed)           1.162     6.528    clk50_IBUF
    MMCME2_ADV_X1Y1      MMCME2_ADV (Prop_mmcme2_adv_CLKIN1_CLKOUT1)
                                                     -7.500    -0.972 f  u_mmcm/CLKOUT1
                         net (fo=1, routed)           1.725     0.753    clkbit90_raw
    BUFGCTRL_X0Y17       BUFG (Prop_bufg_I_O)         0.091     0.844 f  u_bufg_90/O
                         net (fo=1, routed)           1.675     2.519    clkbit90
    OLOGIC_X1Y34         ODDR (Prop_oddr_C_Q)         0.411     2.930 r  u_oddr_ck/Q
                         net (fo=1, routed)           0.001     2.931    clkfwd
    AA21                 OBUFDS (Prop_obufds_I_O)     1.638     4.569 r  u_obuf_ck/O
                         net (fo=0)                   0.000     4.569    clk_p
    AA21                                                              r  clk_p (OUT)
                         clock pessimism              0.287     4.856    
                         clock uncertainty           -0.221     4.634    
                         output delay                -3.000     1.634    
  -------------------------------------------------------------------
                         required time                          1.634    
                         arrival time                          -1.427    
  -------------------------------------------------------------------
                         slack                                  0.208    





Min Delay Paths
--------------------------------------------------------------------------------------
Slack (MET) :             0.192ns  (arrival time - required time)
  Source:                 g_lane[1].u_oddr/C
                            (falling edge-triggered cell ODDR clocked by clkbit_raw  {rise@0.000ns fall@16.000ns period=32.000ns})
  Destination:            g_p
                            (output port clocked by lvds_ck  {rise@4.000ns fall@20.000ns period=32.000ns})
  Path Group:             lvds_ck
  Path Type:              Min at Slow Process Corner
  Requirement:            -12.000ns  (lvds_ck rise@4.000ns - clkbit_raw fall@16.000ns)
  Data Path Delay:        2.034ns  (logic 2.033ns (99.951%)  route 0.001ns (0.049%))
  Logic Levels:           1  (OBUFDS=1)
  Output Delay:           -11.000ns
  Clock Path Skew:        2.620ns (DCD - SCD - CPR)
    Destination Clock Delay (DCD):    1.426ns = ( 5.426 - 4.000 ) 
    Source Clock Delay      (SCD):    -1.482ns = ( 14.518 - 16.000 ) 
    Clock Pessimism Removal (CPR):    0.287ns
  Clock Uncertainty:      0.221ns  ((TSJ^2 + DJ^2)^1/2) / 2 + PE
    Total System Jitter     (TSJ):    0.071ns
    Discrete Jitter          (DJ):    0.190ns
    Phase Error              (PE):    0.120ns

    Location             Delay type                Incr(ns)  Path(ns)    Netlist Resource(s)
  -------------------------------------------------------------------    -------------------
                         (clock clkbit_raw fall edge)
                                                     16.000    16.000 f  
    M19                                               0.000    16.000 f  clk50 (IN)
                         net (fo=0)                   0.000    16.000    clk50
    M19                  IBUF (Prop_ibuf_I_O)         1.366    17.366 f  clk50_IBUF_inst/O
                         net (fo=1, routed)           1.162    18.528    clk50_IBUF
    MMCME2_ADV_X1Y1      MMCME2_ADV (Prop_mmcme2_adv_CLKIN1_CLKOUT0)
                                                     -7.500    11.028 f  u_mmcm/CLKOUT0
                         net (fo=1, routed)           1.725    12.753    clkbit_raw
    BUFGCTRL_X0Y16       BUFG (Prop_bufg_I_O)         0.091    12.844 f  u_bufg_0/O
                         net (fo=2468, routed)        1.674    14.518    clkbit
    OLOGIC_X1Y32         ODDR                                         f  g_lane[1].u_oddr/C
  -------------------------------------------------------------------    -------------------
    OLOGIC_X1Y32         ODDR (Prop_oddr_C_Q)         0.411    14.929 r  g_lane[1].u_oddr/Q
                         net (fo=1, routed)           0.001    14.930    lane_q_1
    Y20                  OBUFDS (Prop_obufds_I_O)     1.622    16.552 r  u_obuf_d1/O
                         net (fo=0)                   0.000    16.552    g_p
    Y20                                                               r  g_p (OUT)
  -------------------------------------------------------------------    -------------------

                         (clock lvds_ck rise edge)    4.000     4.000 f  
    M19                                               0.000     4.000 f  clk50 (IN)
                         net (fo=0)                   0.000     4.000    clk50
    M19                  IBUF (Prop_ibuf_I_O)         1.436     5.436 f  clk50_IBUF_inst/O
                         net (fo=1, routed)           1.285     6.721    clk50_IBUF
    MMCME2_ADV_X1Y1      MMCME2_ADV (Prop_mmcme2_adv_CLKIN1_CLKOUT1)
                                                     -7.406    -0.685 f  u_mmcm/CLKOUT1
                         net (fo=1, routed)           1.889     1.204    clkbit90_raw
    BUFGCTRL_X0Y17       BUFG (Prop_bufg_I_O)         0.101     1.305 f  u_bufg_90/O
                         net (fo=1, routed)           1.897     3.203    clkbit90
    OLOGIC_X1Y34         ODDR (Prop_oddr_C_Q)         0.472     3.675 r  u_oddr_ck/Q
                         net (fo=1, routed)           0.001     3.676    clkfwd
    AA21                 OBUFDS (Prop_obufds_I_O)     1.750     5.426 r  u_obuf_ck/O
                         net (fo=0)                   0.000     5.426    clk_p
    AA21                                                              r  clk_p (OUT)
                         clock pessimism             -0.287     5.139    
                         clock uncertainty            0.221     5.360    
                         output delay                11.000    16.360    
  -------------------------------------------------------------------
                         required time                        -16.360    
                         arrival time                          16.552    
  -------------------------------------------------------------------
                         slack                                  0.192    





---------------------------------------------------------------------------------------------------
From Clock:  dbg_hub/inst/BSCANID.u_xsdbm_id/SWITCH_N_EXT_BSCAN.bscan_inst/SERIES7_BSCAN.bscan_inst/TCK
  To Clock:  clkbit_raw

Setup :            0  Failing Endpoints,  Worst Slack       31.400ns,  Total Violation        0.000ns
Hold  :           NA  Failing Endpoints,  Worst Slack           NA  ,  Total Violation           NA
---------------------------------------------------------------------------------------------------


Max Delay Paths
--------------------------------------------------------------------------------------
Slack (MET) :             31.400ns  (required time - arrival time)
  Source:                 dbg_hub/inst/BSCANID.u_xsdbm_id/CORE_XSDB.UUT_MASTER/U_ICON_INTERFACE/U_CMD6_WR/U_WR_FIFO/SUBCORE_FIFO.xsdbm_v3_0_3_wrfifo_inst/inst_fifo_gen/gconvfifo.rf/grf.rf/gntv_or_sync_fifo.gcx.clkx/gnxpm_cdc.wr_pntr_gc_reg[1]/C
                            (rising edge-triggered cell FDCE clocked by dbg_hub/inst/BSCANID.u_xsdbm_id/SWITCH_N_EXT_BSCAN.bscan_inst/SERIES7_BSCAN.bscan_inst/TCK  {rise@0.000ns fall@16.500ns period=33.000ns})
  Destination:            dbg_hub/inst/BSCANID.u_xsdbm_id/CORE_XSDB.UUT_MASTER/U_ICON_INTERFACE/U_CMD6_WR/U_WR_FIFO/SUBCORE_FIFO.xsdbm_v3_0_3_wrfifo_inst/inst_fifo_gen/gconvfifo.rf/grf.rf/gntv_or_sync_fifo.gcx.clkx/gnxpm_cdc.gsync_stage[1].rd_stg_inst/Q_reg_reg[1]/D
                            (rising edge-triggered cell FDCE clocked by clkbit_raw  {rise@0.000ns fall@16.000ns period=32.000ns})
  Path Group:             clkbit_raw
  Path Type:              Setup (Max at Slow Process Corner)
  Requirement:            33.000ns  (MaxDelay Path 33.000ns)
  Data Path Delay:        1.335ns  (logic 0.478ns (35.809%)  route 0.857ns (64.190%))
  Logic Levels:           0  
  Timing Exception:       MaxDelay Path 33.000ns -datapath_only

    Location             Delay type                Incr(ns)  Path(ns)    Netlist Resource(s)
  -------------------------------------------------------------------    -------------------
    SLICE_X58Y35                                      0.000     0.000 r  dbg_hub/inst/BSCANID.u_xsdbm_id/CORE_XSDB.UUT_MASTER/U_ICON_INTERFACE/U_CMD6_WR/U_WR_FIFO/SUBCORE_FIFO.xsdbm_v3_0_3_wrfifo_inst/inst_fifo_gen/gconvfifo.rf/grf.rf/gntv_or_sync_fifo.gcx.clkx/gnxpm_cdc.wr_pntr_gc_reg[1]/C
    SLICE_X58Y35         FDCE (Prop_fdce_C_Q)         0.478     0.478 r  dbg_hub/inst/BSCANID.u_xsdbm_id/CORE_XSDB.UUT_MASTER/U_ICON_INTERFACE/U_CMD6_WR/U_WR_FIFO/SUBCORE_FIFO.xsdbm_v3_0_3_wrfifo_inst/inst_fifo_gen/gconvfifo.rf/grf.rf/gntv_or_sync_fifo.gcx.clkx/gnxpm_cdc.wr_pntr_gc_reg[1]/Q
                         net (fo=1, routed)           0.857     1.335    dbg_hub/inst/BSCANID.u_xsdbm_id/CORE_XSDB.UUT_MASTER/U_ICON_INTERFACE/U_CMD6_WR/U_WR_FIFO/SUBCORE_FIFO.xsdbm_v3_0_3_wrfifo_inst/inst_fifo_gen/gconvfifo.rf/grf.rf/gntv_or_sync_fifo.gcx.clkx/gnxpm_cdc.gsync_stage[1].rd_stg_inst/Q[1]
    SLICE_X57Y35         FDCE                                         r  dbg_hub/inst/BSCANID.u_xsdbm_id/CORE_XSDB.UUT_MASTER/U_ICON_INTERFACE/U_CMD6_WR/U_WR_FIFO/SUBCORE_FIFO.xsdbm_v3_0_3_wrfifo_inst/inst_fifo_gen/gconvfifo.rf/grf.rf/gntv_or_sync_fifo.gcx.clkx/gnxpm_cdc.gsync_stage[1].rd_stg_inst/Q_reg_reg[1]/D
  -------------------------------------------------------------------    -------------------

                         max delay                   33.000    33.000    
    SLICE_X57Y35         FDCE (Setup_fdce_C_D)       -0.265    32.735    dbg_hub/inst/BSCANID.u_xsdbm_id/CORE_XSDB.UUT_MASTER/U_ICON_INTERFACE/U_CMD6_WR/U_WR_FIFO/SUBCORE_FIFO.xsdbm_v3_0_3_wrfifo_inst/inst_fifo_gen/gconvfifo.rf/grf.rf/gntv_or_sync_fifo.gcx.clkx/gnxpm_cdc.gsync_stage[1].rd_stg_inst/Q_reg_reg[1]
  -------------------------------------------------------------------
                         required time                         32.735    
                         arrival time                          -1.335    
  -------------------------------------------------------------------
                         slack                                 31.400    





---------------------------------------------------------------------------------------------------
From Clock:  clkbit_raw
  To Clock:  dbg_hub/inst/BSCANID.u_xsdbm_id/SWITCH_N_EXT_BSCAN.bscan_inst/SERIES7_BSCAN.bscan_inst/TCK

Setup :            0  Failing Endpoints,  Worst Slack       30.666ns,  Total Violation        0.000ns
Hold  :           NA  Failing Endpoints,  Worst Slack           NA  ,  Total Violation           NA
---------------------------------------------------------------------------------------------------


Max Delay Paths
--------------------------------------------------------------------------------------
Slack (MET) :             30.666ns  (required time - arrival time)
  Source:                 dbg_hub/inst/BSCANID.u_xsdbm_id/CORE_XSDB.UUT_MASTER/U_ICON_INTERFACE/U_CMD6_WR/U_WR_FIFO/SUBCORE_FIFO.xsdbm_v3_0_3_wrfifo_inst/inst_fifo_gen/gconvfifo.rf/grf.rf/gntv_or_sync_fifo.gcx.clkx/gnxpm_cdc.rd_pntr_gc_reg[3]/C
                            (rising edge-triggered cell FDCE clocked by clkbit_raw  {rise@0.000ns fall@16.000ns period=32.000ns})
  Destination:            dbg_hub/inst/BSCANID.u_xsdbm_id/CORE_XSDB.UUT_MASTER/U_ICON_INTERFACE/U_CMD6_WR/U_WR_FIFO/SUBCORE_FIFO.xsdbm_v3_0_3_wrfifo_inst/inst_fifo_gen/gconvfifo.rf/grf.rf/gntv_or_sync_fifo.gcx.clkx/gnxpm_cdc.gsync_stage[1].wr_stg_inst/Q_reg_reg[3]/D
                            (rising edge-triggered cell FDCE clocked by dbg_hub/inst/BSCANID.u_xsdbm_id/SWITCH_N_EXT_BSCAN.bscan_inst/SERIES7_BSCAN.bscan_inst/TCK  {rise@0.000ns fall@16.500ns period=33.000ns})
  Path Group:             dbg_hub/inst/BSCANID.u_xsdbm_id/SWITCH_N_EXT_BSCAN.bscan_inst/SERIES7_BSCAN.bscan_inst/TCK
  Path Type:              Setup (Max at Slow Process Corner)
  Requirement:            32.000ns  (MaxDelay Path 32.000ns)
  Data Path Delay:        1.291ns  (logic 0.456ns (35.323%)  route 0.835ns (64.677%))
  Logic Levels:           0  
  Timing Exception:       MaxDelay Path 32.000ns -datapath_only

    Location             Delay type                Incr(ns)  Path(ns)    Netlist Resource(s)
  -------------------------------------------------------------------    -------------------
    SLICE_X60Y36                                      0.000     0.000 r  dbg_hub/inst/BSCANID.u_xsdbm_id/CORE_XSDB.UUT_MASTER/U_ICON_INTERFACE/U_CMD6_WR/U_WR_FIFO/SUBCORE_FIFO.xsdbm_v3_0_3_wrfifo_inst/inst_fifo_gen/gconvfifo.rf/grf.rf/gntv_or_sync_fifo.gcx.clkx/gnxpm_cdc.rd_pntr_gc_reg[3]/C
    SLICE_X60Y36         FDCE (Prop_fdce_C_Q)         0.456     0.456 r  dbg_hub/inst/BSCANID.u_xsdbm_id/CORE_XSDB.UUT_MASTER/U_ICON_INTERFACE/U_CMD6_WR/U_WR_FIFO/SUBCORE_FIFO.xsdbm_v3_0_3_wrfifo_inst/inst_fifo_gen/gconvfifo.rf/grf.rf/gntv_or_sync_fifo.gcx.clkx/gnxpm_cdc.rd_pntr_gc_reg[3]/Q
                         net (fo=1, routed)           0.835     1.291    dbg_hub/inst/BSCANID.u_xsdbm_id/CORE_XSDB.UUT_MASTER/U_ICON_INTERFACE/U_CMD6_WR/U_WR_FIFO/SUBCORE_FIFO.xsdbm_v3_0_3_wrfifo_inst/inst_fifo_gen/gconvfifo.rf/grf.rf/gntv_or_sync_fifo.gcx.clkx/gnxpm_cdc.gsync_stage[1].wr_stg_inst/Q[3]
    SLICE_X58Y36         FDCE                                         r  dbg_hub/inst/BSCANID.u_xsdbm_id/CORE_XSDB.UUT_MASTER/U_ICON_INTERFACE/U_CMD6_WR/U_WR_FIFO/SUBCORE_FIFO.xsdbm_v3_0_3_wrfifo_inst/inst_fifo_gen/gconvfifo.rf/grf.rf/gntv_or_sync_fifo.gcx.clkx/gnxpm_cdc.gsync_stage[1].wr_stg_inst/Q_reg_reg[3]/D
  -------------------------------------------------------------------    -------------------

                         max delay                   32.000    32.000    
    SLICE_X58Y36         FDCE (Setup_fdce_C_D)       -0.043    31.957    dbg_hub/inst/BSCANID.u_xsdbm_id/CORE_XSDB.UUT_MASTER/U_ICON_INTERFACE/U_CMD6_WR/U_WR_FIFO/SUBCORE_FIFO.xsdbm_v3_0_3_wrfifo_inst/inst_fifo_gen/gconvfifo.rf/grf.rf/gntv_or_sync_fifo.gcx.clkx/gnxpm_cdc.gsync_stage[1].wr_stg_inst/Q_reg_reg[3]
  -------------------------------------------------------------------
                         required time                         31.957    
                         arrival time                          -1.291    
  -------------------------------------------------------------------
                         slack                                 30.666    





---------------------------------------------------------------------------------------------------
Path Group:  **async_default**
From Clock:  clkbit_raw
  To Clock:  clkbit_raw

Setup :            0  Failing Endpoints,  Worst Slack       29.131ns,  Total Violation        0.000ns
Hold  :            0  Failing Endpoints,  Worst Slack        0.310ns,  Total Violation        0.000ns
---------------------------------------------------------------------------------------------------


Max Delay Paths
--------------------------------------------------------------------------------------
Slack (MET) :             29.131ns  (required time - arrival time)
  Source:                 dbg_hub/inst/BSCANID.u_xsdbm_id/CORE_XSDB.UUT_MASTER/U_ICON_INTERFACE/U_CMD6_RD/U_RD_FIFO/SUBCORE_FIFO.xsdbm_v3_0_3_rdfifo_inst/inst_fifo_gen/gconvfifo.rf/grf.rf/rstblk/ngwrdrst.grst.g7serrst.gwrrd_rst_sync_stage[2].wrst_inst/Q_reg_reg[0]/C
                            (rising edge-triggered cell FDRE clocked by clkbit_raw  {rise@0.000ns fall@16.000ns period=32.000ns})
  Destination:            dbg_hub/inst/BSCANID.u_xsdbm_id/CORE_XSDB.UUT_MASTER/U_ICON_INTERFACE/U_CMD6_RD/U_RD_FIFO/SUBCORE_FIFO.xsdbm_v3_0_3_rdfifo_inst/inst_fifo_gen/gconvfifo.rf/grf.rf/rstblk/ngwrdrst.grst.g7serrst.wr_rst_reg_reg[0]/PRE
                            (recovery check against rising-edge clock clkbit_raw  {rise@0.000ns fall@16.000ns period=32.000ns})
  Path Group:             **async_default**
  Path Type:              Recovery (Max at Slow Process Corner)
  Requirement:            32.000ns  (clkbit_raw rise@32.000ns - clkbit_raw rise@0.000ns)
  Data Path Delay:        2.349ns  (logic 0.718ns (30.563%)  route 1.631ns (69.437%))
  Logic Levels:           1  (LUT2=1)
  Clock Path Skew:        -0.059ns (DCD - SCD + CPR)
    Destination Clock Delay (DCD):    -1.608ns = ( 30.392 - 32.000 ) 
    Source Clock Delay      (SCD):    -0.974ns
    Clock Pessimism Removal (CPR):    0.576ns
  Clock Uncertainty:      0.101ns  ((TSJ^2 + DJ^2)^1/2) / 2 + PE
    Total System Jitter     (TSJ):    0.071ns
    Discrete Jitter          (DJ):    0.190ns
    Phase Error              (PE):    0.000ns

    Location             Delay type                Incr(ns)  Path(ns)    Netlist Resource(s)
  -------------------------------------------------------------------    -------------------
                         (clock clkbit_raw rise edge)
                                                      0.000     0.000 r  
    M19                                               0.000     0.000 r  clk50 (IN)
                         net (fo=0)                   0.000     0.000    clk50
    M19                  IBUF (Prop_ibuf_I_O)         1.436     1.436 r  clk50_IBUF_inst/O
                         net (fo=1, routed)           1.285     2.721    clk50_IBUF
    MMCME2_ADV_X1Y1      MMCME2_ADV (Prop_mmcme2_adv_CLKIN1_CLKOUT0)
                                                     -7.406    -4.685 r  u_mmcm/CLKOUT0
                         net (fo=1, routed)           1.889    -2.796    clkbit_raw
    BUFGCTRL_X0Y16       BUFG (Prop_bufg_I_O)         0.101    -2.695 r  u_bufg_0/O
                         net (fo=2468, routed)        1.721    -0.974    dbg_hub/inst/BSCANID.u_xsdbm_id/CORE_XSDB.UUT_MASTER/U_ICON_INTERFACE/U_CMD6_RD/U_RD_FIFO/SUBCORE_FIFO.xsdbm_v3_0_3_rdfifo_inst/inst_fifo_gen/gconvfifo.rf/grf.rf/rstblk/ngwrdrst.grst.g7serrst.gwrrd_rst_sync_stage[2].wrst_inst/wr_clk
    SLICE_X55Y34         FDRE                                         r  dbg_hub/inst/BSCANID.u_xsdbm_id/CORE_XSDB.UUT_MASTER/U_ICON_INTERFACE/U_CMD6_RD/U_RD_FIFO/SUBCORE_FIFO.xsdbm_v3_0_3_rdfifo_inst/inst_fifo_gen/gconvfifo.rf/grf.rf/rstblk/ngwrdrst.grst.g7serrst.gwrrd_rst_sync_stage[2].wrst_inst/Q_reg_reg[0]/C
  -------------------------------------------------------------------    -------------------
    SLICE_X55Y34         FDRE (Prop_fdre_C_Q)         0.419    -0.555 r  dbg_hub/inst/BSCANID.u_xsdbm_id/CORE_XSDB.UUT_MASTER/U_ICON_INTERFACE/U_CMD6_RD/U_RD_FIFO/SUBCORE_FIFO.xsdbm_v3_0_3_rdfifo_inst/inst_fifo_gen/gconvfifo.rf/grf.rf/rstblk/ngwrdrst.grst.g7serrst.gwrrd_rst_sync_stage[2].wrst_inst/Q_reg_reg[0]/Q
                         net (fo=1, routed)           0.863     0.308    dbg_hub/inst/BSCANID.u_xsdbm_id/CORE_XSDB.UUT_MASTER/U_ICON_INTERFACE/U_CMD6_RD/U_RD_FIFO/SUBCORE_FIFO.xsdbm_v3_0_3_rdfifo_inst/inst_fifo_gen/gconvfifo.rf/grf.rf/rstblk/ngwrdrst.grst.g7serrst.gwrrd_rst_sync_stage[2].wrst_inst/Q_reg
    SLICE_X54Y34         LUT2 (Prop_lut2_I1_O)        0.299     0.607 f  dbg_hub/inst/BSCANID.u_xsdbm_id/CORE_XSDB.UUT_MASTER/U_ICON_INTERFACE/U_CMD6_RD/U_RD_FIFO/SUBCORE_FIFO.xsdbm_v3_0_3_rdfifo_inst/inst_fifo_gen/gconvfifo.rf/grf.rf/rstblk/ngwrdrst.grst.g7serrst.gwrrd_rst_sync_stage[2].wrst_inst/ngwrdrst.grst.g7serrst.wr_rst_reg[2]_i_1/O
                         net (fo=3, routed)           0.769     1.376    dbg_hub/inst/BSCANID.u_xsdbm_id/CORE_XSDB.UUT_MASTER/U_ICON_INTERFACE/U_CMD6_RD/U_RD_FIFO/SUBCORE_FIFO.xsdbm_v3_0_3_rdfifo_inst/inst_fifo_gen/gconvfifo.rf/grf.rf/rstblk/wr_rst_comb
    SLICE_X57Y33         FDPE                                         f  dbg_hub/inst/BSCANID.u_xsdbm_id/CORE_XSDB.UUT_MASTER/U_ICON_INTERFACE/U_CMD6_RD/U_RD_FIFO/SUBCORE_FIFO.xsdbm_v3_0_3_rdfifo_inst/inst_fifo_gen/gconvfifo.rf/grf.rf/rstblk/ngwrdrst.grst.g7serrst.wr_rst_reg_reg[0]/PRE
  -------------------------------------------------------------------    -------------------

                         (clock clkbit_raw rise edge)
                                                     32.000    32.000 r  
    M19                                               0.000    32.000 r  clk50 (IN)
                         net (fo=0)                   0.000    32.000    clk50
    M19                  IBUF (Prop_ibuf_I_O)         1.366    33.366 r  clk50_IBUF_inst/O
                         net (fo=1, routed)           1.162    34.528    clk50_IBUF
    MMCME2_ADV_X1Y1      MMCME2_ADV (Prop_mmcme2_adv_CLKIN1_CLKOUT0)
                                                     -7.500    27.028 r  u_mmcm/CLKOUT0
                         net (fo=1, routed)           1.725    28.753    clkbit_raw
    BUFGCTRL_X0Y16       BUFG (Prop_bufg_I_O)         0.091    28.844 r  u_bufg_0/O
                         net (fo=2468, routed)        1.547    30.392    dbg_hub/inst/BSCANID.u_xsdbm_id/CORE_XSDB.UUT_MASTER/U_ICON_INTERFACE/U_CMD6_RD/U_RD_FIFO/SUBCORE_FIFO.xsdbm_v3_0_3_rdfifo_inst/inst_fifo_gen/gconvfifo.rf/grf.rf/rstblk/wr_clk
    SLICE_X57Y33         FDPE                                         r  dbg_hub/inst/BSCANID.u_xsdbm_id/CORE_XSDB.UUT_MASTER/U_ICON_INTERFACE/U_CMD6_RD/U_RD_FIFO/SUBCORE_FIFO.xsdbm_v3_0_3_rdfifo_inst/inst_fifo_gen/gconvfifo.rf/grf.rf/rstblk/ngwrdrst.grst.g7serrst.wr_rst_reg_reg[0]/C
                         clock pessimism              0.576    30.967    
                         clock uncertainty           -0.101    30.866    
    SLICE_X57Y33         FDPE (Recov_fdpe_C_PRE)     -0.359    30.507    dbg_hub/inst/BSCANID.u_xsdbm_id/CORE_XSDB.UUT_MASTER/U_ICON_INTERFACE/U_CMD6_RD/U_RD_FIFO/SUBCORE_FIFO.xsdbm_v3_0_3_rdfifo_inst/inst_fifo_gen/gconvfifo.rf/grf.rf/rstblk/ngwrdrst.grst.g7serrst.wr_rst_reg_reg[0]
  -------------------------------------------------------------------
                         required time                         30.507    
                         arrival time                          -1.376    
  -------------------------------------------------------------------
                         slack                                 29.131    





Min Delay Paths
--------------------------------------------------------------------------------------
Slack (MET) :             0.310ns  (arrival time - required time)
  Source:                 dbg_hub/inst/BSCANID.u_xsdbm_id/CORE_XSDB.UUT_MASTER/U_XSDB_BUS_CONTROLLER/clr_rd_req_reg/C
                            (rising edge-triggered cell FDCE clocked by clkbit_raw  {rise@0.000ns fall@16.000ns period=32.000ns})
  Destination:            dbg_hub/inst/BSCANID.u_xsdbm_id/CORE_XSDB.UUT_MASTER/U_XSDB_BUS_CONTROLLER/U_RD_REQ_FLAG/G_POS_EDGE.flag_reg/CLR
                            (removal check against rising-edge clock clkbit_raw  {rise@0.000ns fall@16.000ns period=32.000ns})
  Path Group:             **async_default**
  Path Type:              Removal (Min at Fast Process Corner)
  Requirement:            0.000ns  (clkbit_raw rise@0.000ns - clkbit_raw rise@0.000ns)
  Data Path Delay:        0.258ns  (logic 0.141ns (54.725%)  route 0.117ns (45.275%))
  Logic Levels:           0  
  Clock Path Skew:        0.015ns (DCD - SCD - CPR)
    Destination Clock Delay (DCD):    -0.906ns
    Source Clock Delay      (SCD):    -0.663ns
    Clock Pessimism Removal (CPR):    -0.258ns

    Location             Delay type                Incr(ns)  Path(ns)    Netlist Resource(s)
  -------------------------------------------------------------------    -------------------
                         (clock clkbit_raw rise edge)
                                                      0.000     0.000 r  
    M19                                               0.000     0.000 r  clk50 (IN)
                         net (fo=0)                   0.000     0.000    clk50
    M19                  IBUF (Prop_ibuf_I_O)         0.205     0.205 r  clk50_IBUF_inst/O
                         net (fo=1, routed)           0.440     0.645    clk50_IBUF
    MMCME2_ADV_X1Y1      MMCME2_ADV (Prop_mmcme2_adv_CLKIN1_CLKOUT0)
                                                     -2.444    -1.799 r  u_mmcm/CLKOUT0
                         net (fo=1, routed)           0.529    -1.270    clkbit_raw
    BUFGCTRL_X0Y16       BUFG (Prop_bufg_I_O)         0.026    -1.244 r  u_bufg_0/O
                         net (fo=2468, routed)        0.581    -0.663    dbg_hub/inst/BSCANID.u_xsdbm_id/CORE_XSDB.UUT_MASTER/U_XSDB_BUS_CONTROLLER/clk
    SLICE_X61Y36         FDCE                                         r  dbg_hub/inst/BSCANID.u_xsdbm_id/CORE_XSDB.UUT_MASTER/U_XSDB_BUS_CONTROLLER/clr_rd_req_reg/C
  -------------------------------------------------------------------    -------------------
    SLICE_X61Y36         FDCE (Prop_fdce_C_Q)         0.141    -0.522 f  dbg_hub/inst/BSCANID.u_xsdbm_id/CORE_XSDB.UUT_MASTER/U_XSDB_BUS_CONTROLLER/clr_rd_req_reg/Q
                         net (fo=2, routed)           0.117    -0.406    dbg_hub/inst/BSCANID.u_xsdbm_id/CORE_XSDB.UUT_MASTER/U_XSDB_BUS_CONTROLLER/U_RD_REQ_FLAG/clr_rd_req
    SLICE_X62Y36         FDCE                                         f  dbg_hub/inst/BSCANID.u_xsdbm_id/CORE_XSDB.UUT_MASTER/U_XSDB_BUS_CONTROLLER/U_RD_REQ_FLAG/G_POS_EDGE.flag_reg/CLR
  -------------------------------------------------------------------    -------------------

                         (clock clkbit_raw rise edge)
                                                      0.000     0.000 r  
    M19                                               0.000     0.000 r  clk50 (IN)
                         net (fo=0)                   0.000     0.000    clk50
    M19                  IBUF (Prop_ibuf_I_O)         0.392     0.392 r  clk50_IBUF_inst/O
                         net (fo=1, routed)           0.480     0.872    clk50_IBUF
    MMCME2_ADV_X1Y1      MMCME2_ADV (Prop_mmcme2_adv_CLKIN1_CLKOUT0)
                                                     -3.231    -2.359 r  u_mmcm/CLKOUT0
                         net (fo=1, routed)           0.576    -1.783    clkbit_raw
    BUFGCTRL_X0Y16       BUFG (Prop_bufg_I_O)         0.029    -1.754 r  u_bufg_0/O
                         net (fo=2468, routed)        0.848    -0.906    dbg_hub/inst/BSCANID.u_xsdbm_id/CORE_XSDB.UUT_MASTER/U_XSDB_BUS_CONTROLLER/U_RD_REQ_FLAG/clk
    SLICE_X62Y36         FDCE                                         r  dbg_hub/inst/BSCANID.u_xsdbm_id/CORE_XSDB.UUT_MASTER/U_XSDB_BUS_CONTROLLER/U_RD_REQ_FLAG/G_POS_EDGE.flag_reg/C
                         clock pessimism              0.258    -0.648    
    SLICE_X62Y36         FDCE (Remov_fdce_C_CLR)     -0.067    -0.715    dbg_hub/inst/BSCANID.u_xsdbm_id/CORE_XSDB.UUT_MASTER/U_XSDB_BUS_CONTROLLER/U_RD_REQ_FLAG/G_POS_EDGE.flag_reg
  -------------------------------------------------------------------
                         required time                          0.715    
                         arrival time                          -0.406    
  -------------------------------------------------------------------
                         slack                                  0.310    





---------------------------------------------------------------------------------------------------
Path Group:  **async_default**
From Clock:  dbg_hub/inst/BSCANID.u_xsdbm_id/SWITCH_N_EXT_BSCAN.bscan_inst/SERIES7_BSCAN.bscan_inst/TCK
  To Clock:  dbg_hub/inst/BSCANID.u_xsdbm_id/SWITCH_N_EXT_BSCAN.bscan_inst/SERIES7_BSCAN.bscan_inst/TCK

Setup :            0  Failing Endpoints,  Worst Slack       28.580ns,  Total Violation        0.000ns
Hold  :            0  Failing Endpoints,  Worst Slack        0.334ns,  Total Violation        0.000ns
---------------------------------------------------------------------------------------------------


Max Delay Paths
--------------------------------------------------------------------------------------
Slack (MET) :             28.580ns  (required time - arrival time)
  Source:                 dbg_hub/inst/BSCANID.u_xsdbm_id/SWITCH_N_EXT_BSCAN.bscan_switch/portno_reg[1]/C
                            (rising edge-triggered cell FDRE clocked by dbg_hub/inst/BSCANID.u_xsdbm_id/SWITCH_N_EXT_BSCAN.bscan_inst/SERIES7_BSCAN.bscan_inst/TCK  {rise@0.000ns fall@16.500ns period=33.000ns})
  Destination:            dbg_hub/inst/BSCANID.u_xsdbm_id/CORE_XSDB.U_ICON/U_CMD/iTARGET_reg[10]/CLR
                            (recovery check against rising-edge clock dbg_hub/inst/BSCANID.u_xsdbm_id/SWITCH_N_EXT_BSCAN.bscan_inst/SERIES7_BSCAN.bscan_inst/TCK  {rise@0.000ns fall@16.500ns period=33.000ns})
  Path Group:             **async_default**
  Path Type:              Recovery (Max at Slow Process Corner)
  Requirement:            33.000ns  (dbg_hub/inst/BSCANID.u_xsdbm_id/SWITCH_N_EXT_BSCAN.bscan_inst/SERIES7_BSCAN.bscan_inst/TCK rise@33.000ns - dbg_hub/inst/BSCANID.u_xsdbm_id/SWITCH_N_EXT_BSCAN.bscan_inst/SERIES7_BSCAN.bscan_inst/TCK rise@0.000ns)
  Data Path Delay:        3.952ns  (logic 1.056ns (26.719%)  route 2.896ns (73.281%))
  Logic Levels:           3  (LUT1=1 LUT4=1 LUT6=1)
  Clock Path Skew:        -0.027ns (DCD - SCD + CPR)
    Destination Clock Delay (DCD):    3.638ns = ( 36.638 - 33.000 ) 
    Source Clock Delay      (SCD):    4.137ns
    Clock Pessimism Removal (CPR):    0.472ns
  Clock Uncertainty:      0.035ns  ((TSJ^2 + TIJ^2)^1/2 + DJ) / 2 + PE
    Total System Jitter     (TSJ):    0.071ns
    Total Input Jitter      (TIJ):    0.000ns
    Discrete Jitter          (DJ):    0.000ns
    Phase Error              (PE):    0.000ns

    Location             Delay type                Incr(ns)  Path(ns)    Netlist Resource(s)
  -------------------------------------------------------------------    -------------------
                         (clock dbg_hub/inst/BSCANID.u_xsdbm_id/SWITCH_N_EXT_BSCAN.bscan_inst/SERIES7_BSCAN.bscan_inst/TCK rise edge)
                                                      0.000     0.000 r  
    BSCAN_X0Y0           BSCANE2                      0.000     0.000 r  dbg_hub/inst/BSCANID.u_xsdbm_id/SWITCH_N_EXT_BSCAN.bscan_inst/SERIES7_BSCAN.bscan_inst/TCK
                         net (fo=1, routed)           2.306     2.306    dbg_hub/inst/BSCANID.u_xsdbm_id/tck_bs
    BUFGCTRL_X0Y0        BUFG (Prop_bufg_I_O)         0.101     2.407 r  dbg_hub/inst/BSCANID.u_xsdbm_id/SWITCH_N_EXT_BSCAN.u_bufg_icon_tck/O
                         net (fo=482, routed)         1.730     4.137    dbg_hub/inst/BSCANID.u_xsdbm_id/SWITCH_N_EXT_BSCAN.bscan_switch/s_bscan_tck
    SLICE_X67Y47         FDRE                                         r  dbg_hub/inst/BSCANID.u_xsdbm_id/SWITCH_N_EXT_BSCAN.bscan_switch/portno_reg[1]/C
  -------------------------------------------------------------------    -------------------
    SLICE_X67Y47         FDRE (Prop_fdre_C_Q)         0.456     4.593 f  dbg_hub/inst/BSCANID.u_xsdbm_id/SWITCH_N_EXT_BSCAN.bscan_switch/portno_reg[1]/Q
                         net (fo=1, routed)           0.820     5.413    dbg_hub/inst/BSCANID.u_xsdbm_id/SWITCH_N_EXT_BSCAN.bscan_switch/portno[1]
    SLICE_X66Y47         LUT6 (Prop_lut6_I3_O)        0.124     5.537 f  dbg_hub/inst/BSCANID.u_xsdbm_id/SWITCH_N_EXT_BSCAN.bscan_switch/m_bscan_drck[0]_INST_0_i_1/O
                         net (fo=5, routed)           0.831     6.369    dbg_hub/inst/BSCANID.u_xsdbm_id/SWITCH_N_EXT_BSCAN.bscan_switch/m_bscan_drck[0]_INST_0_i_1_n_0
    SLICE_X66Y43         LUT4 (Prop_lut4_I3_O)        0.148     6.517 r  dbg_hub/inst/BSCANID.u_xsdbm_id/SWITCH_N_EXT_BSCAN.bscan_switch/m_bscan_sel[0]_INST_0/O
                         net (fo=2, routed)           0.483     7.000    dbg_hub/inst/BSCANID.u_xsdbm_id/CORE_XSDB.U_ICON/U_CMD/iTARGET_reg[6]_0
    SLICE_X66Y43         LUT1 (Prop_lut1_I0_O)        0.328     7.328 f  dbg_hub/inst/BSCANID.u_xsdbm_id/CORE_XSDB.U_ICON/U_CMD/iTARGET[15]_i_2/O
                         net (fo=10, routed)          0.761     8.089    dbg_hub/inst/BSCANID.u_xsdbm_id/CORE_XSDB.U_ICON/U_CMD/iSEL_n
    SLICE_X64Y42         FDCE                                         f  dbg_hub/inst/BSCANID.u_xsdbm_id/CORE_XSDB.U_ICON/U_CMD/iTARGET_reg[10]/CLR
  -------------------------------------------------------------------    -------------------

                         (clock dbg_hub/inst/BSCANID.u_xsdbm_id/SWITCH_N_EXT_BSCAN.bscan_inst/SERIES7_BSCAN.bscan_inst/TCK rise edge)
                                                     33.000    33.000 r  
    BSCAN_X0Y0           BSCANE2                      0.000    33.000 r  dbg_hub/inst/BSCANID.u_xsdbm_id/SWITCH_N_EXT_BSCAN.bscan_inst/SERIES7_BSCAN.bscan_inst/TCK
                         net (fo=1, routed)           1.994    34.994    dbg_hub/inst/BSCANID.u_xsdbm_id/tck_bs
    BUFGCTRL_X0Y0        BUFG (Prop_bufg_I_O)         0.091    35.085 r  dbg_hub/inst/BSCANID.u_xsdbm_id/SWITCH_N_EXT_BSCAN.u_bufg_icon_tck/O
                         net (fo=482, routed)         1.553    36.638    dbg_hub/inst/BSCANID.u_xsdbm_id/CORE_XSDB.U_ICON/U_CMD/m_bscan_tck[0]
    SLICE_X64Y42         FDCE                                         r  dbg_hub/inst/BSCANID.u_xsdbm_id/CORE_XSDB.U_ICON/U_CMD/iTARGET_reg[10]/C
                         clock pessimism              0.472    37.110    
                         clock uncertainty           -0.035    37.075    
    SLICE_X64Y42         FDCE (Recov_fdce_C_CLR)     -0.405    36.670    dbg_hub/inst/BSCANID.u_xsdbm_id/CORE_XSDB.U_ICON/U_CMD/iTARGET_reg[10]
  -------------------------------------------------------------------
                         required time                         36.670    
                         arrival time                          -8.089    
  -------------------------------------------------------------------
                         slack                                 28.580    





Min Delay Paths
--------------------------------------------------------------------------------------
Slack (MET) :             0.334ns  (arrival time - required time)
  Source:                 dbg_hub/inst/BSCANID.u_xsdbm_id/CORE_XSDB.UUT_MASTER/U_ICON_INTERFACE/U_CMD6_WR/U_WR_FIFO/SUBCORE_FIFO.xsdbm_v3_0_3_wrfifo_inst/inst_fifo_gen/gconvfifo.rf/grf.rf/rstblk/ngwrdrst.grst.g7serrst.wr_rst_reg_reg[1]/C
                            (rising edge-triggered cell FDPE clocked by dbg_hub/inst/BSCANID.u_xsdbm_id/SWITCH_N_EXT_BSCAN.bscan_inst/SERIES7_BSCAN.bscan_inst/TCK  {rise@0.000ns fall@16.500ns period=33.000ns})
  Destination:            dbg_hub/inst/BSCANID.u_xsdbm_id/CORE_XSDB.UUT_MASTER/U_ICON_INTERFACE/U_CMD6_WR/U_WR_FIFO/SUBCORE_FIFO.xsdbm_v3_0_3_wrfifo_inst/inst_fifo_gen/gconvfifo.rf/grf.rf/gntv_or_sync_fifo.gl0.wr/wpntr/gic0.gc0.count_d1_reg[1]/CLR
                            (removal check against rising-edge clock dbg_hub/inst/BSCANID.u_xsdbm_id/SWITCH_N_EXT_BSCAN.bscan_inst/SERIES7_BSCAN.bscan_inst/TCK  {rise@0.000ns fall@16.500ns period=33.000ns})
  Path Group:             **async_default**
  Path Type:              Removal (Min at Fast Process Corner)
  Requirement:            0.000ns  (dbg_hub/inst/BSCANID.u_xsdbm_id/SWITCH_N_EXT_BSCAN.bscan_inst/SERIES7_BSCAN.bscan_inst/TCK rise@0.000ns - dbg_hub/inst/BSCANID.u_xsdbm_id/SWITCH_N_EXT_BSCAN.bscan_inst/SERIES7_BSCAN.bscan_inst/TCK rise@0.000ns)
  Data Path Delay:        0.256ns  (logic 0.141ns (54.976%)  route 0.115ns (45.024%))
  Logic Levels:           0  
  Clock Path Skew:        0.014ns (DCD - SCD - CPR)
    Destination Clock Delay (DCD):    2.033ns
    Source Clock Delay      (SCD):    1.630ns
    Clock Pessimism Removal (CPR):    0.388ns

    Location             Delay type                Incr(ns)  Path(ns)    Netlist Resource(s)
  -------------------------------------------------------------------    -------------------
                         (clock dbg_hub/inst/BSCANID.u_xsdbm_id/SWITCH_N_EXT_BSCAN.bscan_inst/SERIES7_BSCAN.bscan_inst/TCK rise edge)
                                                      0.000     0.000 r  
    BSCAN_X0Y0           BSCANE2                      0.000     0.000 r  dbg_hub/inst/BSCANID.u_xsdbm_id/SWITCH_N_EXT_BSCAN.bscan_inst/SERIES7_BSCAN.bscan_inst/TCK
                         net (fo=1, routed)           1.028     1.028    dbg_hub/inst/BSCANID.u_xsdbm_id/tck_bs
    BUFGCTRL_X0Y0        BUFG (Prop_bufg_I_O)         0.026     1.054 r  dbg_hub/inst/BSCANID.u_xsdbm_id/SWITCH_N_EXT_BSCAN.u_bufg_icon_tck/O
                         net (fo=482, routed)         0.577     1.630    dbg_hub/inst/BSCANID.u_xsdbm_id/CORE_XSDB.UUT_MASTER/U_ICON_INTERFACE/U_CMD6_WR/U_WR_FIFO/SUBCORE_FIFO.xsdbm_v3_0_3_wrfifo_inst/inst_fifo_gen/gconvfifo.rf/grf.rf/rstblk/wr_clk
    SLICE_X57Y34         FDPE                                         r  dbg_hub/inst/BSCANID.u_xsdbm_id/CORE_XSDB.UUT_MASTER/U_ICON_INTERFACE/U_CMD6_WR/U_WR_FIFO/SUBCORE_FIFO.xsdbm_v3_0_3_wrfifo_inst/inst_fifo_gen/gconvfifo.rf/grf.rf/rstblk/ngwrdrst.grst.g7serrst.wr_rst_reg_reg[1]/C
  -------------------------------------------------------------------    -------------------
    SLICE_X57Y34         FDPE (Prop_fdpe_C_Q)         0.141     1.771 f  dbg_hub/inst/BSCANID.u_xsdbm_id/CORE_XSDB.UUT_MASTER/U_ICON_INTERFACE/U_CMD6_WR/U_WR_FIFO/SUBCORE_FIFO.xsdbm_v3_0_3_wrfifo_inst/inst_fifo_gen/gconvfifo.rf/grf.rf/rstblk/ngwrdrst.grst.g7serrst.wr_rst_reg_reg[1]/Q
                         net (fo=12, routed)          0.115     1.887    dbg_hub/inst/BSCANID.u_xsdbm_id/CORE_XSDB.UUT_MASTER/U_ICON_INTERFACE/U_CMD6_WR/U_WR_FIFO/SUBCORE_FIFO.xsdbm_v3_0_3_wrfifo_inst/inst_fifo_gen/gconvfifo.rf/grf.rf/gntv_or_sync_fifo.gl0.wr/wpntr/gic0.gc0.count_reg[0]_0[0]
    SLICE_X59Y34         FDCE                                         f  dbg_hub/inst/BSCANID.u_xsdbm_id/CORE_XSDB.UUT_MASTER/U_ICON_INTERFACE/U_CMD6_WR/U_WR_FIFO/SUBCORE_FIFO.xsdbm_v3_0_3_wrfifo_inst/inst_fifo_gen/gconvfifo.rf/grf.rf/gntv_or_sync_fifo.gl0.wr/wpntr/gic0.gc0.count_d1_reg[1]/CLR
  -------------------------------------------------------------------    -------------------

                         (clock dbg_hub/inst/BSCANID.u_xsdbm_id/SWITCH_N_EXT_BSCAN.bscan_inst/SERIES7_BSCAN.bscan_inst/TCK rise edge)
                                                      0.000     0.000 r  
    BSCAN_X0Y0           BSCANE2                      0.000     0.000 r  dbg_hub/inst/BSCANID.u_xsdbm_id/SWITCH_N_EXT_BSCAN.bscan_inst/SERIES7_BSCAN.bscan_inst/TCK
                         net (fo=1, routed)           1.160     1.160    dbg_hub/inst/BSCANID.u_xsdbm_id/tck_bs
    BUFGCTRL_X0Y0        BUFG (Prop_bufg_I_O)         0.029     1.189 r  dbg_hub/inst/BSCANID.u_xsdbm_id/SWITCH_N_EXT_BSCAN.u_bufg_icon_tck/O
                         net (fo=482, routed)         0.844     2.033    dbg_hub/inst/BSCANID.u_xsdbm_id/CORE_XSDB.UUT_MASTER/U_ICON_INTERFACE/U_CMD6_WR/U_WR_FIFO/SUBCORE_FIFO.xsdbm_v3_0_3_wrfifo_inst/inst_fifo_gen/gconvfifo.rf/grf.rf/gntv_or_sync_fifo.gl0.wr/wpntr/wr_clk
    SLICE_X59Y34         FDCE                                         r  dbg_hub/inst/BSCANID.u_xsdbm_id/CORE_XSDB.UUT_MASTER/U_ICON_INTERFACE/U_CMD6_WR/U_WR_FIFO/SUBCORE_FIFO.xsdbm_v3_0_3_wrfifo_inst/inst_fifo_gen/gconvfifo.rf/grf.rf/gntv_or_sync_fifo.gl0.wr/wpntr/gic0.gc0.count_d1_reg[1]/C
                         clock pessimism             -0.388     1.644    
    SLICE_X59Y34         FDCE (Remov_fdce_C_CLR)     -0.092     1.552    dbg_hub/inst/BSCANID.u_xsdbm_id/CORE_XSDB.UUT_MASTER/U_ICON_INTERFACE/U_CMD6_WR/U_WR_FIFO/SUBCORE_FIFO.xsdbm_v3_0_3_wrfifo_inst/inst_fifo_gen/gconvfifo.rf/grf.rf/gntv_or_sync_fifo.gl0.wr/wpntr/gic0.gc0.count_d1_reg[1]
  -------------------------------------------------------------------
                         required time                         -1.552    
                         arrival time                           1.887    
  -------------------------------------------------------------------
                         slack                                  0.334    





